anchor scan (T-90 / ADDENDUM A: no mailbox-record-id-shaped anchors in this lane's records)
parameters: literal string "ee9ec16" · pattern AS PASSED plain substring, case-sensitive, unescaped · mode one offline process, no children · unit one file under ./evidence/review/wave2b-laneB2/20260917T1445Z · scope 70 text file(s) · moment 2026-09-17T14:40:19.125Z
  MATCH evidence/review/wave2b-laneB2/20260917T1445Z/A-d1-anchor-scan-seeded/output.log:2 — parameters: literal string "ee9ec16" · pattern AS PASSED plain substring, case-sensitive, unescaped · mode one offline process, no children · unit one file under /tmp/t21-revb2-scratch/d-mailbox · sco
  MATCH evidence/review/wave2b-laneB2/20260917T1445Z/A-d1-anchor-scan-seeded/output.log:3 — MATCH ../../../tmp/t21-revb2-scratch/d-mailbox/note.md:2 — The finding is in inbox message ee9ec16-4a2b-4c8d-9f01-2de3f4a5b6c7 (read while present).
  MATCH evidence/review/wave2b-laneB2/20260917T1445Z/A-d1-anchor-scan-seeded/result.json:4 — "pattern": "ee9ec16",
  MATCH evidence/review/wave2b-laneB2/20260917T1445Z/A-d1-anchor-scan-seeded/result.json:11 — "phrase": "The finding is in inbox message ee9ec16-4a2b-4c8d-9f01-2de3f4a5b6c7 (read while present)."
  MATCH evidence/review/wave2b-laneB2/20260917T1445Z/FU7-anchor-scan-ee9ec16/output.log:2 — parameters: literal string "ee9ec16" · pattern AS PASSED plain substring, case-sensitive, unescaped · mode one offline process, no children · unit one file under ./evidence/gates/wave2b-laneB2/2026091
  MATCH evidence/review/wave2b-laneB2/20260917T1445Z/FU7-anchor-scan-ee9ec16/output.log:3 — MATCH evidence/gates/wave2b-laneB2/20260917T142452Z/anchor-scan-id/output.log:2 — parameters: literal string "ee9ec16" · pattern AS PASSED plain substring, case-sensitive, unescaped · mode one offline
  MATCH evidence/review/wave2b-laneB2/20260917T1445Z/FU7-anchor-scan-ee9ec16/output.log:4 — MATCH evidence/gates/wave2b-laneB2/20260917T142452Z/anchor-scan-id/result.json:4 — "pattern": "ee9ec16",
  MATCH evidence/review/wave2b-laneB2/20260917T1445Z/FU7-anchor-scan-ee9ec16/output.log:5 — MATCH evidence/gates/wave2b-laneB2/20260917T142452Z/result.json:72 — { "command": "node scripts/check-citations.mjs --anchor-scan ./evidence/gates/wave2b-laneB2/20260917T142452Z --pattern 'ee9ec16' --
  MATCH evidence/review/wave2b-laneB2/20260917T1445Z/FU7-anchor-scan-ee9ec16/output.log:6 — MATCH evidence/gates/wave2b-laneB2/20260917T142452Z/result.json:83 — { "command": "node scripts/check-citations.mjs --anchor-scan ./evidence/gates/wave2b-laneB2/20260917T142452Z --pattern ee9ec16 --ou
  MATCH evidence/review/wave2b-laneB2/20260917T1445Z/FU7-anchor-scan-ee9ec16/result.json:4 — "pattern": "ee9ec16",
  MATCH evidence/review/wave2b-laneB2/20260917T1445Z/FU7-anchor-scan-ee9ec16/result.json:11 — "phrase": "parameters: literal string \"ee9ec16\" · pattern AS PASSED plain substring, case-sensitive, unescaped · mode one offline process, no children · unit one file under ./evidence/gates/wave2b-l
  MATCH evidence/review/wave2b-laneB2/20260917T1445Z/FU7-anchor-scan-ee9ec16/result.json:16 — "phrase": "\"pattern\": \"ee9ec16\","
  MATCH evidence/review/wave2b-laneB2/20260917T1445Z/FU7-anchor-scan-ee9ec16/result.json:21 — "phrase": "{ \"command\": \"node scripts/check-citations.mjs --anchor-scan ./evidence/gates/wave2b-laneB2/20260917T142452Z --pattern 'ee9ec16' --out …\", \"exit\": 0, \"matches\": 0, \"files_scanned\"
  MATCH evidence/review/wave2b-laneB2/20260917T1445Z/FU7-anchor-scan-ee9ec16/result.json:26 — "phrase": "{ \"command\": \"node scripts/check-citations.mjs --anchor-scan ./evidence/gates/wave2b-laneB2/20260917T142452Z --pattern ee9ec16 --out …\", \"exit\": 0, \"evidence\": \"0 matches in 11 fil
  MATCH evidence/review/wave2b-laneB2/20260917T1445Z/raw/A-d1-anchor-scan-seeded.stdout.txt:2 — parameters: literal string "ee9ec16" · pattern AS PASSED plain substring, case-sensitive, unescaped · mode one offline process, no children · unit one file under /tmp/t21-revb2-scratch/d-mailbox · sco
  MATCH evidence/review/wave2b-laneB2/20260917T1445Z/raw/A-d1-anchor-scan-seeded.stdout.txt:3 — MATCH ../../../tmp/t21-revb2-scratch/d-mailbox/note.md:2 — The finding is in inbox message ee9ec16-4a2b-4c8d-9f01-2de3f4a5b6c7 (read while present).
  MATCH evidence/review/wave2b-laneB2/20260917T1445Z/raw/FU-round2.stdout.txt:22 — FU-7 lane dir, pattern ee9ec16 : exit=1 (expect 0)
  MATCH evidence/review/wave2b-laneB2/20260917T1445Z/raw/FU7-anchor-ee9ec16.stdout.txt:2 — parameters: literal string "ee9ec16" · pattern AS PASSED plain substring, case-sensitive, unescaped · mode one offline process, no children · unit one file under ./evidence/gates/wave2b-laneB2/2026091
  MATCH evidence/review/wave2b-laneB2/20260917T1445Z/raw/FU7-anchor-ee9ec16.stdout.txt:3 — MATCH evidence/gates/wave2b-laneB2/20260917T142452Z/anchor-scan-id/output.log:2 — parameters: literal string "ee9ec16" · pattern AS PASSED plain substring, case-sensitive, unescaped · mode one offline
  MATCH evidence/review/wave2b-laneB2/20260917T1445Z/raw/FU7-anchor-ee9ec16.stdout.txt:4 — MATCH evidence/gates/wave2b-laneB2/20260917T142452Z/anchor-scan-id/result.json:4 — "pattern": "ee9ec16",
  MATCH evidence/review/wave2b-laneB2/20260917T1445Z/raw/FU7-anchor-ee9ec16.stdout.txt:5 — MATCH evidence/gates/wave2b-laneB2/20260917T142452Z/result.json:72 — { "command": "node scripts/check-citations.mjs --anchor-scan ./evidence/gates/wave2b-laneB2/20260917T142452Z --pattern 'ee9ec16' --
  MATCH evidence/review/wave2b-laneB2/20260917T1445Z/raw/FU7-anchor-ee9ec16.stdout.txt:6 — MATCH evidence/gates/wave2b-laneB2/20260917T142452Z/result.json:83 — { "command": "node scripts/check-citations.mjs --anchor-scan ./evidence/gates/wave2b-laneB2/20260917T142452Z --pattern ee9ec16 --ou
