[mpd-qa:(only)] runner start manifest=skills/dsh-qa/cases.json sha256=54585caba9a5 lanes=1 evidence=evidence/dsh-qa/full-sweep/t26-attempt7/c4b-bundle-lifecycle-serial
[mpd-qa:(only)] PASS case=bundle-lifecycle evidence=evidence/dsh-qa/bundle-lifecycle/2026-09-17T04-41-04.634Z log=evidence/dsh-qa/full-sweep/t26-attempt7/c4b-bundle-lifecycle-serial/lanes/bundle-lifecycle.log ms=18976
[mpd-qa:(only)] summary selected=1 pass=1 unavailable=0 fail=0
[mpd-qa:(only)] evidence -> evidence/dsh-qa/full-sweep/t26-attempt7/c4b-bundle-lifecycle-serial
[mpd-qa:(only)] exit 0 (0=all green, 2=some unavailable, 1=some failed, 3=runner error)
{
  "runner": "scripts/run-qa-lanes.mjs",
  "root": "/root/dshProj/my-power-dsh",
  "manifest": "skills/dsh-qa/cases.json",
  "manifestSha256": "54585caba9a571324be85daeae09373622c173dcb660c7d409a0a2d987eebf9e",
  "suite": "(only)",
  "selected": 1,
  "startedAt": "2026-09-17T04:41:04.591Z",
  "finishedAt": "2026-09-17T04:41:23.570Z",
  "durationMs": 18979,
  "complete": true,
  "exitCodes": {
    "allGreen": 0,
    "someUnavailable": 2,
    "someFailed": 1,
    "runnerError": 3
  },
  "drift": {
    "unlistedScripts": [],
    "missingScripts": []
  },
  "lanes": [
    {
      "case": "bundle-lifecycle",
      "kind": "lane",
      "verdict": "pass",
      "reason": null,
      "note": null,
      "exitCode": 0,
      "signal": null,
      "durationMs": 18976,
      "command": "bun skills/dsh-qa/scripts/bundle-lifecycle.mjs --no-skip",
      "script": "skills/dsh-qa/scripts/bundle-lifecycle.mjs",
      "marker": null,
      "signature": null,
      "alsoDetected": [],
      "declaredPrereq": [],
      "evidencePath": "evidence/dsh-qa/bundle-lifecycle/2026-09-17T04-41-04.634Z",
      "logPath": "evidence/dsh-qa/full-sweep/t26-attempt7/c4b-bundle-lifecycle-serial/lanes/bundle-lifecycle.log",
      "outputTail": [],
      "suite": "(only)"
    }
  ],
  "counts": {
    "pass": 1,
    "unavailable": 0,
    "fail": 0
  },
  "exitCode": 0
}
[c4b exit=0] 2026-09-17T04:41:23Z
