bun test v1.3.14 (0d9b296a)

evidence/review/t12-lane-a/20260917T080041Z/revert/T62-full/packages/mpd-agent-teams-plugin/self-fix-tests/registry-context-heal.test.mjs:
(pass) t2: strip-healing ALL adopted files from the same state is byte-identical [330.97ms]
(pass) t2: a stripped tools.js heals byte-for-byte and the task-contract region lands at its canonical line [200.99ms]
(pass) t2: quality-gates.js strip-heal stays byte-identical (no trade between the two files) [151.65ms]
(pass) t2: a region heals to its canonical position under partial insertion histories [3560.64ms]
(pass) t2: every colliding pair is a real prefix collision (the fixture is meaningful) [5.36ms]
(pass) t2: a nested colliding pair resolves the OUTER region to its OWN end marker [0.24ms]
(pass) t2: intact control — the resolved span equals the independently grepped lines [6.03ms]
(pass) t2: a dangling outer END marker is a partially stripped region, never a half-open pair [30.74ms]
(pass) t2: a dangling outer BEGIN marker is a partially stripped region, never a half-open pair [36.19ms]
(pass) t2: --write re-brackets a partially stripped region byte-faithfully (both dangling shapes) [890.63ms]
(pass) t2: the registry carries context pairs and no line-keyed anchor fields [0.77ms]
(pass) t9 R1: both markers present but inverted is the ONLY row that may say 'half-open marker pair' [4.61ms]
(pass) t9 R2: begin present + end absent + body byte-equal re-brackets in place (all three pairs) [404.07ms]
(pass) t9 R3: begin present + end absent + body DRIFTED refuses, naming the region and the line [6.08ms]
(pass) t9 R4: end present + begin absent + body byte-equal re-brackets in place (all three pairs) [373.81ms]
(pass) t9 R5: end present + begin absent + NOTHING survived drops the orphan line and heals [145.62ms]
(pass) t9 (A): assertRegistryFormat refuses the OLD anchor format with the migration message [0.66ms]
(pass) t9 (A): the CLI refuses a pre-migration registry by name, and --write-registry still migrates [516.98ms]
(pass) t9: all four states of the ONLY shared seam heal byte-identically [510.53ms]
(pass) t9: a re-materialized tools.js is REFUSED, byte-untouched, with key counts unchanged [15.87ms]
(pass) t9: the targeted re-materialize shape (upstream twins restored at the literal) is REFUSED too [33.34ms]

evidence/review/t12-lane-a/20260917T080041Z/revert/T62-full/packages/mpd-agent-teams-plugin/self-fix-tests/registry-context-heal.test.mjs:

evidence/review/t12-lane-a/20260917T080041Z/revert/T62-full/packages/mpd-agent-teams-plugin/self-fix-tests/registry-context-heal.test.mjs:

evidence/review/t12-lane-a/20260917T080041Z/revert/T62-full/packages/mpd-agent-teams-plugin/self-fix-tests/registry-context-heal.test.mjs:

evidence/review/t12-lane-a/20260917T080041Z/revert/T62-full/packages/mpd-agent-teams-plugin/self-fix-tests/registry-context-heal.test.mjs:

evidence/review/t12-lane-a/20260917T080041Z/revert/T62-full/packages/mpd-agent-teams-plugin/self-fix-tests/registry-context-heal.test.mjs:

evidence/review/t12-lane-a/20260917T080041Z/revert/T62-full/packages/mpd-agent-teams-plugin/self-fix-tests/registry-context-heal.test.mjs:

evidence/review/t12-lane-a/20260917T080041Z/revert/T62-full/packages/mpd-agent-teams-plugin/self-fix-tests/registry-context-heal.test.mjs:

evidence/review/t12-lane-a/20260917T080041Z/revert/T62-full/packages/mpd-agent-teams-plugin/self-fix-tests/registry-context-heal.test.mjs:

evidence/review/t12-lane-a/20260917T080041Z/revert/T62-full/packages/mpd-agent-teams-plugin/self-fix-tests/registry-context-heal.test.mjs:

evidence/review/t12-lane-a/20260917T080041Z/revert/T62-full/packages/mpd-agent-teams-plugin/self-fix-tests/registry-context-heal.test.mjs:

evidence/review/t12-lane-a/20260917T080041Z/revert/T62-full/packages/mpd-agent-teams-plugin/self-fix-tests/registry-context-heal.test.mjs:

evidence/review/t12-lane-a/20260917T080041Z/revert/T62-full/packages/mpd-agent-teams-plugin/self-fix-tests/registry-context-heal.test.mjs:

evidence/review/t12-lane-a/20260917T080041Z/revert/T62-full/packages/mpd-agent-teams-plugin/self-fix-tests/registry-context-heal.test.mjs:

evidence/review/t12-lane-a/20260917T080041Z/revert/T62-full/packages/mpd-agent-teams-plugin/self-fix-tests/registry-context-heal.test.mjs:

evidence/review/t12-lane-a/20260917T080041Z/revert/T62-full/packages/mpd-agent-teams-plugin/self-fix-tests/registry-context-heal.test.mjs:

evidence/review/t12-lane-a/20260917T080041Z/revert/T62-full/packages/mpd-agent-teams-plugin/self-fix-tests/registry-context-heal.test.mjs:

evidence/review/t12-lane-a/20260917T080041Z/revert/T62-full/packages/mpd-agent-teams-plugin/self-fix-tests/registry-context-heal.test.mjs:

evidence/review/t12-lane-a/20260917T080041Z/revert/T62-full/packages/mpd-agent-teams-plugin/self-fix-tests/registry-context-heal.test.mjs:

evidence/review/t12-lane-a/20260917T080041Z/revert/T62-full/packages/mpd-agent-teams-plugin/self-fix-tests/registry-context-heal.test.mjs:

evidence/review/t12-lane-a/20260917T080041Z/revert/T62-full/packages/mpd-agent-teams-plugin/self-fix-tests/registry-context-heal.test.mjs:

evidence/review/t12-lane-a/20260917T080041Z/revert/T62-full/packages/mpd-agent-teams-plugin/self-fix-tests/registry-context-heal.test.mjs:

evidence/review/t12-lane-a/20260917T080041Z/revert/T62-full/packages/mpd-agent-teams-plugin/self-fix-tests/registry-context-heal.test.mjs:

evidence/review/t12-lane-a/20260917T080041Z/revert/T62-full/packages/mpd-agent-teams-plugin/self-fix-tests/registry-context-heal.test.mjs:

evidence/review/t12-lane-a/20260917T080041Z/revert/T62-full/packages/mpd-agent-teams-plugin/self-fix-tests/registry-context-heal.test.mjs:

evidence/review/t12-lane-a/20260917T080041Z/revert/T62-full/packages/mpd-agent-teams-plugin/self-fix-tests/registry-context-heal.test.mjs:

evidence/review/t12-lane-a/20260917T080041Z/revert/T62-full/packages/mpd-agent-teams-plugin/self-fix-tests/registry-context-heal.test.mjs:

evidence/review/t12-lane-a/20260917T080041Z/revert/T62-full/packages/mpd-agent-teams-plugin/self-fix-tests/registry-context-heal.test.mjs:

evidence/review/t12-lane-a/20260917T080041Z/revert/T62-full/packages/mpd-agent-teams-plugin/self-fix-tests/registry-context-heal.test.mjs:

evidence/review/t12-lane-a/20260917T080041Z/revert/T62-full/packages/mpd-agent-teams-plugin/self-fix-tests/registry-context-heal.test.mjs:

evidence/review/t12-lane-a/20260917T080041Z/revert/T62-full/packages/mpd-agent-teams-plugin/self-fix-tests/registry-context-heal.test.mjs:

evidence/review/t12-lane-a/20260917T080041Z/revert/T62-full/packages/mpd-agent-teams-plugin/self-fix-tests/registry-context-heal.test.mjs:

evidence/review/t12-lane-a/20260917T080041Z/revert/T62-full/packages/mpd-agent-teams-plugin/self-fix-tests/registry-context-heal.test.mjs:

evidence/review/t12-lane-a/20260917T080041Z/revert/T62-full/packages/mpd-agent-teams-plugin/self-fix-tests/registry-context-heal.test.mjs:

evidence/review/t12-lane-a/20260917T080041Z/revert/T62-full/packages/mpd-agent-teams-plugin/self-fix-tests/registry-context-heal.test.mjs:

evidence/review/t12-lane-a/20260917T080041Z/revert/T62-full/packages/mpd-agent-teams-plugin/self-fix-tests/registry-context-heal.test.mjs:

evidence/review/t12-lane-a/20260917T080041Z/revert/T62-full/packages/mpd-agent-teams-plugin/self-fix-tests/registry-context-heal.test.mjs:

evidence/review/t12-lane-a/20260917T080041Z/revert/T62-full/packages/mpd-agent-teams-plugin/self-fix-tests/registry-context-heal.test.mjs:

evidence/review/t12-lane-a/20260917T080041Z/revert/T62-full/packages/mpd-agent-teams-plugin/self-fix-tests/registry-context-heal.test.mjs:

evidence/review/t12-lane-a/20260917T080041Z/revert/T62-full/packages/mpd-agent-teams-plugin/self-fix-tests/registry-context-heal.test.mjs:

evidence/review/t12-lane-a/20260917T080041Z/revert/T62-full/packages/mpd-agent-teams-plugin/self-fix-tests/registry-context-heal.test.mjs:

 21 pass
 0 fail
 892 expect() calls
Ran 21 tests across 41 files. [13.30s]
