=== .toolchain EDA binary search ===
(none in .toolchain)
system EDA: /opt/osscad/oss-cad-suite/bin/iverilog / /opt/osscad/oss-cad-suite/bin/verilator
iverilog --version: /opt/osscad/oss-cad-suite/libexec/iverilog: invalid option -- '-'
verilator --version: Verilator 5.051 devel rev v5.050-79-gf7ce38dbc (mod)

=== venv-rtl candidates ===
PRESENT .venv-rtl
ABSENT  ../my-power-dsh-silicon/.venv-rtl

=== .venv-rtl tracked? ===
.gitignore:26:.venv*/	.venv-rtl

=== is skills/lsp-setup/references/{verilog,systemverilog} still in mpd? ===
total 88
drwxr-xr-x 22 root root 4096 Sep 13 01:49 .
drwxr-xr-x  4 root root 4096 Sep 13 01:49 ..
drwxr-xr-x  2 root root 4096 Aug 28 10:46 bash
drwxr-xr-x  2 root root 4096 Aug 28 10:46 c-cpp
drwxr-xr-x  2 root root 4096 Aug 28 10:46 csharp
drwxr-xr-x  2 root root 4096 Aug 28 10:46 dart
drwxr-xr-x  2 root root 4096 Aug 28 10:46 elixir
drwxr-xr-x  2 root root 4096 Aug 28 10:46 go
drwxr-xr-x  2 root root 4096 Aug 28 10:46 haskell
drwxr-xr-x  2 root root 4096 Aug 28 10:46 java
drwxr-xr-x  2 root root 4096 Aug 28 10:46 julia
drwxr-xr-x  2 root root 4096 Aug 28 10:46 kotlin
drwxr-xr-x  2 root root 4096 Aug 28 10:46 lua
drwxr-xr-x  2 root root 4096 Aug 28 10:46 php
drwxr-xr-x  2 root root 4096 Aug 28 10:46 python
drwxr-xr-x  2 root root 4096 Aug 28 10:46 ruby
drwxr-xr-x  2 root root 4096 Aug 28 10:46 rust
drwxr-xr-x  2 root root 4096 Aug 28 10:46 swift
drwxr-xr-x  2 root root 4096 Aug 28 10:46 terraform
drwxr-xr-x  2 root root 4096 Aug 28 10:46 typescript
drwxr-xr-x  2 root root 4096 Aug 28 10:46 yaml
drwxr-xr-x  2 root root 4096 Aug 28 10:46 zig
