bun test v1.3.14 (0d9b296a)

packages/mpd-agent-teams-plugin/self-fix-tests/ownership-and-wave.test.mjs:
(pass) T-01: `who owns <path>` names the owner and is READ-ONLY [23.16ms]
(pass) T-01: an overlapping create is refused NAMING the owner, and after the move the same create can be declared [31.93ms]
(pass) T-01: the move refuses a path the donor does not own, an unknown target, a terminal target and an ambiguous donor [9.49ms]
(pass) T-12: rollover REFUSES while a task is non-terminal, naming the open ids [6.67ms]
(pass) T-12: rollover archives the closed wave WITH its tasks, advances the label, and status shows both [8.84ms]

packages/mpd-agent-teams-plugin/self-fix-tests/scope-semantics.test.mjs:
(pass) B5: a directory pattern covers its contents WITHOUT a trailing slash [0.19ms]
(pass) B5: trailing slash and non-trailing slash are equivalent [0.10ms]
(pass) B5: exact file patterns still match exactly, siblings and suffixes do not [0.07ms]
(pass) B5: root pattern matches everything; illegal/absolute patterns never match [0.05ms]
(pass) B5: classifyChangedPath — directory inScope covers files, outOfScope wins [0.23ms]
(pass) B6: completion reports ALL undeclared paths at once with the owning task id and a fix hint [0.60ms]
(pass) B6: completion passes when a directory pattern (no trailing slash) covers every changed path [0.13ms]

packages/mpd-agent-teams-plugin/self-fix-tests/scope-glob-and-contract.test.mjs:
(pass) DEFECT 1: a declared glob covers the files beneath it [0.39ms]
(pass) DEFECT 1 negative control: globs do not over-match [0.14ms]
(pass) DEFECT 1: every no-wildcard declaration keeps the pre-delta B5 semantics [0.19ms]
(pass) DEFECT 1: the completion gate accepts a glob-declared changedPath and still rejects an undeclared one [0.26ms]
(pass) DEFECT 2 reproduction: the pre-fix generator listed one path in BOTH lists [0.25ms]
(pass) DEFECT 2 fix: the finding's required path is CARVED OUT of the inherited prohibition [0.43ms]
(pass) DEFECT 2 fix, REAL wave-1 inputs (team mpd-default-7332aba4 t7 + t10): the required edit is in scope [0.51ms]
(pass) DEFECT 2 falsifiability: the contradiction guard must not reject legitimate carve-outs [0.16ms]
(pass) DEFECT 2 falsifiability: the write-task overlap guard is a real may-two-writers-touch-it relation [0.28ms]
(pass) durability: the guard refuses when a delta region is missing (observed failure) [5.38ms]
(pass) durability: the guard is idempotent on the real tree and restores a stripped tree [435.65ms]
(pass) F2: every t4-changed line in lib/quality-gates.js sits inside a registered mpd-delta region [96.01ms]
(pass) F3: healing a RE-MATERIALIZED upstream file refuses instead of emitting a broken module [4.03ms]
(pass) F3: a clean (region-carrying) tree still heals successfully [171.10ms]
(pass) F4: stripping every region and healing reproduces the canonical file byte-for-byte [170.85ms]
(pass) F4: the anchor-indent class is gone with the line keys [0.24ms]

packages/mpd-agent-teams-plugin/self-fix-tests/repair-source-deadlock.test.mjs:
(pass) T-81: a repair on an OPEN source does NOT acquire the deadlock edge, and is claimable at once [0.60ms]
(pass) T-81 regression control: a review of an OPEN source still wires the edge [0.16ms]
(pass) T-81 negative control: with the pre-fix unconditional edge, the SAME fixture PARKS [11.30ms]

packages/mpd-agent-teams-plugin/self-fix-tests/deliverable-channel.test.mjs:
(pass) T-46: a long deliverable is EXTENDED by output_append, and a byte-dropping replacement is loud [13.97ms]
(pass) T-09: the artifact channel carries the full text, records it on the task, and guards the path [14.55ms]
(pass) T-10: a read-only seat writes ONLY under evidence/**, append-or-create; a writer seat is not restricted there [15.85ms]
(pass) T-05: the spawn welcome states what is CLAIMABLE, never a blocked task as pending work [0.46ms]

packages/mpd-agent-teams-plugin/self-fix-tests/terminal-rearm-refusal.test.mjs:
(pass) T-79(a): the compose's ROTATION PRIMITIVE refuses terminal work, naming the status [0.32ms]
(pass) T-79(b): the real scheduler, in-process, never re-arms or delivers a TERMINAL task [2.75ms]
(pass) T-79(c): the sanctioned revive path survives — reassign_task re-opens with a FRESH id [5.52ms]
(pass) T-79(d): a STALE capability on terminal work is REFUSED (captain's idempotent path) [6.68ms]
(pass) T-79 negative control: with both guards removed, the SAME calls rotate and answer success [43.23ms]
(pass) T-79 restart leg: a FRESH PROCESS sees the same refusal (the restart-based re-observation) [50.58ms]

packages/mpd-agent-teams-plugin/self-fix-tests/terminal-dispatch.test.mjs:
(pass) T-07 positive control: a READY task still reaches its assignee (no blanket refusal) [3.27ms]
(pass) T-07 regression: a TERMINAL task is never delivered, and a refused dispatch never writes a status onto it [2.27ms]
(pass) T-07 THE RACE: a task that becomes terminal before the wake is never carried by a wake [3.24ms]
(pass) T-07: the delivery-boundary re-check is REGISTERED (a re-materialize cannot silently drop it) [0.51ms]

packages/mpd-agent-teams-plugin/self-fix-tests/strict-task-arguments.test.mjs:
(pass) T-61: an unknown snake_case argument name is REFUSED, named, and stores NOTHING [4.00ms]
(pass) T-61 control: every DECLARED argument name still works (a guard that refuses everything is red) [4.86ms]
(pass) T-61 drift pin: the declared-name list EQUALS the registered tool's compiled schema keys [2.40ms]
(pass) T-61 negative control: with the guard call removed, the SAME payload succeeds and stores nothing [46.01ms]
(pass) T-61 append channel (ii): the registered schema carries the key and a TERMINAL append GROWS the bytes [4.03ms]
(pass) T-61 append channel (i): the wave-1 shape is a STALE-SCHEMA drop — success returned, nothing stored [0.78ms]

packages/mpd-agent-teams-plugin/self-fix-tests/dispatch-stall-region.test.mjs:
(pass) t13: every dispatch-stall edit is region-registered (nothing unmarked survives a strip) [1.29ms]
(pass) t13: a re-materialized scheduler.js (upstream guard restored) is REFUSED byte-untouched [138.16ms]
(pass) t13: stripping every scheduler.js region heals byte-for-byte back to the canonical file [188.78ms]

packages/mpd-agent-teams-plugin/self-fix-tests/tool-boundary-hold-and-contract-seat.test.mjs:
(pass) D2: the two tool-boundary guards and tools.js's reader copy are gone; scheduler keeps its own [1.68ms]
(pass) D2: with a LIVE hold present, claim_task and update_task SUCCEED (the hold no longer blocks a write) [5.77ms]
(pass) D2 NEGATIVE CONTROL: the deleted guard re-injected into a scratch copy makes the same call FAIL [38.95ms]
(pass) T-49: the contract tool is a MEMBER tool in BOTH deny computations [2.08ms]
(pass) T-19: the status surface names ONE pause mechanism and reports the hold as its INTERNAL implementation [7.72ms]
(pass) T-19: with NO watchdog service the status says the hold is NOT READABLE — never a guessed hold [3.59ms]
(pass) t41: the contract tool refuses a NON-PARTICIPANT and an UNKNOWN id NAMING the known ids — both FALSIFIABLE [38.34ms]
(pass) T-19 SEEDED NEGATIVE CONTROL: the pin's matchers go RED on the restored wave-1 wording [42.45ms]

packages/mpd-agent-teams-plugin/self-fix-tests/pool-capability-guard.test.mjs:
(pass) a pooled write task is LEFT IN THE POOL for a read-only member and reported [0.42ms]
(pass) a write-capable member still gets the pooled write task (the guard is not a blanket refusal) [0.14ms]
(pass) a member whose deny blocks nothing relevant is unaffected by an unrelated deny entry [0.08ms]
(pass) an EXPLICIT assignment is still dispatched to a restricted member, and says so [0.12ms]
(pass) a member's own ready task outranks a pooled task it could also run [0.07ms]
(pass) nothing executable is left: undefined, and every withheld candidate is reported [0.12ms]
(pass) the guard is region-registered and its replacement is REFUSED after a re-materialize [152.18ms]

packages/mpd-agent-teams-plugin/self-fix-tests/quality-loop.test.mjs:
(pass) Fix1: review auto-wires reviewedTaskId into dependencies (premature dispatch) [0.35ms]
(pass) Fix1: repair auto-wires sourceTaskId into dependencies (REQUALIFIED by T-81: terminal sources only) [0.40ms]
(pass) Fix2 + OPT-1: cancelled and FAILED deps are non-blocking; pending still blocks [0.18ms]
(pass) Fix2: pending dependents blocked only by cancelled deps are cascaded (no deadlock) [0.33ms]
(pass) Fix3: planQualityFollowUp links reasonTaskId and reason reaches the repair prompt [1.23ms]
(pass) Fix4: reject without a completed source notifies the captain only (no repair, no escalation) [0.14ms]
(pass) Fix4: genuine reject of a completed source still escalates [0.08ms]
(pass) Fix3b: reasonTaskId / reassignReason survive task validation [0.09ms]
(pass) Fix3c: assignmentPrompt renders reassignReason and captain guidance digest [0.21ms]

packages/mpd-agent-teams-plugin/self-fix-tests/registry-context-heal.test.mjs:
(pass) t2: strip-healing ALL adopted files from the same state is byte-identical [390.00ms]
(pass) t2: a stripped tools.js heals byte-for-byte and the task-contract region lands at its canonical line [266.79ms]
(pass) t2: quality-gates.js strip-heal stays byte-identical (no trade between the two files) [135.29ms]
(pass) t2: a region heals to its canonical position under partial insertion histories [3785.72ms]
(pass) t2: every colliding pair is a real prefix collision (the fixture is meaningful) [5.30ms]
(pass) t2: a nested colliding pair resolves the OUTER region to its OWN end marker [0.20ms]
(pass) t2: intact control — the resolved span equals the independently grepped lines [5.68ms]
(pass) t2: a dangling outer END marker is a partially stripped region, never a half-open pair [30.01ms]
(pass) t2: a dangling outer BEGIN marker is a partially stripped region, never a half-open pair [33.76ms]
(pass) t2: --write re-brackets a partially stripped region byte-faithfully (both dangling shapes) [1042.80ms]
(pass) t2: the registry carries context pairs and no line-keyed anchor fields [0.75ms]
(pass) t9 R1: both markers present but inverted is the ONLY row that may say 'half-open marker pair' [5.73ms]
(pass) t9 R2: begin present + end absent + body byte-equal re-brackets in place (all three pairs) [502.23ms]
(pass) t9 R3: begin present + end absent + body DRIFTED refuses, naming the region and the line [5.81ms]
(pass) t9 R4: end present + begin absent + body byte-equal re-brackets in place (all three pairs) [413.37ms]
(pass) t9 R5: end present + begin absent + NOTHING survived drops the orphan line and heals [154.71ms]
(pass) t9 (A): assertRegistryFormat refuses the OLD anchor format with the migration message [0.60ms]
(pass) t9 (A): the CLI refuses a pre-migration registry by name, and --write-registry still migrates [200.72ms]
(pass) t9: all four states of the ONLY shared seam heal byte-identically [522.89ms]
(pass) t9: a re-materialized tools.js is REFUSED, byte-untouched, with key counts unchanged [17.70ms]
(pass) t9: the targeted re-materialize shape (upstream twins restored at the literal) is REFUSED too [36.84ms]

packages/mpd-agent-teams-plugin/self-fix-tests/contract-surfaces.test.mjs:
(pass) T-02: a captain amends a member-owned IN-FLIGHT contract without a takeover — the attempt survives [11.91ms]
(pass) T-02: a member amends its OWN contract at claim time WITHOUT an attempt_id; elsewhere it stays refused [6.39ms]
(pass) T-03: edit_plan.add_task carries the full quality contract through the same gate as create_task [8.33ms]
(pass) T-52: a terminal output is repaired APPEND-ONLY; every other terminal write and a running append stay refused [7.90ms]

packages/mpd-agent-teams-plugin/self-fix-tests/composed-ticket-output-preserved.test.mjs:
(pass) T-73: the deterministic probe — a composed ticket no longer WIPES the stored deliverable [2.29ms]
(pass) T-73 negative control: with the new condition neutralised, the SAME fixture is WIPED [23.41ms]
(pass) T-73 control: a HANDOVER still clears (the fix is not 'never clear') [0.35ms]
(pass) T-73 control: a PENDING task's first dispatch still clears (a NEW generation) [1.45ms]
(pass) T-73 ∩ T-79: the SAME function still refuses terminal work, and the terminal deliverable is untouched [0.96ms]
(pass) T-73: the region is REGISTERED in the delta registry and lives in state.js [0.27ms]

 109 pass
 0 fail
 1478 expect() calls
Ran 109 tests across 15 files. [9.62s]
