# additive re-run (A4): the moved lane, outside the completeness arithmetic
# $ node scripts/run-qa-lanes.mjs --only=team-watchdog-fault --json --evidence-dir=evidence/dsh-qa/full-sweep/t26-attempt7/c12-watchdog-additive
[mpd-qa:(only)] runner start manifest=skills/dsh-qa/cases.json sha256=54585caba9a5 lanes=1 evidence=evidence/dsh-qa/full-sweep/t26-attempt7/c12-watchdog-additive
[mpd-qa:(only)] PASS case=team-watchdog-fault evidence=evidence/team-watchdog/lanes/20260917T044245Z-fault/result.json log=evidence/dsh-qa/full-sweep/t26-attempt7/c12-watchdog-additive/lanes/team-watchdog-fault.log ms=3502
[mpd-qa:(only)] summary selected=1 pass=1 unavailable=0 fail=0
[mpd-qa:(only)] evidence -> evidence/dsh-qa/full-sweep/t26-attempt7/c12-watchdog-additive
[mpd-qa:(only)] exit 0 (0=all green, 2=some unavailable, 1=some failed, 3=runner error)
{
  "runner": "scripts/run-qa-lanes.mjs",
  "root": "/root/dshProj/my-power-dsh",
  "manifest": "skills/dsh-qa/cases.json",
  "manifestSha256": "54585caba9a571324be85daeae09373622c173dcb660c7d409a0a2d987eebf9e",
  "suite": "(only)",
  "selected": 1,
  "startedAt": "2026-09-17T04:42:45.786Z",
  "finishedAt": "2026-09-17T04:42:49.293Z",
  "durationMs": 3507,
  "complete": true,
  "exitCodes": {
    "allGreen": 0,
    "someUnavailable": 2,
    "someFailed": 1,
    "runnerError": 3
  },
  "drift": {
    "unlistedScripts": [],
    "missingScripts": []
  },
  "lanes": [
    {
      "case": "team-watchdog-fault",
      "kind": "lane",
      "verdict": "pass",
      "reason": null,
      "note": null,
      "exitCode": 0,
      "signal": null,
      "durationMs": 3502,
      "command": "bun skills/dsh-qa/scripts/team-watchdog-fault.mjs --no-skip",
      "script": "skills/dsh-qa/scripts/team-watchdog-fault.mjs",
      "marker": null,
      "signature": null,
      "alsoDetected": [],
      "declaredPrereq": [],
      "evidencePath": "evidence/team-watchdog/lanes/20260917T044245Z-fault/result.json",
      "logPath": "evidence/dsh-qa/full-sweep/t26-attempt7/c12-watchdog-additive/lanes/team-watchdog-fault.log",
      "outputTail": [],
      "suite": "(only)"
    }
  ],
  "counts": {
    "pass": 1,
    "unavailable": 0,
    "fail": 0
  },
  "exitCode": 0
}
[exit=0]

# $ node scripts/run-qa-lanes.mjs --check-drift
[run-qa-lanes] manifest and disk agree (51 entries)
[exit=0]
