=== t3 / L1 verify sweep (captured 2026-09-18T00:20:07Z) ===
--- revision ---
5aa222a chore(wave2b): commit the post-merge residue — the independent corpus-fold evidence and two lane scratch pointers
--- my changed files + sha256 ---
c08b95ff63dc30a9380a6632e184a25cb11acd116da8ed5e96f131061446109b  packages/mpd-dsh-adapter-plugin/src/index.ts
43207f04e2ddb13a079bfb9db92601e2ce57b670ab6cc7b64938354779e9a3c7  packages/mpd-dsh-adapter-plugin/test/adapter.test.ts
6f1005c0934a203c1ba377b8d845e5abaff267a629358a6d135c471e0854eaba  packages/mpd-codegraph-plugin/src/index.ts
a89923c0b88ed49b1ceffdac2a49f292ec5a27e38dcf6cabb2c941bd8f07213e  packages/mpd-codegraph-plugin/src/index.test.ts

=== [1/3] bun test packages/mpd-dsh-adapter-plugin ===




 51 pass
 0 fail
 176 expect() calls
Ran 51 tests across 81 files. [6.31s]
exit=0

=== [2/3] bun test packages/mpd-codegraph-plugin ===




 9 pass
 0 fail
 23 expect() calls
Ran 9 tests across 81 files. [5.53s]
exit=0

=== [3/3] bun run typecheck ===
$ tsgo --noEmit
exit=0

=== [probe] host-acceptance against the INSTALLED harness ===
PASS A1.parseCommand-no-slash — {"name":"ulw","rawInput":" ship the wave"}
PASS B0.capabilities-commands — {"commands":true,"commandsRegister":true}
PASS B1.disposer-is-function — function
PASS B2.host-resolves-definition — "ulw"
PASS B3.host-lists-descriptor — ["ulw"]
PASS B4.duplicate-throws-host-side — host duplicate rule observed through the seam
PASS B5.disposer-unregisters — []
PASS C1.host-executes-handler — {"kind":"success","text":"ran go"}
PASS C2.host-wrote-the-lifecycle — [{"type":"command/run","keys":["args","commandId","name","source"]},{"type":"command/done","keys":["commandId","kind","text"]}]
PASS D1.keys-match-installed — content,id,role,source vs content,id,role,source
PASS D2.values-match-minus-id — {"role":"user","content":[{"type":"text","text":"run /ulw ship it"}],"source":{"kind":"plugin","plugin":"mpd-ulw"}} vs {"content":[{"type":"text","text":"run /ulw ship it"}],"source":{"kind":"plugin","plugin":"mpd-ulw"},"role":"user"}
PASS D3.identity-is-a-fresh-string — d97c3ee1-d18f-4f1b-ad61-ba76eaa712ae
PASS D4.frozen-like-the-host — both frozen
PASS D5.durable-log-serializable — structuredClone round-trip
PASS D6.source-shape-accepted-by-host-types — {"kind":"plugin","plugin":"mpd-ulw"}
PASS E1.no-bare-host-import — 0 bare specifier imports in the adapter source
probe-exit=0
