[tui-team-surface] fixture written to .mpd/tui-lane/ws/.mpd/team/teams/mpd-fixture-1.json (sha256 40491ac73f41)
[tui-team-surface] plan plan-20260930T022334Z staged for session fixture-captain-session
[tui-team-surface] arm1 A1-apply ok — the REAL plugin apply() registered mpd-tui-board,mpd-tui-team,mpd-tui-plan
[tui-team-surface] arm1 A2-plan-scene ok — registered scene "mpd-tui-plan" title "MPD plan approval"
[tui-team-surface] arm1 A3-entry-points ok — command registrations: ["mpd"]
[tui-team-surface] arm1 A4-real-fixture-read ok — the surface rendered the record on disk: team       Fixture Team (mpd-fixture-1) · phase staged · review -
[tui-team-surface] arm1 A5-confirm-step-requested FAIL — verbatim instruction present, required phrase "approve plan-20260930T022334Z", echo at entry ""
[tui-team-surface] arm1 A6-echo-carries-phrase FAIL — the echo after typing is "approve plan-20260930T022334Z"
[tui-team-surface] arm1 A7-approval-attempt FAIL — boundary call {"name":"agent_teams_plan","confirmation":"approve plan-20260930T022334Z","callIdPresent":true} (the harness boundary recorded 1 call(s) to agent_teams_plan)
[tui-team-surface] arm1 A8-tool-result-rendered FAIL — the scene rendered the tool's own structured result: "approved: plan-20260930T022334Z running · members 2 · tasks 2"
[tui-team-surface] arm1 B1-bypassed-runs-refuse ok — every bypassed run failed the approval assertion (the required red): [{"mode":"empty","pass":false,"message":"confirmation does not match this team"},{"mode":"wrong-id","pass":false,"message":"confirmation does not match this team"},{"mode":"cancelled","pass":false,"message":"confirmation does not match this team"}]
[tui-team-surface] arm1 B2-gate-is-what-refused ok — each bypassed run rendered the phrase-gate refusal: ["confirmation does not match this team","confirmation does not match this team","confirmation does not match this team"]
[tui-team-surface] arm1 B3-observation-discriminates ok — approvalHappened true with the phrase typed, false in all 3 bypassed runs
[tui-team-surface] arm1 A10-empty-state-no-throw FAIL — malformed / non-staged / absent records each rendered the empty state and threw nothing: [{"name":"malformed-record","emptyState":"no staged plan for team (none)","title":"MPD plan approval — (none) · 216x48"},{"name":"non-staged-record","emptyState":"","title":"MPD plan approval — Fixture Team · 216x48"},{"name":"absent-record","emptyState":"no staged plan for team (none)","title":"MPD plan approval — (none) · 216x48"}]
[tui-team-surface] arm1 A9-no-write-primitive-in-own-code ok — fixture sha256 unchanged
[tui-team-surface] host: fixture captainSessionId := "7ad20623-4ae9-40f9-a3dc-fa57e030abf8" (record e1dcb3effbc8)
[tui-team-surface] host: staged plan plan-20260930T022345Z for session 7ad20623-4ae9-40f9-a3dc-fa57e030abf8
[tui-team-surface] arm2 H1-host-renders-surface ok — the real host rendered the plan surface for the sandbox record: MPD plan approval — Fixture Team · 216x48
[tui-team-surface] arm2 H2-host-dialog-request ok — the bare /mpd managed dialog listed the Plan entry: Plan | review and approve a staged plan
[tui-team-surface] arm2 H3-host-confirm-step FAIL — the host rendered the confirmation step and echoed the typed phrase
[tui-team-surface] arm2 H4-real-mutation-via-the-adopted-runtime FAIL — no approval committed: phase="staged" approvedAt=undefined; pane outcome: no-outcome-line
[tui-team-surface] arm2 H4b-outcome-reported-honestly ok — no approval committed and the pane said so: ""
[tui-team-surface] arm2 H5-pane-and-record-agree ok — pane claims approved=false, refusal=false, post-commit empty state=false; record phase="staged" approvedAt=undefined
[tui-team-surface] arm2 H6-real-keystroke-drive ok — tmux captured 6 panes for 5 driven steps (real keystrokes)
[tui-team-surface] non-interference: contract + VENDOR_LOCK unchanged=true
[tui-team-surface] observation: the workspace's OWN live team record changed during the run=false
[tui-team-surface] FAIL -> evidence/tui/team-surface-verify/2026-09-30T02-24-34.443Z
[tui-team-surface] FAIL: [{"id":"A5-confirm-step-requested","ok":false,"note":"verbatim instruction present, required phrase \"approve plan-20260930T022334Z\", echo at entry \"\""},{"id":"A6-echo-carries-phrase","ok":false,"note":"the echo after typing is \"approve plan-20260930T022334Z\""},{"id":"A7-approval-attempt","ok":false,"note":"boundary call {\"name\":\"agent_teams_plan\",\"confirmation\":\"approve plan-20260930T022334Z\",\"callIdPresent\":true} (the harness boundary recorded 1 call(s) to agent_teams_plan)"},{"id":"A8-tool-result-rendered","ok":false,"note":"the scene rendered the tool's own structured result: \"approved: plan-20260930T022334Z running · members 2 · tasks 2\""},{"id":"A10-empty-state-no-throw","ok":false,"note":"malformed / non-staged / absent records each rendered the empty state and threw nothing: [{\"name\":\"malformed-record\",\"emptyState\":\"no staged plan for team (none)\",\"title\":\"MPD plan approval — (none) · 216x48\"},{\"name\":\"non-staged-record\",\"emptyState\":\"\",\"title\":\"MPD plan approval — Fixture Team · 216x48\"},{\"name\":\"absent-record\",\"emptyState\":\"no staged plan for team (none)\",\"title\":\"MPD plan approval — (none) · 216x48\"}]"},{"id":"H3-host-confirm-step","ok":false,"note":"the host rendered the confirmation step and echoed the typed phrase"},{"id":"H4-real-mutation-via-the-adopted-runtime","ok":false,"note":"no approval committed: phase=\"staged\" approvedAt=undefined; pane outcome: no-outcome-line"}]
exit=1
