[07:40:04] === attempt=big-1 utc-start=2026-10-08T07:40:04Z
[07:40:04] sandbox=/tmp/mpd-lr-iQBvHs
[07:40:05] sandbox host version=0.14.0
file:///home/haroldzhao/MyProj/DshProj/My-Power-Dsh/evidence/tui/live-refresh/2026-10-08T07-32-09Z/make-big-board.mjs:34
    owner: members[n % 5 + 1].name, attempt: status === "failed" ? 1 : undefined, round: n === 7 ? 1 : undefined,
                              ^

TypeError: Cannot read properties of undefined (reading 'name')
    at file:///home/haroldzhao/MyProj/DshProj/My-Power-Dsh/evidence/tui/live-refresh/2026-10-08T07-32-09Z/make-big-board.mjs:34:31
    at ModuleJob.run (node:internal/modules/esm/module_job:561:25)
    at async node:internal/modules/esm/loader:647:26
    at async asyncRunEntryPointWithESMLoader (node:internal/modules/run_main:101:5)

Node.js v24.21.0
run-v4.sh: line 38: /tmp/mpd-lr-iQBvHs/ws/.mpd/team/teams/team-2026-10-08T07-00-00.000Z.json: No such file or directory
[07:40:05] record: /tmp/mpd-lr-iQBvHs/ws/.mpd/team/teams/team-2026-10-08T07-00-00.000Z.json ( bytes)
cp: cannot stat '/tmp/mpd-lr-iQBvHs/ws/.mpd/team/teams/team-2026-10-08T07-00-00.000Z.json': No such file or directory
node:fs:483
    return binding.readFileUtf8(path, stringToFlags(options.flag));
                   ^

Error: ENOENT: no such file or directory, open '/tmp/mpd-lr-iQBvHs/ws/.mpd/team/teams/team-2026-10-08T07-00-00.000Z.json'
    at Object.readFileSync (node:fs:483:20)
    at [eval]:2:51
    at runScriptInThisContext (node:internal/vm:219:10)
    at node:internal/process/execution:451:12
    at [eval]-wrapper:6:24
    at runScriptInContext (node:internal/process/execution:449:60)
    at evalFunction (node:internal/process/execution:283:30)
    at evalTypeScript (node:internal/process/execution:295:3)
    at node:internal/main/eval_string:71:3 {
  errno: -2,
  code: 'ENOENT',
  syscall: 'open',
  path: '/tmp/mpd-lr-iQBvHs/ws/.mpd/team/teams/team-2026-10-08T07-00-00.000Z.json'
}

Node.js v24.21.0
[07:40:05] tmux grid: 220x50
[07:40:05] waiting for the chat frame ...
[07:40:19] CAPTURE 00-chat @ 2026-10-08T07:40:19.321Z
[07:40:19] chat status row: mpd: team - · plans 0 · workmates 0                                                                                                               
[07:40:19] --- [B] /mpd team  (full-screen scene, KEY PRESS)
[07:41:50] B marker NOT seen in 90s
[07:41:53] CAPTURE BIG-B1-scene @ 2026-10-08T07:41:53.842Z
[07:41:53] BIG-B1 header: ''
[07:41:53] --- [B] mutate the big board on disk (big1), NO KEY PRESS from here
node:fs:483
    return binding.readFileUtf8(path, stringToFlags(options.flag));
                   ^

Error: ENOENT: no such file or directory, open '/tmp/mpd-lr-iQBvHs/ws/.mpd/team/teams/team-2026-10-08T07-00-00.000Z.json'
    at readFileSync (node:fs:483:20)
    at file:///home/haroldzhao/MyProj/DshProj/My-Power-Dsh/evidence/tui/live-refresh/2026-10-08T07-32-09Z/big-1/mutate-big.mjs:4:27
    at ModuleJob.run (node:internal/modules/esm/module_job:561:25)
    at async node:internal/modules/esm/loader:647:26
    at async asyncRunEntryPointWithESMLoader (node:internal/modules/run_main:101:5) {
  errno: -2,
  code: 'ENOENT',
  syscall: 'open',
  path: '/tmp/mpd-lr-iQBvHs/ws/.mpd/team/teams/team-2026-10-08T07-00-00.000Z.json'
}

Node.js v24.21.0
[07:41:53] mutation: 
[07:41:55] CAPTURE BIG-B2-scene-plus2s @ 2026-10-08T07:41:55.134Z
[07:41:55]    t+2022ms
[07:41:57] CAPTURE BIG-B3-scene-plus4s @ 2026-10-08T07:41:57.157Z
[07:41:57]    t+4044ms
BIG-B1-scene vs BIG-B3-scene-plus4s: changedLines=0
        BIG-B1-scene: modeLine="" header=""
        BIG-B3-scene-plus4s: modeLine="" header=""
[07:41:57] --- [B] CONTROL: Escape, then re-open the scene (key presses resume)
[07:41:59] CAPTURE BIG-B4-after-escape @ 2026-10-08T07:41:59.203Z
[07:42:03] CAPTURE BIG-B5-scene-reopened @ 2026-10-08T07:42:03.224Z
[07:42:03] BIG-B5 header: ''
BIG-B2-scene-plus2s vs BIG-B5-scene-reopened: changedLines=0
        BIG-B2-scene-plus2s: modeLine="" header=""
        BIG-B5-scene-reopened: modeLine="" header=""
[07:42:05] --- [A] /mpd panel  (MPD sidebar page, KEY PRESS)
[07:43:05] A mode line NOT seen in 60s
[07:43:09] CAPTURE BIG-A1-sidebar @ 2026-10-08T07:43:09.766Z
[07:43:09] BIG-A1 mode line: ''
[07:43:09] --- [A] mutate the big board on disk (big2), NO KEY PRESS from here
node:fs:483
    return binding.readFileUtf8(path, stringToFlags(options.flag));
                   ^

Error: ENOENT: no such file or directory, open '/tmp/mpd-lr-iQBvHs/ws/.mpd/team/teams/team-2026-10-08T07-00-00.000Z.json'
    at readFileSync (node:fs:483:20)
    at file:///home/haroldzhao/MyProj/DshProj/My-Power-Dsh/evidence/tui/live-refresh/2026-10-08T07-32-09Z/big-1/mutate-big.mjs:4:27
    at ModuleJob.run (node:internal/modules/esm/module_job:561:25)
    at async node:internal/modules/esm/loader:647:26
    at async asyncRunEntryPointWithESMLoader (node:internal/modules/run_main:101:5) {
  errno: -2,
  code: 'ENOENT',
  syscall: 'open',
  path: '/tmp/mpd-lr-iQBvHs/ws/.mpd/team/teams/team-2026-10-08T07-00-00.000Z.json'
}

Node.js v24.21.0
[07:43:09] mutation: 
[07:43:11] CAPTURE BIG-A2-sidebar-plus2s @ 2026-10-08T07:43:11.822Z
[07:43:11]    t+2023ms
[07:43:13] CAPTURE BIG-A3-sidebar-plus4s @ 2026-10-08T07:43:13.848Z
[07:43:13]    t+4047ms
BIG-A1-sidebar vs BIG-A3-sidebar-plus4s: changedLines=16
        BIG-A1-sidebar: modeLine="" header=""
        BIG-A3-sidebar-plus4s: modeLine="" header=""
[07:43:13] --- [A] CONTROL: re-open the sidebar page
[07:43:17] CAPTURE BIG-A4-sidebar-reopened @ 2026-10-08T07:43:17.897Z
[07:43:17] BIG-A4 mode line: ''
BIG-A2-sidebar-plus2s vs BIG-A4-sidebar-reopened: changedLines=0
        BIG-A2-sidebar-plus2s: modeLine="" header=""
        BIG-A4-sidebar-reopened: modeLine="" header=""
[07:43:17] === utc-end=2026-10-08T07:43:17Z sandbox=/tmp/mpd-lr-iQBvHs evidence=/home/haroldzhao/MyProj/DshProj/My-Power-Dsh/evidence/tui/live-refresh/2026-10-08T07-32-09Z/big-1
cp: cannot stat '/tmp/mpd-lr-iQBvHs/ws/.mpd/team/teams/team-2026-10-08T07-00-00.000Z.json': No such file or directory
[07:43:17] tmux server stopped
