bun test v1.3.14 (0d9b296a)

../root/dshProj/my-power-dsh/packages/mpd-config-plugin/test/settings-wiring.test.ts:
[mpd-config] settings bridge: registered the "mpd" namespace with the file-derived base (applies:'restart', design §10.1)
[mpd-config] settings bridge: migrated 1 saved settings value(s) into /tmp/mpd-wiring-SV942J/ws/.mpd/mpd.jsonc (marker bridge.migratedRevision=2).
(pass) namespace ownership (design §10.1): THIS package registers, with the file-derived base > one registration, applies:'restart', and the base is the FILE layer — never the resolved value [17.91ms]
[mpd-config] settings bridge: could not register the "mpd" namespace (settings namespace "mpd" is already registered) — the TUI fallback owns it now.
(pass) namespace ownership (design §10.1): THIS package registers, with the file-derived base > a refused registration names the host's reason and leaves the TUI fallback to own it [0.52ms]
[mpd-config] settings bridge: 2 live workspaces (/tmp/mpd-wiring-yEv8rm/ws, /tmp/mpd-wiring-A7yIlS/ws) — the namespace base is NOT derived from a file, because the file is per-workspace and the namespace is host-global; both front doors will show the schema defaults until exactly one workspace is live.
[mpd-config] settings bridge: registered the "mpd" namespace with the file-derived base (applies:'restart', design §10.1)
[mpd-config] settings bridge: saved to settings — NOT written to any file: 2 live workspaces, so the target is ambiguous. Candidates: /tmp/mpd-wiring-yEv8rm/ws, /tmp/mpd-wiring-A7yIlS/ws. Keep one session live, or edit that workspace's .mpd/mpd.jsonc directly.
[mpd-config] settings bridge: saved to settings — NOT written to any file: 2 live workspaces, so the target is ambiguous. Candidates: /tmp/mpd-wiring-yEv8rm/ws, /tmp/mpd-wiring-A7yIlS/ws. Keep one session live, or edit that workspace's .mpd/mpd.jsonc directly.
[mpd-config] settings bridge ambiguous-multi-root: {"writtenTo":[],"skipped":"ambiguous-multi-root","candidates":["/tmp/mpd-wiring-yEv8rm/ws","/tmp/mpd-wiring-A7yIlS/ws"],"results":[],"applies":"restart","source":"update","revision":2}
(pass) namespace ownership (design §10.1): THIS package registers, with the file-derived base > A3 'not a lost edit': with N roots refused, the READ-IN still resolves the new value for every workspace [2.89ms]
[mpd-config] settings bridge: registered the "mpd" namespace with the file-derived base (applies:'restart', design §10.1)
[mpd-config] settings bridge: migrated 1 saved settings value(s) into /tmp/mpd-wiring-gnw4ZX/ws/.mpd/mpd.jsonc (marker bridge.migratedRevision=2).
(pass) read-in precedence (design §1.1/§10.4, U12) > L3 outranks the file layers, and a missing L3 key falls back to the file [1.33ms]
[mpd-config] settings bridge: registered the "mpd" namespace with the file-derived base (applies:'restart', design §10.1)
[mpd-config] settings bridge: migrated 1 saved settings value(s) into /tmp/mpd-wiring-IQTZGJ/ws/.mpd/mpd.jsonc (marker bridge.migratedRevision=2).
(pass) read-in precedence (design §1.1/§10.4, U12) > the in-namespace marker never becomes config and never reaches the file [4.65ms]
[mpd-config] settings bridge: registered the "mpd" namespace with the file-derived base (applies:'restart', design §10.1)
(pass) read-in precedence (design §1.1/§10.4, U12) > with the namespace unserved the file layers still resolve (degraded, not fatal) [0.42ms]
[mpd-config] settings bridge: registered the "mpd" namespace with the file-derived base (applies:'restart', design §10.1)
[mpd-config] settings bridge WROTE: {"writtenTo":["/tmp/mpd-wiring-FwDn3a/ws/.mpd/mpd.jsonc"],"skipped":null,"candidates":[],"results":[{"root":"/tmp/mpd-wiring-FwDn3a/ws","file":"/tmp/mpd-wiring-FwDn3a/ws/.mpd/mpd.jsonc","outcome":"written"}],"applies":"restart","source":"update","revision":3}
[mpd-config] settings bridge: migrated 1 saved settings value(s) into /tmp/mpd-wiring-FwDn3a/ws/.mpd/mpd.jsonc (marker bridge.migratedRevision=2).
(pass) the write-back target rules (design §A.1/§10.5) > U1/A2: one live root — a front-door edit rewrites exactly that file, comments intact [2.49ms]
[mpd-config] settings bridge: registered the "mpd" namespace with the file-derived base (applies:'restart', design §10.1)
[mpd-config] settings bridge: migration deferred — no live session workspace to migrate into (nothing was written to process.cwd()).
[mpd-config] settings bridge: saved to settings — not yet written to any .mpd/mpd.jsonc (no live session). Start a session in the intended workspace to persist it.
[mpd-config] settings bridge no-live-session: {"writtenTo":[],"skipped":"no-live-session","candidates":[],"results":[],"applies":"restart","source":"update","revision":2}
(pass) the write-back target rules (design §A.1/§10.5) > U13: zero live roots writes NOTHING anywhere and says so [0.42ms]
[mpd-config] settings bridge: 2 live workspaces (/tmp/mpd-wiring-T7Le7s/ws, /tmp/mpd-wiring-r3JVb0/ws) — the namespace base is NOT derived from a file, because the file is per-workspace and the namespace is host-global; both front doors will show the schema defaults until exactly one workspace is live.
[mpd-config] settings bridge: registered the "mpd" namespace with the file-derived base (applies:'restart', design §10.1)
[mpd-config] settings bridge: saved to settings — NOT written to any file: 2 live workspaces, so the target is ambiguous. Candidates: /tmp/mpd-wiring-T7Le7s/ws, /tmp/mpd-wiring-r3JVb0/ws. Keep one session live, or edit that workspace's .mpd/mpd.jsonc directly.
[mpd-config] settings bridge: saved to settings — NOT written to any file: 2 live workspaces, so the target is ambiguous. Candidates: /tmp/mpd-wiring-T7Le7s/ws, /tmp/mpd-wiring-r3JVb0/ws. Keep one session live, or edit that workspace's .mpd/mpd.jsonc directly.
[mpd-config] settings bridge ambiguous-multi-root: {"writtenTo":[],"skipped":"ambiguous-multi-root","candidates":["/tmp/mpd-wiring-T7Le7s/ws","/tmp/mpd-wiring-r3JVb0/ws"],"results":[],"applies":"restart","source":"update","revision":2}
(pass) the write-back target rules (design §A.1/§10.5) > U14 must-fail-on-fanout: two live roots REFUSE, name both, and touch no file [3.00ms]
[mpd-config] settings bridge: registered the "mpd" namespace with the file-derived base (applies:'restart', design §10.1)
[mpd-config] settings bridge: write-back is DISABLED by config (settingsBridge.writeBack=false or MPD_DSH_TUI_SETTINGS_BRIDGE=off) — the settings value took effect, no file was written.
[mpd-config] settings bridge DISABLED: {"writtenTo":[],"skipped":"disabled","candidates":[],"results":[],"applies":"restart","source":"update","revision":2}
(pass) the write-back target rules (design §A.1/§10.5) > A6 negative control: the switch disables the FILE write only, never the value [0.81ms]
[mpd-config] settings bridge: registered the "mpd" namespace with the file-derived base (applies:'restart', design §10.1)
[mpd-config] settings bridge: write-back is DISABLED by config (settingsBridge.writeBack=false or MPD_DSH_TUI_SETTINGS_BRIDGE=off) — the settings value took effect, no file was written.
[mpd-config] settings bridge DISABLED: {"writtenTo":[],"skipped":"disabled","candidates":[],"results":[],"applies":"restart","source":"update","revision":2}
(pass) the write-back target rules (design §A.1/§10.5) > the design's flat key (`writeBack:false`) disables it too, and both spellings are reported [0.55ms]
[mpd-config] settings bridge: registered the "mpd" namespace with the file-derived base (applies:'restart', design §10.1)
[mpd-config] settings bridge: write-back is DISABLED by config (settingsBridge.writeBack=false or MPD_DSH_TUI_SETTINGS_BRIDGE=off) — the settings value took effect, no file was written.
[mpd-config] settings bridge DISABLED: {"writtenTo":[],"skipped":"disabled","candidates":[],"results":[],"applies":"restart","source":"update","revision":2}
(pass) the write-back target rules (design §A.1/§10.5) > the env lever disables it too (MPD_DSH_TUI_SETTINGS_BRIDGE=off) [0.49ms]
[mpd-config] settings bridge: registered the "mpd" namespace with the file-derived base (applies:'restart', design §10.1)
[mpd-config] settings bridge: migrated 1 saved settings value(s) into /tmp/mpd-wiring-ekM0EU/ws/.mpd/mpd.jsonc (marker bridge.migratedRevision=2).
(pass) the write-back target rules (design §A.1/§10.5) > a provider reload is a READ-IN only: it never echoes into a file write [3.87ms]
[mpd-config] settings bridge: registered the "mpd" namespace with the file-derived base (applies:'restart', design §10.1)
[mpd-config] settings bridge: migrated 1 saved settings value(s) into /tmp/mpd-wiring-Dz3NDw/ws/.mpd/mpd.jsonc (marker bridge.migratedRevision=2).
(pass) the write-back target rules (design §A.1/§10.5) > a raw-section change with NO new leaf writes nothing (the loop gate) [0.80ms]
[mpd-config] settings bridge: registered the "mpd" namespace with the file-derived base (applies:'restart', design §10.1)
[mpd-config] settings bridge: migrated 1 saved settings value(s) into /tmp/mpd-wiring-xY9F3V/ws/.mpd/mpd.jsonc (marker bridge.migratedRevision=5).
(pass) migration (design §6, U15) > a pre-seeded user section migrates into the file once and records the marker [7.97ms]
[mpd-config] settings bridge: registered the "mpd" namespace with the file-derived base (applies:'restart', design §10.1)
(pass) migration (design §6, U15) > idempotence: a second boot at the recorded revision writes nothing [1.90ms]
[mpd-config] settings bridge: registered the "mpd" namespace with the file-derived base (applies:'restart', design §10.1)
[mpd-config] settings bridge: migration deferred — no live session workspace to migrate into (nothing was written to process.cwd()).
(pass) migration (design §6, U15) > with no live root the migration is DEFERRED and nothing is written to the mount-time fallback root [1.82ms]
[mpd-config] settings bridge: 2 live workspaces (/tmp/mpd-wiring-w33hRc/ws, /tmp/mpd-wiring-hZmVQa/ws) — the namespace base is NOT derived from a file, because the file is per-workspace and the namespace is host-global; both front doors will show the schema defaults until exactly one workspace is live.
[mpd-config] settings bridge: registered the "mpd" namespace with the file-derived base (applies:'restart', design §10.1)
[mpd-config] settings bridge: saved to settings — NOT written to any file: 2 live workspaces, so the target is ambiguous. Candidates: /tmp/mpd-wiring-w33hRc/ws, /tmp/mpd-wiring-hZmVQa/ws. Keep one session live, or edit that workspace's .mpd/mpd.jsonc directly.
(pass) migration (design §6, U15) > two live roots defer the migration with the ambiguous reason, not a guess [1.95ms]
[mpd-config] settings bridge: registered the "mpd" namespace with the file-derived base (applies:'restart', design §10.1)
[mpd-config] settings bridge: migration did NOT complete (unparsable unparsable for /tmp/mpd-wiring-56C2Wd/ws/.mpd/mpd.jsonc); the settings document is left untouched so nothing is lost.
(pass) migration (design §6, U15) > a refusing target aborts the migration loudly and leaves the document alone [1.93ms]
[mpd-config] settings bridge: registered the "mpd" namespace with the file-derived base (applies:'restart', design §10.1)
[mpd-config] settings bridge WROTE: {"writtenTo":["/tmp/mpd-wiring-8WCPQc/ws/.mpd/mpd.jsonc"],"skipped":null,"candidates":[],"results":[{"root":"/tmp/mpd-wiring-8WCPQc/ws","file":"/tmp/mpd-wiring-8WCPQc/ws/.mpd/mpd.jsonc","outcome":"written"}],"applies":"restart","source":"update","revision":6}
[mpd-config] settings bridge: migrated 1 saved settings value(s) into /tmp/mpd-wiring-8WCPQc/ws/.mpd/mpd.jsonc (marker bridge.migratedRevision=5).
[mpd-config] settings bridge: a file edit won — cleared the overlapping settings override(s) ulw.maxRounds so the file's new value applies.
(pass) the §1.2 clearing rule (a fresh FILE edit wins over a stale override) > a file value the bridge recorded is unset from the user section under the revision fence [3.21ms]
[mpd-config] settings bridge: registered the "mpd" namespace with the file-derived base (applies:'restart', design §10.1)
(pass) the file-derived base under the captain's cardinality rule (§10.1 + ruling) > ONE live root: the base is that workspace's file (a file value that differs from the schema default) [0.59ms]
[mpd-config] settings bridge: registered the "mpd" namespace with the file-derived base (applies:'restart', design §10.1)
(pass) the file-derived base under the captain's cardinality rule (§10.1 + ruling) > ZERO live roots: the mount-time root is used, and no file there means an empty base (schema defaults) [0.35ms]
[mpd-config] settings bridge: 2 live workspaces (/tmp/mpd-wiring-tI1rw3/ws, /tmp/mpd-wiring-VNxLJo/ws) — the namespace base is NOT derived from a file, because the file is per-workspace and the namespace is host-global; both front doors will show the schema defaults until exactly one workspace is live.
[mpd-config] settings bridge: registered the "mpd" namespace with the file-derived base (applies:'restart', design §10.1)
(pass) the file-derived base under the captain's cardinality rule (§10.1 + ruling) > N live roots: NO base is invented, the ambiguity is surfaced, and the schema defaults stand [0.86ms]

 23 pass
 0 fail
 101 expect() calls
Ran 23 tests across 1 file. [154.00ms]
