[mpd-codegraph] init status=ok binary=/root/dshProj/my-power-dsh/.toolchain/node_modules/.bin/codegraph cwd=/tmp/mpd-c2-cLEzfn/ws
[mpd-dsh-adapter] mpdDsh provided (harness seams resolved lazily, inject-free)
[mpd-bootstrap] skill corpus served from /root/dshProj/my-power-dsh/skills (provider mpd-bundle, bundle 0.9.1)
[mpd-team-watchdog] applied: enabled=true warnSilenceMs=90000 tickIntervalMs=15000 warnStreakToEscalate=3 actionOnEscalate=pause stateDir=.mpd/team disposers=8 holdService=mpdWatchdog hydratedHolds=0 deadTeamGraceMs=86400000 toolInFlightMaxMs=900000 holdTtlMs=900000 predicate=channel enrichment=on
[mpd-ext] mpdExtensions provided (apiVersion 1) | adapterIdentity=mounted:mpdDsh | tools: mpd_ext_list, mpd_ext_show, mpd_flow_list, mpd_flow_show | skill providers: mpd-ext:mpd-ext-example, mpd-ext:project-plane | project plane: <session workspace>/.mpd/extensions (per call)
[mpd-roles] mpdRoles provided (base roles: 11) | adapterIdentity=mounted:mpdDsh
[mpd-config] settings bridge: registered the "mpd" namespace with the file-derived base (applies:'restart', design §10.1)
Done — with one caveat worth flagging clearly.

## Tool-level anomaly

`mpd_ultrawork` **errored at the output-serialization boundary** on every call:

```
Error: tool "mpd_ultrawork" returned invalid output: "value.planFile" must be a string
```

This is an output-schema bug, not an execution failure: with `plan=false` (and no plan file under `.mpd/plans/`), the engine sets `planFile: null`, which its own result schema requires to be a string. The engine itself ran to completion and persisted state both times, so I read the results directly from disk.

## Result (final run — the retry)

| Field | Value |
|---|---|
| status | `complete` |
| rounds | `2` (cap; finished in wave 1, `fruitlessWaves: 0`) |
| verdict | `n/a` (verification lane skipped: no plan file + light tier without `strictReview`) |
| state file | `/tmp/mpd-c2-cLEzfn/ws/.mpd/ulw/ulw-b2135282/state.json` |
| ledger | `/tmp/mpd-c2-cLEzfn/ws/.mpd/ulw/ulw-b2135282/ledger.jsonl` |

**Criteria states** — both covered criteria are `clean`:

| key | state | label |
|---|---|---|
| `c1-file-exists` | `clean` | utils.txt exists as a regular file at workspace root |
| `c2-three-lines-order` | `clean` | exactly three lines alpha, beta, gamma in order, one per line (no extra lines, CR, or BOM) |

First run (before the retry) is also on disk and likewise `complete` with one `clean` criterion `C1`: `/tmp/mpd-c2-cLEzfn/ws/.mpd/ulw/ulw-5b599e23/state.json`.

## Independent verification of the deliverable

I re-verified `utils.txt` myself rather than trusting the recorded evidence:

```
$ wc -l -c utils.txt          →  3 17 utils.txt
$ nl -ba utils.txt            →  1 alpha / 2 beta / 3 gamma
$ od -c utils.txt             →  a l p h a \n b e t a \n g a m m a \n
$ sha256sum utils.txt         →  4fdbc441ea7b546100e086ac1e4fc5ae6749b7314311c99db05be450eca12996
```

Matches the digest recorded in the first run's evidence exactly. No scratch files left behind.

**Bottom line:** the objective is met (verified), state is persisted — but `mpd_ultrawork` cannot currently return a valid result object for `light`/`plan=false`, so callers should read `.mpd/ulw/<id>/state.json` until the `planFile` schema is relaxed to accept null. I did not work around it with `mpd_ulw`, since that alias shares the same result-shaping path and would only have burned a third run.
dsh: reasoning:
The tool failed due to plan=false in light tier causing planFile to be missing. Interesting. The user asked for light tier, plan=false, maxRounds=2. The tool errored. Let me try to inspect what's happening. Maybe the error is a validation issue with the tool's output schema. Possibly I need to retry, or maybe use mpd_ulw (lightweight alias) which is the same engine with tier=light, plan=false, hyperplan=false.

mpd_ulw is described as: "Lightweight ulw-loop alias: same engine as mpd_ultrawork with tier=light, plan=false, hyperplan=false." That matches exactly the requested configuration. But the user explicitly asked to run mpd_ultrawork (light tier, plan=false, maxRounds=2). The error may be a genuine bug in the ultrawork tool with plan=false producing undefined planFile. Let me retry once — maybe transient. Actually the error says "value.planFile" must be a string — that's output schema validation, deterministic given plan=false likely.

Let me first check the state dir maybe. Let me try mpd_ulw as the equivalent, which may have a different result shaping. But before that, let me retry mpd_ultrawork once to confirm reproducibility.

Let me also check .mpd/ulw directory.

I should perhaps report honestly. But let's try alternatives: mpd_ulw with maxRounds=2 — same semantics (light, plan=false, hyperplan=false). The user's requested config is exactly mpd_ulw's config. Let's try that.

Also I should check whether the file gets created. Let me run the retry and inspect state concurrently.

Actually careful: run mpd_ultrawork retry first, then mpd_ulw. Let's do the retry and a bash ls in parallel.
dsh: reasoning:
The tool errored reproducibly. But state was written: two ulw runs exist. Note one ulw dir has state.json (1486 bytes) and the other has... let's see. Interestingly utils.txt already exists with 17 bytes. Hmm, utils.txt is 17 bytes, owner root, permissions -rw-------. "alpha\nbeta\ngamma\n" = 5+1+4+1+5+1 = 17 bytes. So the file already exists and matches!

Wait — it existed before my run? The workspace listing shows utils.txt with timestamp Sep 18 09:42 same as everything else. This looks like a pre-seeded fixture workspace. So utils.txt already exists with exactly the required content.

Now let me inspect the state.json files to report status, rounds, criteria states, state file path. The tool errored on output schema because planFile isn't a string when plan=false (a bug in the tool's output schema). But the engine ran and wrote state.

Let me read the state files. Also let's check the second ulw dir contents.

Let me read both state.json files and ledger.jsonl.
dsh: reasoning:
Two runs happened: ulw-5b599e23 (first) and ulw-b2135282 (second retry). Both wrote state. Let's read the second one's state.json and both ledgers.

The user asked to return status, rounds, criteria states, state file path.

Given two runs occurred, I should present both — the second being the final (retry). Let me read.
dsh: reasoning:
Both runs completed successfully (status complete, criteria clean). The tool call itself errored at the output-serialization boundary (`value.planFile` must be a string) because planFile is null when plan=false — an output schema bug in mpd_ultrawork. But the engine executed: it wrote state.json + ledger.jsonl each time, and utils.txt exists with correct content.

Now, the user asked for: status, rounds, criteria states, state file path. There are two runs because I retried. The latest/final is ulw-b2135282. I should report both honestly, noting the tool surfaced an error despite the engine completing.

Should I try mpd_ulw as an alternative to get a clean tool return? That would create a third run and duplicate work. The requested config (light, plan=false, maxRounds=2) is exactly mpd_ulw's config, and it would likely hit the same output bug. Not needed — the deliverable is verified and the state files exist. I could mention it as an option.

Let me double-check the final workspace state: utils.txt exists, 3 lines, 17 bytes, correct content. Is there any leftover scratch? The evidence says scratch removed. Let me confirm workspace is clean — earlier ls showed only .codegraph, .mpd, utils.txt. Good.

One consideration: the file pre-existed with the exact content (timestamped at fixture setup). The first run's evidence claims RED: cat -> No such file or directory before the change, then GREEN created it. So the engine did create it (or the fixture did). Either way, content verified.

Let me report concisely with the requested fields. Also note the bug clearly and honestly — output validation error, but engine ran and persisted state.

Let me present a table of criteria states.

Note: rounds = 2 is the maxRounds cap; the run completed in wave 1 with fruitlessWaves 0.

Also worth reporting: verdict "n/a" (verification lane skipped because no plan file and light tier without strictReview).

I'll give the primary answer for the final run and mention the first attempt's state file.

Should I also verify there's no need to do more work? The objective is achieved. Done.

No background jobs, no team. Simple report.
