bun test v1.3.14 (0d9b296a)

packages/mpd-bundle-plugin/test/sidebar-tab.test.mjs:
(pass) client seam policy > declares only services this profile is guaranteed to mount [0.36ms]
(pass) client seam policy > never declares the sidebar statically (that would park the whole entry) [0.25ms]
(pass) client seam policy > waits for the sidebar through ctx.inject instead of a one-shot probe [0.05ms]
(pass) with DSH-better-sidebar installed > registers the AgentTeams page and the workmate library, and no legacy floater [0.23ms]
(pass) with DSH-better-sidebar installed > the adopted client half is never applied (it would re-register the removed surfaces) [0.02ms]
(pass) with DSH-better-sidebar installed > both tab descriptors are valid sidebar pages [0.31ms]
(pass) with DSH-better-sidebar installed > keeps the locale namespaces registered [0.03ms]
(pass) workmate page > renders the library from the host routes [7.77ms]
(pass) workmate page dictionaries > registers the workmate namespace with both dictionaries [0.99ms]
(pass) workmate page dictionaries > zh is the key-set source of truth and en matches it key for key (§L A7) [1.03ms]
(pass) workmate page dictionaries > the mutation surface is localized in BOTH languages, not hardcoded English [0.87ms]
(pass) workmate page dictionaries > the tab-strip label stays hardcoded English (contract §K, deliberate deferral) [0.87ms]
(pass) workmate failure reasons (§D) reach the page as readable messages > every reason code maps to a distinct, readable message [0.70ms]
(pass) workmate failure reasons (§D) reach the page as readable messages > an in-use refusal names the blocking team and member (§E, user decision D2) [0.25ms]
(pass) workmate failure reasons (§D) reach the page as readable messages > an unknown failure falls back to the server text, never to a raw reason key [0.08ms]
(pass) workmate page mutation controls > delete is an explicit two-step confirmation, never one destructive click (D1) [19.50ms]
(pass) workmate page mutation controls > purge cannot be submitted without typing the exact name (§D confirm-required) [27.47ms]
(pass) workmate page mutation controls > the archive confirmation posts that workmate and reports the archived outcome [15.31ms]
(pass) workmate page mutation controls > a rename posts { name, new_name } and follows the new key (§H no stale selection) [15.34ms]
(pass) workmate page mutation controls > an in-use refusal is shown with the blocking team/member, not a generic failure (§E) [15.49ms]
(pass) workmate page mutation controls > a 409 collision is reported as taken, and an unknown key drops the stale selection [15.41ms]
(pass) workmate page mutation controls > a same-key rename is refused locally and explains itself (t8 L1) [12.91ms]
(pass) workmate page mutation controls > a purge never reports itself as a plain delete (t8 L2) [0.69ms]
(pass) workmate page mutation controls > the zh reason strings are complete sentences without a stray gap (t8 L3) [0.74ms]
(pass) workmate page mutation controls > a detail load that fails stops claiming to load (t8 L4) [9.97ms]
(pass) without DSH-better-sidebar > registers no sidebar surface at all — there is no floating fallback [1.02ms]

 26 pass
 0 fail
 365 expect() calls
Ran 26 tests across 1 file. [234.00ms]
