bun test v1.3.14 (0d9b296a)

packages/mpd-agent-teams-plugin/self-fix-tests/terminal-rearm-refusal.test.mjs:
(pass) T-79(a): the compose's ROTATION PRIMITIVE refuses terminal work, naming the status [4.08ms]
(pass) T-79(b): the real scheduler, in-process, never re-arms or delivers a TERMINAL task [20.02ms]
(pass) T-79(c): the sanctioned revive path survives — reassign_task re-opens with a FRESH id [39.95ms]
(pass) T-79(d): a STALE capability on terminal work is REFUSED (captain's idempotent path) [18.19ms]
(pass) T-79 negative control: with both guards removed, the SAME calls rotate and answer success [96.69ms]
(pass) T-79 restart leg: a FRESH PROCESS sees the same refusal (the restart-based re-observation) [236.08ms]

packages/mpd-agent-teams-plugin/self-fix-tests/terminal-rearm-refusal.test.mjs:

packages/mpd-agent-teams-plugin/self-fix-tests/terminal-rearm-refusal.test.mjs:

packages/mpd-agent-teams-plugin/self-fix-tests/terminal-rearm-refusal.test.mjs:

packages/mpd-agent-teams-plugin/self-fix-tests/terminal-rearm-refusal.test.mjs:

packages/mpd-agent-teams-plugin/self-fix-tests/terminal-rearm-refusal.test.mjs:

packages/mpd-agent-teams-plugin/self-fix-tests/terminal-rearm-refusal.test.mjs:

packages/mpd-agent-teams-plugin/self-fix-tests/terminal-rearm-refusal.test.mjs:

packages/mpd-agent-teams-plugin/self-fix-tests/terminal-rearm-refusal.test.mjs:

packages/mpd-agent-teams-plugin/self-fix-tests/terminal-rearm-refusal.test.mjs:

packages/mpd-agent-teams-plugin/self-fix-tests/terminal-rearm-refusal.test.mjs:

packages/mpd-agent-teams-plugin/self-fix-tests/terminal-rearm-refusal.test.mjs:

packages/mpd-agent-teams-plugin/self-fix-tests/terminal-rearm-refusal.test.mjs:

packages/mpd-agent-teams-plugin/self-fix-tests/terminal-rearm-refusal.test.mjs:

packages/mpd-agent-teams-plugin/self-fix-tests/terminal-rearm-refusal.test.mjs:

packages/mpd-agent-teams-plugin/self-fix-tests/terminal-rearm-refusal.test.mjs:

packages/mpd-agent-teams-plugin/self-fix-tests/terminal-rearm-refusal.test.mjs:

packages/mpd-agent-teams-plugin/self-fix-tests/terminal-rearm-refusal.test.mjs:

packages/mpd-agent-teams-plugin/self-fix-tests/terminal-rearm-refusal.test.mjs:

packages/mpd-agent-teams-plugin/self-fix-tests/terminal-rearm-refusal.test.mjs:

packages/mpd-agent-teams-plugin/self-fix-tests/terminal-rearm-refusal.test.mjs:

packages/mpd-agent-teams-plugin/self-fix-tests/terminal-rearm-refusal.test.mjs:

packages/mpd-agent-teams-plugin/self-fix-tests/terminal-rearm-refusal.test.mjs:

packages/mpd-agent-teams-plugin/self-fix-tests/terminal-rearm-refusal.test.mjs:

packages/mpd-agent-teams-plugin/self-fix-tests/terminal-rearm-refusal.test.mjs:

packages/mpd-agent-teams-plugin/self-fix-tests/terminal-rearm-refusal.test.mjs:

packages/mpd-agent-teams-plugin/self-fix-tests/terminal-rearm-refusal.test.mjs:

packages/mpd-agent-teams-plugin/self-fix-tests/terminal-rearm-refusal.test.mjs:

packages/mpd-agent-teams-plugin/self-fix-tests/terminal-rearm-refusal.test.mjs:

packages/mpd-agent-teams-plugin/self-fix-tests/terminal-rearm-refusal.test.mjs:

packages/mpd-agent-teams-plugin/self-fix-tests/terminal-rearm-refusal.test.mjs:

packages/mpd-agent-teams-plugin/self-fix-tests/terminal-rearm-refusal.test.mjs:

packages/mpd-agent-teams-plugin/self-fix-tests/terminal-rearm-refusal.test.mjs:

packages/mpd-agent-teams-plugin/self-fix-tests/terminal-rearm-refusal.test.mjs:

packages/mpd-agent-teams-plugin/self-fix-tests/terminal-rearm-refusal.test.mjs:

packages/mpd-agent-teams-plugin/self-fix-tests/terminal-rearm-refusal.test.mjs:

packages/mpd-agent-teams-plugin/self-fix-tests/terminal-rearm-refusal.test.mjs:

packages/mpd-agent-teams-plugin/self-fix-tests/terminal-rearm-refusal.test.mjs:

packages/mpd-agent-teams-plugin/self-fix-tests/terminal-rearm-refusal.test.mjs:

packages/mpd-agent-teams-plugin/self-fix-tests/terminal-rearm-refusal.test.mjs:

packages/mpd-agent-teams-plugin/self-fix-tests/terminal-rearm-refusal.test.mjs:

packages/mpd-agent-teams-plugin/self-fix-tests/terminal-rearm-refusal.test.mjs:

packages/mpd-agent-teams-plugin/self-fix-tests/terminal-rearm-refusal.test.mjs:

packages/mpd-agent-teams-plugin/self-fix-tests/terminal-rearm-refusal.test.mjs:

packages/mpd-agent-teams-plugin/self-fix-tests/terminal-rearm-refusal.test.mjs:

packages/mpd-agent-teams-plugin/self-fix-tests/terminal-rearm-refusal.test.mjs:

packages/mpd-agent-teams-plugin/self-fix-tests/terminal-rearm-refusal.test.mjs:

packages/mpd-agent-teams-plugin/self-fix-tests/terminal-rearm-refusal.test.mjs:

packages/mpd-agent-teams-plugin/self-fix-tests/terminal-rearm-refusal.test.mjs:

packages/mpd-agent-teams-plugin/self-fix-tests/terminal-rearm-refusal.test.mjs:

packages/mpd-agent-teams-plugin/self-fix-tests/terminal-rearm-refusal.test.mjs:

packages/mpd-agent-teams-plugin/self-fix-tests/terminal-rearm-refusal.test.mjs:

packages/mpd-agent-teams-plugin/self-fix-tests/terminal-rearm-refusal.test.mjs:

packages/mpd-agent-teams-plugin/self-fix-tests/terminal-rearm-refusal.test.mjs:

packages/mpd-agent-teams-plugin/self-fix-tests/terminal-rearm-refusal.test.mjs:

packages/mpd-agent-teams-plugin/self-fix-tests/terminal-rearm-refusal.test.mjs:

packages/mpd-agent-teams-plugin/self-fix-tests/terminal-rearm-refusal.test.mjs:

packages/mpd-agent-teams-plugin/self-fix-tests/terminal-rearm-refusal.test.mjs:

packages/mpd-agent-teams-plugin/self-fix-tests/terminal-rearm-refusal.test.mjs:

packages/mpd-agent-teams-plugin/self-fix-tests/terminal-rearm-refusal.test.mjs:

packages/mpd-agent-teams-plugin/self-fix-tests/terminal-rearm-refusal.test.mjs:

packages/mpd-agent-teams-plugin/self-fix-tests/terminal-rearm-refusal.test.mjs:

packages/mpd-agent-teams-plugin/self-fix-tests/terminal-rearm-refusal.test.mjs:

packages/mpd-agent-teams-plugin/self-fix-tests/terminal-rearm-refusal.test.mjs:

packages/mpd-agent-teams-plugin/self-fix-tests/terminal-rearm-refusal.test.mjs:

packages/mpd-agent-teams-plugin/self-fix-tests/terminal-rearm-refusal.test.mjs:

packages/mpd-agent-teams-plugin/self-fix-tests/terminal-rearm-refusal.test.mjs:

packages/mpd-agent-teams-plugin/self-fix-tests/terminal-rearm-refusal.test.mjs:

packages/mpd-agent-teams-plugin/self-fix-tests/terminal-rearm-refusal.test.mjs:

packages/mpd-agent-teams-plugin/self-fix-tests/terminal-rearm-refusal.test.mjs:

packages/mpd-agent-teams-plugin/self-fix-tests/terminal-rearm-refusal.test.mjs:

packages/mpd-agent-teams-plugin/self-fix-tests/terminal-rearm-refusal.test.mjs:

packages/mpd-agent-teams-plugin/self-fix-tests/terminal-rearm-refusal.test.mjs:

packages/mpd-agent-teams-plugin/self-fix-tests/terminal-rearm-refusal.test.mjs:

packages/mpd-agent-teams-plugin/self-fix-tests/terminal-rearm-refusal.test.mjs:

packages/mpd-agent-teams-plugin/self-fix-tests/terminal-rearm-refusal.test.mjs:

packages/mpd-agent-teams-plugin/self-fix-tests/terminal-rearm-refusal.test.mjs:

packages/mpd-agent-teams-plugin/self-fix-tests/terminal-rearm-refusal.test.mjs:

packages/mpd-agent-teams-plugin/self-fix-tests/terminal-rearm-refusal.test.mjs:

packages/mpd-agent-teams-plugin/self-fix-tests/terminal-rearm-refusal.test.mjs:

packages/mpd-agent-teams-plugin/self-fix-tests/terminal-rearm-refusal.test.mjs:

 6 pass
 0 fail
 44 expect() calls
Ran 6 tests across 81 files. [5.75s]
