bun test v1.3.14 (0d9b296a)

packages/mpd-agent-teams-plugin/self-fix-tests/repair-source-deadlock.test.mjs:
(pass) T-81: a repair on an OPEN source does NOT acquire the deadlock edge, and is claimable at once [3.72ms]
(pass) T-81 regression control: a review of an OPEN source still wires the edge [0.17ms]
(pass) T-81 negative control: with the pre-fix unconditional edge, the SAME fixture PARKS [9.70ms]

packages/mpd-agent-teams-plugin/self-fix-tests/repair-source-deadlock.test.mjs:

packages/mpd-agent-teams-plugin/self-fix-tests/repair-source-deadlock.test.mjs:

packages/mpd-agent-teams-plugin/self-fix-tests/repair-source-deadlock.test.mjs:

packages/mpd-agent-teams-plugin/self-fix-tests/repair-source-deadlock.test.mjs:

packages/mpd-agent-teams-plugin/self-fix-tests/repair-source-deadlock.test.mjs:

packages/mpd-agent-teams-plugin/self-fix-tests/repair-source-deadlock.test.mjs:

packages/mpd-agent-teams-plugin/self-fix-tests/repair-source-deadlock.test.mjs:

packages/mpd-agent-teams-plugin/self-fix-tests/repair-source-deadlock.test.mjs:

packages/mpd-agent-teams-plugin/self-fix-tests/repair-source-deadlock.test.mjs:

packages/mpd-agent-teams-plugin/self-fix-tests/repair-source-deadlock.test.mjs:

packages/mpd-agent-teams-plugin/self-fix-tests/repair-source-deadlock.test.mjs:

packages/mpd-agent-teams-plugin/self-fix-tests/repair-source-deadlock.test.mjs:

packages/mpd-agent-teams-plugin/self-fix-tests/repair-source-deadlock.test.mjs:

packages/mpd-agent-teams-plugin/self-fix-tests/repair-source-deadlock.test.mjs:

packages/mpd-agent-teams-plugin/self-fix-tests/repair-source-deadlock.test.mjs:

packages/mpd-agent-teams-plugin/self-fix-tests/repair-source-deadlock.test.mjs:

packages/mpd-agent-teams-plugin/self-fix-tests/repair-source-deadlock.test.mjs:

packages/mpd-agent-teams-plugin/self-fix-tests/repair-source-deadlock.test.mjs:

packages/mpd-agent-teams-plugin/self-fix-tests/repair-source-deadlock.test.mjs:

packages/mpd-agent-teams-plugin/self-fix-tests/repair-source-deadlock.test.mjs:

packages/mpd-agent-teams-plugin/self-fix-tests/repair-source-deadlock.test.mjs:

packages/mpd-agent-teams-plugin/self-fix-tests/repair-source-deadlock.test.mjs:

packages/mpd-agent-teams-plugin/self-fix-tests/repair-source-deadlock.test.mjs:

packages/mpd-agent-teams-plugin/self-fix-tests/repair-source-deadlock.test.mjs:

packages/mpd-agent-teams-plugin/self-fix-tests/repair-source-deadlock.test.mjs:

packages/mpd-agent-teams-plugin/self-fix-tests/repair-source-deadlock.test.mjs:

packages/mpd-agent-teams-plugin/self-fix-tests/repair-source-deadlock.test.mjs:

packages/mpd-agent-teams-plugin/self-fix-tests/repair-source-deadlock.test.mjs:

packages/mpd-agent-teams-plugin/self-fix-tests/repair-source-deadlock.test.mjs:

packages/mpd-agent-teams-plugin/self-fix-tests/repair-source-deadlock.test.mjs:

packages/mpd-agent-teams-plugin/self-fix-tests/repair-source-deadlock.test.mjs:

packages/mpd-agent-teams-plugin/self-fix-tests/repair-source-deadlock.test.mjs:

packages/mpd-agent-teams-plugin/self-fix-tests/repair-source-deadlock.test.mjs:

packages/mpd-agent-teams-plugin/self-fix-tests/repair-source-deadlock.test.mjs:

packages/mpd-agent-teams-plugin/self-fix-tests/repair-source-deadlock.test.mjs:

packages/mpd-agent-teams-plugin/self-fix-tests/repair-source-deadlock.test.mjs:

packages/mpd-agent-teams-plugin/self-fix-tests/repair-source-deadlock.test.mjs:

packages/mpd-agent-teams-plugin/self-fix-tests/repair-source-deadlock.test.mjs:

packages/mpd-agent-teams-plugin/self-fix-tests/repair-source-deadlock.test.mjs:

packages/mpd-agent-teams-plugin/self-fix-tests/repair-source-deadlock.test.mjs:

packages/mpd-agent-teams-plugin/self-fix-tests/repair-source-deadlock.test.mjs:

packages/mpd-agent-teams-plugin/self-fix-tests/repair-source-deadlock.test.mjs:

packages/mpd-agent-teams-plugin/self-fix-tests/repair-source-deadlock.test.mjs:

packages/mpd-agent-teams-plugin/self-fix-tests/repair-source-deadlock.test.mjs:

packages/mpd-agent-teams-plugin/self-fix-tests/repair-source-deadlock.test.mjs:

packages/mpd-agent-teams-plugin/self-fix-tests/repair-source-deadlock.test.mjs:

packages/mpd-agent-teams-plugin/self-fix-tests/repair-source-deadlock.test.mjs:

packages/mpd-agent-teams-plugin/self-fix-tests/repair-source-deadlock.test.mjs:

packages/mpd-agent-teams-plugin/self-fix-tests/repair-source-deadlock.test.mjs:

packages/mpd-agent-teams-plugin/self-fix-tests/repair-source-deadlock.test.mjs:

packages/mpd-agent-teams-plugin/self-fix-tests/repair-source-deadlock.test.mjs:

packages/mpd-agent-teams-plugin/self-fix-tests/repair-source-deadlock.test.mjs:

packages/mpd-agent-teams-plugin/self-fix-tests/repair-source-deadlock.test.mjs:

packages/mpd-agent-teams-plugin/self-fix-tests/repair-source-deadlock.test.mjs:

packages/mpd-agent-teams-plugin/self-fix-tests/repair-source-deadlock.test.mjs:

packages/mpd-agent-teams-plugin/self-fix-tests/repair-source-deadlock.test.mjs:

packages/mpd-agent-teams-plugin/self-fix-tests/repair-source-deadlock.test.mjs:

packages/mpd-agent-teams-plugin/self-fix-tests/repair-source-deadlock.test.mjs:

packages/mpd-agent-teams-plugin/self-fix-tests/repair-source-deadlock.test.mjs:

packages/mpd-agent-teams-plugin/self-fix-tests/repair-source-deadlock.test.mjs:

packages/mpd-agent-teams-plugin/self-fix-tests/repair-source-deadlock.test.mjs:

packages/mpd-agent-teams-plugin/self-fix-tests/repair-source-deadlock.test.mjs:

packages/mpd-agent-teams-plugin/self-fix-tests/repair-source-deadlock.test.mjs:

packages/mpd-agent-teams-plugin/self-fix-tests/repair-source-deadlock.test.mjs:

packages/mpd-agent-teams-plugin/self-fix-tests/repair-source-deadlock.test.mjs:

packages/mpd-agent-teams-plugin/self-fix-tests/repair-source-deadlock.test.mjs:

packages/mpd-agent-teams-plugin/self-fix-tests/repair-source-deadlock.test.mjs:

packages/mpd-agent-teams-plugin/self-fix-tests/repair-source-deadlock.test.mjs:

packages/mpd-agent-teams-plugin/self-fix-tests/repair-source-deadlock.test.mjs:

packages/mpd-agent-teams-plugin/self-fix-tests/repair-source-deadlock.test.mjs:

packages/mpd-agent-teams-plugin/self-fix-tests/repair-source-deadlock.test.mjs:

packages/mpd-agent-teams-plugin/self-fix-tests/repair-source-deadlock.test.mjs:

packages/mpd-agent-teams-plugin/self-fix-tests/repair-source-deadlock.test.mjs:

packages/mpd-agent-teams-plugin/self-fix-tests/repair-source-deadlock.test.mjs:

packages/mpd-agent-teams-plugin/self-fix-tests/repair-source-deadlock.test.mjs:

packages/mpd-agent-teams-plugin/self-fix-tests/repair-source-deadlock.test.mjs:

packages/mpd-agent-teams-plugin/self-fix-tests/repair-source-deadlock.test.mjs:

packages/mpd-agent-teams-plugin/self-fix-tests/repair-source-deadlock.test.mjs:

packages/mpd-agent-teams-plugin/self-fix-tests/repair-source-deadlock.test.mjs:

packages/mpd-agent-teams-plugin/self-fix-tests/repair-source-deadlock.test.mjs:

 3 pass
 0 fail
 12 expect() calls
Ran 3 tests across 81 files. [5.04s]
