bun test v1.3.14 (0d9b296a)

packages/mpd-roles-plugin/test/adapter-identity.test.ts:
(pass) F1 vocabulary (standing pin) > the two identity literals are the agreed vocabulary [0.33ms]
(pass) F1 fallback arm: no mounted mpdDsh > warns exactly ONCE per apply and names the private adapter identity [1.81ms]
(pass) F1 fallback arm: no mounted mpdDsh > the fallback identity is assertable on the mpdRoles service field [1.83ms]
(pass) F1 fallback arm: no mounted mpdDsh > a warning reaches stdout even when the ctx exposes no logger [0.24ms]
(pass) F1 healthy arm: a mounted mpdDsh > emits NO warning and reports the mounted identity on both surfaces [0.39ms]
(pass) F1 healthy arm: a mounted mpdDsh > the three tools are registered THROUGH the mounted adapter, not beside it [0.25ms]
(pass) F1 shipped artifact > the committed dist is the byte-identical product of a canonical build (T-62) [175.02ms]
(pass) F1 shipped artifact > the built dist carries the adapter-identity fix [0.51ms]

packages/mpd-ext-plugin/test/adapter-identity.test.ts:
(pass) F1 vocabulary (standing pin) > the two identity literals are the agreed vocabulary [0.22ms]
(pass) F1 vocabulary (standing pin) > the sibling row reports the SAME vocabulary (cross-package equality) [0.08ms]
(pass) F1 fallback arm: no mounted mpdDsh > warns exactly ONCE per apply and names the private adapter identity [10.20ms]
(pass) F1 fallback arm: no mounted mpdDsh > the fallback identity is assertable on the mpdExtensions service field [1.19ms]
(pass) F1 fallback arm: no mounted mpdDsh > a warning reaches stdout even when the ctx exposes no logger [1.05ms]
(pass) F1 healthy arm: a mounted mpdDsh > emits NO warning and reports the mounted identity on both surfaces [0.97ms]
(pass) F1 healthy arm: a mounted mpdDsh > the four tools are registered THROUGH the mounted adapter, not beside it [0.79ms]
(pass) F1 shipped artifact > the committed dists are the byte-identical products of a canonical build (T-62) [204.58ms]
(pass) F1 shipped artifact > the built dist carries the adapter-identity fix [0.94ms]

packages/mpd-roles-plugin/test/adapter-identity.test.ts:

packages/mpd-ext-plugin/test/adapter-identity.test.ts:

packages/mpd-roles-plugin/test/adapter-identity.test.ts:

packages/mpd-ext-plugin/test/adapter-identity.test.ts:

packages/mpd-roles-plugin/test/adapter-identity.test.ts:

packages/mpd-ext-plugin/test/adapter-identity.test.ts:

packages/mpd-roles-plugin/test/adapter-identity.test.ts:

packages/mpd-ext-plugin/test/adapter-identity.test.ts:

packages/mpd-roles-plugin/test/adapter-identity.test.ts:

packages/mpd-ext-plugin/test/adapter-identity.test.ts:

packages/mpd-roles-plugin/test/adapter-identity.test.ts:

packages/mpd-ext-plugin/test/adapter-identity.test.ts:

packages/mpd-roles-plugin/test/adapter-identity.test.ts:

packages/mpd-ext-plugin/test/adapter-identity.test.ts:

packages/mpd-roles-plugin/test/adapter-identity.test.ts:

packages/mpd-ext-plugin/test/adapter-identity.test.ts:

packages/mpd-roles-plugin/test/adapter-identity.test.ts:

packages/mpd-ext-plugin/test/adapter-identity.test.ts:

packages/mpd-roles-plugin/test/adapter-identity.test.ts:

packages/mpd-ext-plugin/test/adapter-identity.test.ts:

packages/mpd-roles-plugin/test/adapter-identity.test.ts:

packages/mpd-ext-plugin/test/adapter-identity.test.ts:

packages/mpd-roles-plugin/test/adapter-identity.test.ts:

packages/mpd-ext-plugin/test/adapter-identity.test.ts:

packages/mpd-roles-plugin/test/adapter-identity.test.ts:

packages/mpd-ext-plugin/test/adapter-identity.test.ts:

packages/mpd-roles-plugin/test/adapter-identity.test.ts:

packages/mpd-ext-plugin/test/adapter-identity.test.ts:

packages/mpd-roles-plugin/test/adapter-identity.test.ts:

packages/mpd-ext-plugin/test/adapter-identity.test.ts:

packages/mpd-roles-plugin/test/adapter-identity.test.ts:

packages/mpd-ext-plugin/test/adapter-identity.test.ts:

packages/mpd-roles-plugin/test/adapter-identity.test.ts:

packages/mpd-ext-plugin/test/adapter-identity.test.ts:

packages/mpd-roles-plugin/test/adapter-identity.test.ts:

packages/mpd-ext-plugin/test/adapter-identity.test.ts:

packages/mpd-roles-plugin/test/adapter-identity.test.ts:

packages/mpd-ext-plugin/test/adapter-identity.test.ts:

packages/mpd-roles-plugin/test/adapter-identity.test.ts:

packages/mpd-ext-plugin/test/adapter-identity.test.ts:

packages/mpd-roles-plugin/test/adapter-identity.test.ts:

packages/mpd-ext-plugin/test/adapter-identity.test.ts:

packages/mpd-roles-plugin/test/adapter-identity.test.ts:

packages/mpd-ext-plugin/test/adapter-identity.test.ts:

packages/mpd-roles-plugin/test/adapter-identity.test.ts:

packages/mpd-ext-plugin/test/adapter-identity.test.ts:

packages/mpd-roles-plugin/test/adapter-identity.test.ts:

packages/mpd-ext-plugin/test/adapter-identity.test.ts:

packages/mpd-roles-plugin/test/adapter-identity.test.ts:

packages/mpd-ext-plugin/test/adapter-identity.test.ts:

packages/mpd-roles-plugin/test/adapter-identity.test.ts:

packages/mpd-ext-plugin/test/adapter-identity.test.ts:

packages/mpd-roles-plugin/test/adapter-identity.test.ts:

packages/mpd-ext-plugin/test/adapter-identity.test.ts:

packages/mpd-roles-plugin/test/adapter-identity.test.ts:

packages/mpd-ext-plugin/test/adapter-identity.test.ts:

packages/mpd-roles-plugin/test/adapter-identity.test.ts:

packages/mpd-ext-plugin/test/adapter-identity.test.ts:

packages/mpd-roles-plugin/test/adapter-identity.test.ts:

packages/mpd-ext-plugin/test/adapter-identity.test.ts:

packages/mpd-roles-plugin/test/adapter-identity.test.ts:

packages/mpd-ext-plugin/test/adapter-identity.test.ts:

packages/mpd-roles-plugin/test/adapter-identity.test.ts:

packages/mpd-ext-plugin/test/adapter-identity.test.ts:

packages/mpd-roles-plugin/test/adapter-identity.test.ts:

packages/mpd-ext-plugin/test/adapter-identity.test.ts:

packages/mpd-roles-plugin/test/adapter-identity.test.ts:

packages/mpd-ext-plugin/test/adapter-identity.test.ts:

packages/mpd-roles-plugin/test/adapter-identity.test.ts:

packages/mpd-ext-plugin/test/adapter-identity.test.ts:

packages/mpd-roles-plugin/test/adapter-identity.test.ts:

packages/mpd-ext-plugin/test/adapter-identity.test.ts:

packages/mpd-roles-plugin/test/adapter-identity.test.ts:

packages/mpd-ext-plugin/test/adapter-identity.test.ts:

packages/mpd-roles-plugin/test/adapter-identity.test.ts:

packages/mpd-ext-plugin/test/adapter-identity.test.ts:

packages/mpd-roles-plugin/test/adapter-identity.test.ts:

packages/mpd-ext-plugin/test/adapter-identity.test.ts:

packages/mpd-roles-plugin/test/adapter-identity.test.ts:

packages/mpd-ext-plugin/test/adapter-identity.test.ts:

packages/mpd-roles-plugin/test/adapter-identity.test.ts:

packages/mpd-ext-plugin/test/adapter-identity.test.ts:

packages/mpd-roles-plugin/test/adapter-identity.test.ts:

packages/mpd-ext-plugin/test/adapter-identity.test.ts:

packages/mpd-roles-plugin/test/adapter-identity.test.ts:

packages/mpd-ext-plugin/test/adapter-identity.test.ts:

packages/mpd-roles-plugin/test/adapter-identity.test.ts:

packages/mpd-ext-plugin/test/adapter-identity.test.ts:

packages/mpd-roles-plugin/test/adapter-identity.test.ts:

packages/mpd-ext-plugin/test/adapter-identity.test.ts:

packages/mpd-roles-plugin/test/adapter-identity.test.ts:

packages/mpd-ext-plugin/test/adapter-identity.test.ts:

packages/mpd-roles-plugin/test/adapter-identity.test.ts:

packages/mpd-ext-plugin/test/adapter-identity.test.ts:

packages/mpd-roles-plugin/test/adapter-identity.test.ts:

packages/mpd-ext-plugin/test/adapter-identity.test.ts:

packages/mpd-roles-plugin/test/adapter-identity.test.ts:

packages/mpd-ext-plugin/test/adapter-identity.test.ts:

packages/mpd-roles-plugin/test/adapter-identity.test.ts:

packages/mpd-ext-plugin/test/adapter-identity.test.ts:

packages/mpd-roles-plugin/test/adapter-identity.test.ts:

packages/mpd-ext-plugin/test/adapter-identity.test.ts:

packages/mpd-roles-plugin/test/adapter-identity.test.ts:

packages/mpd-ext-plugin/test/adapter-identity.test.ts:

packages/mpd-roles-plugin/test/adapter-identity.test.ts:

packages/mpd-ext-plugin/test/adapter-identity.test.ts:

packages/mpd-roles-plugin/test/adapter-identity.test.ts:

packages/mpd-ext-plugin/test/adapter-identity.test.ts:

packages/mpd-roles-plugin/test/adapter-identity.test.ts:

packages/mpd-ext-plugin/test/adapter-identity.test.ts:

packages/mpd-roles-plugin/test/adapter-identity.test.ts:

packages/mpd-ext-plugin/test/adapter-identity.test.ts:

packages/mpd-roles-plugin/test/adapter-identity.test.ts:

packages/mpd-ext-plugin/test/adapter-identity.test.ts:

packages/mpd-roles-plugin/test/adapter-identity.test.ts:

packages/mpd-ext-plugin/test/adapter-identity.test.ts:

packages/mpd-roles-plugin/test/adapter-identity.test.ts:

packages/mpd-ext-plugin/test/adapter-identity.test.ts:

packages/mpd-roles-plugin/test/adapter-identity.test.ts:

packages/mpd-ext-plugin/test/adapter-identity.test.ts:

packages/mpd-roles-plugin/test/adapter-identity.test.ts:

packages/mpd-ext-plugin/test/adapter-identity.test.ts:

packages/mpd-roles-plugin/test/adapter-identity.test.ts:

packages/mpd-ext-plugin/test/adapter-identity.test.ts:

packages/mpd-roles-plugin/test/adapter-identity.test.ts:

packages/mpd-ext-plugin/test/adapter-identity.test.ts:

packages/mpd-roles-plugin/test/adapter-identity.test.ts:

packages/mpd-ext-plugin/test/adapter-identity.test.ts:

packages/mpd-roles-plugin/test/adapter-identity.test.ts:

packages/mpd-ext-plugin/test/adapter-identity.test.ts:

packages/mpd-roles-plugin/test/adapter-identity.test.ts:

packages/mpd-ext-plugin/test/adapter-identity.test.ts:

packages/mpd-roles-plugin/test/adapter-identity.test.ts:

packages/mpd-ext-plugin/test/adapter-identity.test.ts:

packages/mpd-roles-plugin/test/adapter-identity.test.ts:

packages/mpd-ext-plugin/test/adapter-identity.test.ts:

packages/mpd-roles-plugin/test/adapter-identity.test.ts:

packages/mpd-ext-plugin/test/adapter-identity.test.ts:

packages/mpd-roles-plugin/test/adapter-identity.test.ts:

packages/mpd-ext-plugin/test/adapter-identity.test.ts:

packages/mpd-roles-plugin/test/adapter-identity.test.ts:

packages/mpd-ext-plugin/test/adapter-identity.test.ts:

packages/mpd-roles-plugin/test/adapter-identity.test.ts:

packages/mpd-ext-plugin/test/adapter-identity.test.ts:

packages/mpd-roles-plugin/test/adapter-identity.test.ts:

packages/mpd-ext-plugin/test/adapter-identity.test.ts:

packages/mpd-roles-plugin/test/adapter-identity.test.ts:

packages/mpd-ext-plugin/test/adapter-identity.test.ts:

packages/mpd-roles-plugin/test/adapter-identity.test.ts:

packages/mpd-ext-plugin/test/adapter-identity.test.ts:

packages/mpd-roles-plugin/test/adapter-identity.test.ts:

packages/mpd-ext-plugin/test/adapter-identity.test.ts:

packages/mpd-roles-plugin/test/adapter-identity.test.ts:

packages/mpd-ext-plugin/test/adapter-identity.test.ts:

packages/mpd-roles-plugin/test/adapter-identity.test.ts:

packages/mpd-ext-plugin/test/adapter-identity.test.ts:

packages/mpd-roles-plugin/test/adapter-identity.test.ts:

packages/mpd-ext-plugin/test/adapter-identity.test.ts:

packages/mpd-roles-plugin/test/adapter-identity.test.ts:

packages/mpd-ext-plugin/test/adapter-identity.test.ts:

 17 pass
 0 fail
 56 expect() calls
Ran 17 tests across 162 files. [5.48s]
