{
  "ok": true,
  "output_dir": "/root/dshProj/my-power-dsh/evidence/pack-closure/review-B/20260917T084000Z-t30/fresh-run",
  "regenerated": {
    "artifacts": 17,
    "result_json_digest": "e06190ce4c7d7277",
    "result_json_note": "digest taken after the write; result.json excludes itself from its own map"
  },
  "steps": [
    [
      "closure",
      0,
      0,
      "155ms"
    ],
    [
      "closure-selftest",
      0,
      0,
      "4005ms"
    ],
    [
      "dist-fresh",
      0,
      "reported",
      "554ms"
    ],
    [
      "dist-fresh-ext-plugin",
      0,
      0,
      "115ms"
    ],
    [
      "dist-fresh-tui-plugin",
      0,
      0,
      "96ms"
    ],
    [
      "dist-fresh-selftest",
      0,
      0,
      "937ms"
    ],
    [
      "verify-gates",
      1,
      "reported",
      "1144ms"
    ],
    [
      "t67-build-form-diff",
      0,
      0,
      "104ms"
    ],
    [
      "t63-t76-seeded-mutation",
      0,
      0,
      "757ms"
    ],
    [
      "t63-out-flag-equivalence",
      0,
      0,
      "1082ms"
    ],
    [
      "t67-round-trip",
      0,
      0,
      "333ms"
    ]
  ],
  "aggregate_reported": {
    "exitCode": 1,
    "failingSubGate": [
      "[verify-vendor] FAIL - asset skills treeSha mismatch"
    ]
  },
  "harnesses_parsed": {
    "t67-build-form-diff": "ok",
    "t63-t76-seeded-mutation": "ok",
    "t63-out-flag-equivalence": "ok",
    "t67-round-trip": "ok"
  },
  "readings": {
    "closureVerdict": [
      "ok"
    ],
    "contentBytes": [
      "1181",
      "1156",
      "0",
      "25"
    ],
    "completeness": [
      "406",
      "405",
      "1",
      "0"
    ],
    "closureArms": [
      "34/34"
    ],
    "distArms": [
      "12/12"
    ],
    "stampIdentical": true,
    "expectedDriftCount": 25
  },
  "failedExpectations": [],
  "digests_skipped": {
    "driver.stdout.log": "empty file at digest time (0 bytes) - not evidence",
    "planted-empty.tmp": "empty file at digest time (0 bytes) - not evidence"
  }
}
driver exit=0
