{
  "check": "t22 — disclosure-only repair of dsh-plugin.json",
  "digests": {
    "before": "sha256:7701c48c066c528046d361752ff72671cc1093340260e144f8390345248fe7a7",
    "after": "sha256:824b74f8a4f88e5b6e71200f9cc4b76183a91c446271cdc2122275503b7870db"
  },
  "declarationIdentity": {
    "identicalOutsideDisclosure": true,
    "permissionsUnchanged": true,
    "contractsUnchanged": true,
    "contributionsUnchanged": true,
    "subscriptionsUnchanged": true,
    "optionalFallbackUnchanged": true,
    "changedTopLevelKeys": [
      "x-mpd-tui-surfaces"
    ]
  },
  "structure": {
    "missingRequiredKeys": [],
    "idMatchesNamespacedId": true,
    "hostFacetEntry": "packages/mpd-tui-plugin/dist/index.js",
    "forbidden": {
      "provides": false,
      "requiresServices": false
    }
  },
  "parser": {
    "pinnedParserAccepted": true,
    "projectedFacetEntry": "packages/mpd-tui-plugin/dist/index.js"
  },
  "disclosureContent": {
    "statesDenyDefault": true,
    "statesWaitingAuthorization": true,
    "statesNoIdentityBound": true,
    "statesLedgerUndeclared": true,
    "namesGrantFileAndId": true,
    "namesAllFourScopes": true,
    "statesCompatibleAlternative": true,
    "forbiddenWordingAbsent": true
  },
  "ok": true
}
