bun test v1.4.0 (34cbb9a40)

packages/mpd-dsh-adapter-plugin/test/no-direct-team-access.test.ts:
NO-DIRECT-TEAM-ACCESS — D6 static gate (docs/plan-0.1.7-adaptation.md §4)
band: packages/mpd-*/src/**/*.ts, minus packages/mpd-dsh-adapter-plugin (the ONE sanctioned route)
scanned: 24 package(s), 108 .ts file(s)
RESULT: FAIL (1 finding(s)) — every mpd plugin must reach the team service through mpd-dsh-adapter:
  packages/mpd-team-core-plugin/src/index.ts:938: agentTeams — dsh.onServiceBound(["subagents", "agentTeams"], () => reportExecutor())
NO-DIRECT-TEAM-ACCESS — D6 static gate (docs/plan-0.1.7-adaptation.md §4)
band: packages/mpd-*/src/**/*.ts, minus packages/mpd-dsh-adapter-plugin (the ONE sanctioned route)
scanned: 24 package(s), 108 .ts file(s)
RESULT: FAIL (1 finding(s)) — every mpd plugin must reach the team service through mpd-dsh-adapter:
  packages/mpd-team-core-plugin/src/index.ts:938: agentTeams — dsh.onServiceBound(["subagents", "agentTeams"], () => reportExecutor())
636 |   const { expect, test } = await import("bun:test")
637 |   test("no direct Agent Teams access outside the adapter (D6)", () => {
638 |     /** The scan of the REAL band this repository currently carries. */
639 |     const result = scanDirectTeamAccess(REPO_ROOT)
640 |     report(result)
641 |     expect(result.findings).toEqual([])
                                  ^
error: expect(received).toEqual(expected)

- []
+ [
+   {
+     "file": "packages/mpd-team-core-plugin/src/index.ts",
+     "identifier": "agentTeams",
+     "line": 938,
+     "text": "dsh.onServiceBound(["subagents", "agentTeams"], () => reportExecutor())",
+   },
+ ]

- Expected  - 1
+ Received  + 8

      at <anonymous> (/root/dshProj/My-Power-Dsh/packages/mpd-dsh-adapter-plugin/test/no-direct-team-access.test.ts:641:29)
(fail) no direct Agent Teams access outside the adapter (D6) [566.00ms]
SELF-TEST — no-direct-team-access (negative control over a seeded fixture tree)
  ok   seeded violation at packages/mpd-fixture/src/index.ts:3
  ok   seeded violation in a NESTED file (recursion)
  ok   a RAW ctx.on("agent/pre-step") subscription is a finding
  ok   a cordis FRAMEWORK event (internal/service) is NOT a finding
  ok   the STRING spelling ctx.get("agentTeams") reddens too
  ok   a COMMENT mentioning both identifiers is NOT a finding
  ok   the adapter package is excluded
  ok   a non-mpd package is outside the band
  ok   exactly the five seeded findings are reported, one per violation
  ok   a finding turns into a NONZERO exit code, a clean scan into zero
  ok   an out-of-band .js hit is REPORTED as NOT COVERED, never as a failure
  ok   the fixture walker actually read the seeded band
SELF-TEST: PASS (12/12 checks)
(pass) the gate reddens on a seeded violation (negative control) [3.76ms]

 1 pass
 1 fail
 2 expect() calls
Ran 2 tests across 1 file. [1307.00ms]
