[mpd-qa:(only)] runner start manifest=skills/dsh-qa/cases.json sha256=54585caba9a5 lanes=2 evidence=evidence/dsh-qa/full-sweep/t26-attempt7/c10
[mpd-qa:(only)] PASS case=vision-smoke evidence=evidence/plan-c/c8-vision/2026-09-17T04-38-52.116Z log=evidence/dsh-qa/full-sweep/t26-attempt7/c10/lanes/vision-smoke.log ms=1654
[mpd-qa:(only)] PASS case=workmate-library evidence=evidence/plan-f/workmate-library/2026-09-17T04-38-53.905Z log=evidence/dsh-qa/full-sweep/t26-attempt7/c10/lanes/workmate-library.log ms=56432
[mpd-qa:(only)] summary selected=2 pass=2 unavailable=0 fail=0
[mpd-qa:(only)] evidence -> evidence/dsh-qa/full-sweep/t26-attempt7/c10
[mpd-qa:(only)] exit 0 (0=all green, 2=some unavailable, 1=some failed, 3=runner error)
{
  "runner": "scripts/run-qa-lanes.mjs",
  "root": "/root/dshProj/my-power-dsh",
  "manifest": "skills/dsh-qa/cases.json",
  "manifestSha256": "54585caba9a571324be85daeae09373622c173dcb660c7d409a0a2d987eebf9e",
  "suite": "(only)",
  "selected": 2,
  "startedAt": "2026-09-17T04:38:51.973Z",
  "finishedAt": "2026-09-17T04:39:50.069Z",
  "durationMs": 58096,
  "complete": true,
  "exitCodes": {
    "allGreen": 0,
    "someUnavailable": 2,
    "someFailed": 1,
    "runnerError": 3
  },
  "drift": {
    "unlistedScripts": [],
    "missingScripts": []
  },
  "lanes": [
    {
      "case": "vision-smoke",
      "kind": "lane",
      "verdict": "pass",
      "reason": null,
      "note": null,
      "exitCode": 0,
      "signal": null,
      "durationMs": 1654,
      "command": "bun skills/dsh-qa/scripts/vision-smoke.mjs --no-skip",
      "script": "skills/dsh-qa/scripts/vision-smoke.mjs",
      "marker": null,
      "signature": null,
      "alsoDetected": [],
      "declaredPrereq": [],
      "evidencePath": "evidence/plan-c/c8-vision/2026-09-17T04-38-52.116Z",
      "logPath": "evidence/dsh-qa/full-sweep/t26-attempt7/c10/lanes/vision-smoke.log",
      "outputTail": [],
      "suite": "(only)"
    },
    {
      "case": "workmate-library",
      "kind": "lane",
      "verdict": "pass",
      "reason": null,
      "note": null,
      "exitCode": 0,
      "signal": null,
      "durationMs": 56432,
      "command": "bun skills/dsh-qa/scripts/workmate-library.mjs --no-skip",
      "script": "skills/dsh-qa/scripts/workmate-library.mjs",
      "marker": null,
      "signature": null,
      "alsoDetected": [],
      "declaredPrereq": [],
      "evidencePath": "evidence/plan-f/workmate-library/2026-09-17T04-38-53.905Z",
      "logPath": "evidence/dsh-qa/full-sweep/t26-attempt7/c10/lanes/workmate-library.log",
      "outputTail": [],
      "suite": "(only)"
    }
  ],
  "counts": {
    "pass": 2,
    "unavailable": 0,
    "fail": 0
  },
  "exitCode": 0
}
[c10 exit=0] 2026-09-17T04:39:50Z
