=== T-74 mitigation re-run: both verify commands pinned with --out — 2026-09-17T07:50:03Z ===
-- the driver's default tree BEFORE (listing hash) --
4da30133ba242550188210f4e3c75f13  -
50

-- 1/2: node scripts/check-citations.mjs --out evidence/gates/t72-durable-pointer/20260917T074353Z/run-out-pinned-20260917T075003Z --
exit=0
  ok   content:anchors — 49 citation(s) verified against their claim: 19 symbol-first (line-free, whole file), 30 line-dependent (the line is a hint — rot risk); 0 line-number-only anchor(s) FLAGGED as rot
  ok   content:rot — no line-number-only anchors

[docs-claims] 13/13 checks passed, 0 failed, 249 citation(s) resolved, 19 symbol-first, 30 line-dependent, 0 rot-flagged, 0 pending, 12 illustrative

-- 2/2: node scripts/check-citations.mjs --self-test --out evidence/gates/t72-durable-pointer/20260917T074353Z/run-out-pinned-selftest-20260917T075003Z --
exit=0

[docs-claims] 21/21 checks passed, 0 failed, 249 citation(s) resolved, 19 symbol-first, 30 line-dependent, 0 rot-flagged, 0 pending, 12 illustrative

-- the driver's default tree AFTER (must be IDENTICAL: same listing hash, same count) --
4da30133ba242550188210f4e3c75f13  -
50

-- pinned artifacts, in-scope --
out-pinned-run.stdout
out-pinned-selftest.stdout
run-out-pinned-20260917T075003Z
run-out-pinned-selftest-20260917T075003Z
=== end 2026-09-17T07:50:04Z ===
