cmd: bun test packages/mpd-agent-teams-plugin/self-fix-tests
bun test v1.3.14 (0d9b296a)

packages/mpd-agent-teams-plugin/self-fix-tests/scope-semantics.test.mjs:
(pass) B5: a directory pattern covers its contents WITHOUT a trailing slash [0.69ms]
(pass) B5: trailing slash and non-trailing slash are equivalent [0.20ms]
(pass) B5: exact file patterns still match exactly, siblings and suffixes do not [0.22ms]
(pass) B5: root pattern matches everything; illegal/absolute patterns never match [0.19ms]
(pass) B5: classifyChangedPath — directory inScope covers files, outOfScope wins [0.41ms]
(pass) B6: completion reports ALL undeclared paths at once with the owning task id and a fix hint [0.85ms]
(pass) B6: completion passes when a directory pattern (no trailing slash) covers every changed path [0.13ms]

packages/mpd-agent-teams-plugin/self-fix-tests/scope-glob-and-contract.test.mjs:
(pass) DEFECT 1: a declared glob covers the files beneath it [1.60ms]
(pass) DEFECT 1 negative control: globs do not over-match [0.15ms]
(pass) DEFECT 1: every no-wildcard declaration keeps the pre-delta B5 semantics [0.15ms]
(pass) DEFECT 1: the completion gate accepts a glob-declared changedPath and still rejects an undeclared one [0.38ms]
(pass) DEFECT 2 reproduction: the pre-fix generator listed one path in BOTH lists [0.86ms]
(pass) DEFECT 2 fix: the finding's required path is CARVED OUT of the inherited prohibition [0.51ms]
(pass) DEFECT 2 fix, REAL wave-1 inputs (team mpd-default-7332aba4 t7 + t10): the required edit is in scope [0.53ms]
(pass) DEFECT 2 falsifiability: the contradiction guard must not reject legitimate carve-outs [0.39ms]
(pass) DEFECT 2 falsifiability: the write-task overlap guard still separates colliding declarations [0.25ms]
(pass) durability: the guard refuses when a delta region is missing (observed failure) [3.95ms]
(pass) durability: the guard is idempotent on the real tree and restores a stripped tree [74.47ms]
(pass) F2: every t4-changed line in lib/quality-gates.js sits inside a registered mpd-delta region [59.29ms]
(pass) F3: healing a RE-MATERIALIZED upstream file refuses instead of emitting a broken module [5.54ms]
(pass) F3: a clean (region-carrying) tree still heals successfully [29.95ms]
(pass) F4: stripping every region and healing reproduces the canonical file byte-for-byte [38.65ms]
(pass) F4: the anchor-indent class is gone with the line keys [0.26ms]

packages/mpd-agent-teams-plugin/self-fix-tests/quality-loop.test.mjs:
(pass) Fix1: review auto-wires reviewedTaskId into dependencies (premature dispatch) [0.42ms]
(pass) Fix1: repair auto-wires sourceTaskId into dependencies [0.12ms]
(pass) Fix2: unsatisfiedDependencies treats cancelled as satisfied, failed still blocks [0.09ms]
(pass) Fix2: pending dependents blocked only by cancelled deps are cascaded (no deadlock) [0.51ms]
(pass) Fix3: planQualityFollowUp links reasonTaskId and reason reaches the repair prompt [1.41ms]
(pass) Fix4: reject without a completed source notifies the captain only (no repair, no escalation) [0.11ms]
(pass) Fix4: genuine reject of a completed source still escalates [0.06ms]
(pass) Fix3b: reasonTaskId / reassignReason survive task validation [0.22ms]
(pass) Fix3c: assignmentPrompt renders reassignReason and captain guidance digest [0.39ms]

packages/mpd-agent-teams-plugin/self-fix-tests/registry-context-heal.test.mjs:
(pass) t2: strip-healing BOTH adopted files from the same state is byte-identical [48.70ms]
(pass) t2: a stripped tools.js heals byte-for-byte and the task-contract region lands at its canonical line [34.54ms]
(pass) t2: quality-gates.js strip-heal stays byte-identical (no trade between the two files) [29.74ms]
(pass) t2: a region heals to its canonical position under partial insertion histories [155.63ms]
(pass) t2: every colliding pair is a real prefix collision (the fixture is meaningful) [3.44ms]
(pass) t2: a nested colliding pair resolves the OUTER region to its OWN end marker [0.16ms]
(pass) t2: intact control — the resolved span equals the independently grepped lines [4.22ms]
(pass) t2: a dangling outer END marker is a partially stripped region, never a half-open pair [10.87ms]
(pass) t2: a dangling outer BEGIN marker is a partially stripped region, never a half-open pair [11.04ms]
(pass) t2: --write re-brackets a partially stripped region byte-faithfully (both dangling shapes) [144.85ms]
(pass) t2: the registry carries context pairs and no line-keyed anchor fields [0.45ms]
(pass) t9 R1: both markers present but inverted is the ONLY row that may say 'half-open marker pair' [3.28ms]
(pass) t9 R2: begin present + end absent + body byte-equal re-brackets in place (all three pairs) [69.20ms]
(pass) t9 R3: begin present + end absent + body DRIFTED refuses, naming the region and the line [3.27ms]
(pass) t9 R4: end present + begin absent + body byte-equal re-brackets in place (all three pairs) [62.35ms]
(pass) t9 R5: end present + begin absent + NOTHING survived drops the orphan line and heals [23.85ms]
(pass) t9 (A): assertRegistryFormat refuses the OLD anchor format with the migration message [0.50ms]
(pass) t9 (A): the CLI refuses a pre-migration registry by name, and --write-registry still migrates [145.56ms]
(pass) t9: all four states of the ONLY shared seam heal byte-identically [80.60ms]
(pass) t9: a re-materialized tools.js is REFUSED, byte-untouched, with key counts unchanged [15.05ms]
(pass) t9: the targeted re-materialize shape (upstream twins restored at the literal) is REFUSED too [20.45ms]

packages/mpd-agent-teams-plugin/self-fix-tests/scope-semantics.test.mjs:

packages/mpd-agent-teams-plugin/self-fix-tests/scope-glob-and-contract.test.mjs:

packages/mpd-agent-teams-plugin/self-fix-tests/quality-loop.test.mjs:

packages/mpd-agent-teams-plugin/self-fix-tests/registry-context-heal.test.mjs:

 53 pass
 0 fail
 441 expect() calls
Ran 53 tests across 8 files. [1249.00ms]
EXIT=0
