control.ok=false (must be false)
[
  {
    "surface": "negative-control",
    "step": "boot",
    "source": "pane",
    "pattern": "/MPD-PANELS-CONTROL-CANNOT-APPEAR/",
    "label": "impossible expectation on the real pane",
    "requiredPatterns": [
      "/MPD-PANELS-CONTROL-CANNOT-APPEAR/"
    ],
    "missingPatterns": [
      "/MPD-PANELS-CONTROL-CANNOT-APPEAR/"
    ],
    "missingProof": [],
    "rendered": false,
    "sourceChars": 220,
    "paneChars": 2502,
    "judgedChars": 2502
  }
]
