bun test v1.3.14 (0d9b296a)

packages/mpd-agent-teams-plugin/self-fix-tests/scope-semantics.test.mjs:
(pass) B5: a directory pattern covers its contents WITHOUT a trailing slash [0.68ms]
(pass) B5: trailing slash and non-trailing slash are equivalent [0.19ms]
(pass) B5: exact file patterns still match exactly, siblings and suffixes do not [0.22ms]
(pass) B5: root pattern matches everything; illegal/absolute patterns never match [0.19ms]
(pass) B5: classifyChangedPath — directory inScope covers files, outOfScope wins [0.46ms]
(pass) B6: completion reports ALL undeclared paths at once with the owning task id and a fix hint [0.91ms]
(pass) B6: completion passes when a directory pattern (no trailing slash) covers every changed path [0.14ms]

packages/mpd-agent-teams-plugin/self-fix-tests/scope-glob-and-contract.test.mjs:
(pass) DEFECT 1: a declared glob covers the files beneath it [1.70ms]
(pass) DEFECT 1 negative control: globs do not over-match [0.14ms]
(pass) DEFECT 1: every no-wildcard declaration keeps the pre-delta B5 semantics [0.17ms]
(pass) DEFECT 1: the completion gate accepts a glob-declared changedPath and still rejects an undeclared one [0.31ms]
(pass) DEFECT 2 reproduction: the pre-fix generator listed one path in BOTH lists [1.03ms]
(pass) DEFECT 2 fix: the finding's required path is CARVED OUT of the inherited prohibition [0.55ms]
(pass) DEFECT 2 fix, REAL wave-1 inputs (team mpd-default-7332aba4 t7 + t10): the required edit is in scope [0.63ms]
(pass) DEFECT 2 falsifiability: the contradiction guard must not reject legitimate carve-outs [0.45ms]
(pass) DEFECT 2 falsifiability: the write-task overlap guard still separates colliding declarations [0.25ms]
(pass) durability: the guard refuses when a delta region is missing (observed failure) [4.31ms]
(pass) durability: the guard is idempotent on the real tree and restores a stripped tree [59.47ms]
(pass) F2: every t4-changed line in lib/quality-gates.js sits inside a registered mpd-delta region [72.43ms]
(pass) F3: healing a RE-MATERIALIZED upstream file refuses instead of emitting a broken module [6.14ms]
(pass) F3: a clean (region-carrying) tree still heals successfully [35.07ms]
(pass) F4: stripping every region and healing reproduces the canonical file byte-for-byte [26.07ms]
(pass) F4: the registered create-contract-gate region is anchored at its own indent [0.25ms]
(pass) F4: the applier CORRECTS a shallower anchor indent so the class cannot recur silently [0.10ms]

packages/mpd-agent-teams-plugin/self-fix-tests/quality-loop.test.mjs:
(pass) Fix1: review auto-wires reviewedTaskId into dependencies (premature dispatch) [0.43ms]
(pass) Fix1: repair auto-wires sourceTaskId into dependencies [0.14ms]
(pass) Fix2: unsatisfiedDependencies treats cancelled as satisfied, failed still blocks [0.09ms]
(pass) Fix2: pending dependents blocked only by cancelled deps are cascaded (no deadlock) [0.45ms]
(pass) Fix3: planQualityFollowUp links reasonTaskId and reason reaches the repair prompt [1.35ms]
(pass) Fix4: reject without a completed source notifies the captain only (no repair, no escalation) [0.12ms]
(pass) Fix4: genuine reject of a completed source still escalates [0.06ms]
(pass) Fix3b: reasonTaskId / reassignReason survive task validation [0.20ms]
(pass) Fix3c: assignmentPrompt renders reassignReason and captain guidance digest [0.40ms]

 33 pass
 0 fail
 161 expect() calls
Ran 33 tests across 3 files. [360.00ms]
