bun test v1.3.14 (0d9b296a)

packages/mpd-tui-plugin/test/team-surface.test.ts:
(pass) team-workflow projection (read-only, from a real record on disk) > renders the staged roster, the task DAG, counts and mail from the file [7.68ms]
(pass) team-workflow projection (read-only, from a real record on disk) > the depth walk and the failed-dependency marking match the panel's own semantics [0.80ms]
(pass) team-workflow projection (read-only, from a real record on disk) > a pending task behind an UNFINISHED dependency renders BLOCKED [0.47ms]
(pass) team-workflow projection (read-only, from a real record on disk) > a corrupt / absent / cyclic record renders an empty state and never throws [1.08ms]
(pass) team-workflow projection (read-only, from a real record on disk) > the REAL record of this session's own team projects without a hand-built object [14.09ms]
(pass) team-workflow projection (read-only, from a real record on disk) > the board gains exactly the two T3 rows [1.97ms]
(pass) the two surfaces register through the existing tuiScenes seam > all three scene ids are registered with their frozen titles [0.86ms]
(pass) the two surfaces register through the existing tuiScenes seam > a scene renders null instead of crashing when the host kit is absent [1.14ms]
(pass) surface T1 — the team workflow > renders the real record's header, roster, DAG and counts [1.86ms]
(pass) surface T1 — the team workflow > a team that is NOT staged refuses the approval hop with a notice and opens nothing [0.95ms]
(pass) surface T1 — the team workflow > a staged team opens the plan surface and `p` reaches the board [1.21ms]
(pass) surface T1 — the team workflow > a bare `r` refresh re-reads the record without throwing [1.94ms]
(pass) surface T1 — the team workflow > N3 — Ctrl+X in the WORKFLOW scene does nothing (the key does not exist there) [1.70ms]
(pass) surface T1 — the team workflow > the watchdog HOLD is rendered only when the watchdog reports it [2.52ms]
(pass) surface T2 — the plan approval > shows the staged plan, the action block and an EMPTY confirmation echo [1.34ms]
(pass) surface T2 — the plan approval > the precondition failure states the phase and offers only Esc [0.44ms]
(pass) surface T2 — the plan approval > the precondition failure is READ-ONLY: no chord can mutate a non-staged team [1.07ms]
620 |       discard: async () => ({ ok: true }),
621 |     }
622 |     const { kit, components } = mountScenes(workspace, { actions })
623 |     render(kit, components[PLAN_SCENE_ID])
624 |     const text = pressAndRender(kit, components[PLAN_SCENE_ID], "x", { ctrl: true })
625 |     expect(calls).toHaveLength(0)
                        ^
error: expect(received).toHaveLength(expected)

Expected length: 0
Received length: 1

      at <anonymous> (/root/dshProj/my-power-dsh/packages/mpd-tui-plugin/test/team-surface.test.ts:625:19)
(fail) surface T2 — the plan approval > N2 — Ctrl+X with an EMPTY echo performs no tool call [1.97ms]
641 |     render(kit, components[PLAN_SCENE_ID])
642 |     for (const character of "approve some-other-team") {
643 |       pressAndRender(kit, components[PLAN_SCENE_ID], character)
644 |     }
645 |     const text = pressAndRender(kit, components[PLAN_SCENE_ID], "x", { ctrl: true })
646 |     expect(calls).toHaveLength(0)
                        ^
error: expect(received).toHaveLength(expected)

Expected length: 0
Received length: 1

      at <anonymous> (/root/dshProj/my-power-dsh/packages/mpd-tui-plugin/test/team-surface.test.ts:646:19)
(fail) surface T2 — the plan approval > N1 — the phrase for a DIFFERENT team id is inert [4.41ms]
(pass) surface T2 — the plan approval > the exact phrase approves through the injected executor and reports the tool's own result [4.99ms]
(pass) surface T2 — the plan approval > a REFUSED tool result is rendered as a refusal, never as a success [5.17ms]
(pass) surface T2 — the plan approval > an unavailable executor reports the tool as not registered [3.12ms]
(pass) surface T2 — the plan approval > B5 — while a call is in flight EVERY key is ignored (single-flight) [5.42ms]
(pass) surface T2 — the plan approval > the echo is empty again after an `r` refresh (no prefill, no carry-over) [3.38ms]
(pass) surface T2 — the plan approval > contract reconciliation: `r` refreshes while the echo is EMPTY, and never eats the phrase [2.22ms]
(pass) surface T2 — the plan approval > BSpace is the only editing key [0.95ms]
(pass) surface T2 — the plan approval > discard is two-step: one Ctrl+D arms, a second inside the window calls the tool [1.76ms]
(pass) surface T2 — the plan approval > any other key clears the discard arm [0.82ms]
(pass) surface T2 — the plan approval > Esc mutates nothing and returns to the workflow when it was the entry point [2.54ms]
(pass) surface T2 — the plan approval > Esc from the command entry point leaves the scene instead of hopping [0.76ms]
(pass) surface T2 — the plan approval > Escape/keys never select a printable character as an action [0.54ms]
(pass) §9.4 — the ONE render boundary strips control characters (finding F1) > safeLine strips C0/C1 (ESC, BEL, OSC) and clamps cells WITHOUT collapsing indentation [0.38ms]
(pass) §9.4 — the ONE render boundary strips control characters (finding F1) > a tool error carrying ESC/OSC does NOT survive into the rendered row [3.28ms]
(pass) §9.4 — the ONE render boundary strips control characters (finding F1) > a control character in a team DIRECTORY name cannot reach a rendered row [2.81ms]
(pass) §3.1 item 4 — the DAG order (finding F2) > tasks come out ordered by depth, with creation order as the tiebreak [1.11ms]
(pass) §4.5 — the consent echo is consumed only by a SUCCESSFUL approve (finding F3) > a refused approve KEEPS the echo [2.70ms]
(pass) §4.5 — the consent echo is consumed only by a SUCCESSFUL approve (finding F3) > a successful approve CONSUMES the echo [2.50ms]
(pass) package invariants > no source file in this package imports a filesystem WRITE primitive [0.71ms]
(pass) package invariants > the built dist carries the two scene ids and no write primitive [1.10ms]
(pass) package invariants > the frozen tool names are the adopted ones [0.06ms]
(pass) package invariants > the mailbox key normalization matches the adopted reader [0.60ms]

packages/mpd-tui-plugin/test/team-surface.test.ts:

2 tests failed:
(fail) surface T2 — the plan approval > N2 — Ctrl+X with an EMPTY echo performs no tool call [1.97ms]
(fail) surface T2 — the plan approval > N1 — the phrase for a DIFFERENT team id is inert [4.41ms]

 39 pass
 2 fail
 207 expect() calls
Ran 41 tests across 2 files. [250.00ms]
