bun test v1.3.14 (0d9b296a)

packages/mpd-tui-plugin/test/team-surface.test.ts:
(pass) team-workflow projection (read-only, from a real record on disk) > renders the staged roster, the task DAG, counts and mail from the file [7.33ms]
(pass) team-workflow projection (read-only, from a real record on disk) > the depth walk and the failed-dependency marking match the panel's own semantics [1.00ms]
(pass) team-workflow projection (read-only, from a real record on disk) > a pending task behind an UNFINISHED dependency renders BLOCKED [0.53ms]
(pass) team-workflow projection (read-only, from a real record on disk) > a corrupt / absent / cyclic record renders an empty state and never throws [1.10ms]
(pass) team-workflow projection (read-only, from a real record on disk) > the REAL record of this session's own team projects without a hand-built object [14.51ms]
(pass) team-workflow projection (read-only, from a real record on disk) > the board gains exactly the two T3 rows [2.15ms]
(pass) the two surfaces register through the existing tuiScenes seam > all three scene ids are registered with their frozen titles [1.01ms]
(pass) the two surfaces register through the existing tuiScenes seam > a scene renders null instead of crashing when the host kit is absent [1.41ms]
(pass) surface T1 — the team workflow > renders the real record's header, roster, DAG and counts [2.07ms]
(pass) surface T1 — the team workflow > a team that is NOT staged refuses the approval hop with a notice and opens nothing [1.06ms]
(pass) surface T1 — the team workflow > a staged team opens the plan surface and `p` reaches the board [1.75ms]
(pass) surface T1 — the team workflow > a bare `r` refresh re-reads the record without throwing [1.87ms]
(pass) surface T1 — the team workflow > N3 — Ctrl+X in the WORKFLOW scene does nothing (the key does not exist there) [1.66ms]
(pass) surface T1 — the team workflow > the watchdog HOLD is rendered only when the watchdog reports it [2.79ms]
(pass) surface T2 — the plan approval > shows the staged plan, the action block and an EMPTY confirmation echo [1.36ms]
(pass) surface T2 — the plan approval > the precondition failure states the phase and offers only Esc [0.46ms]
(pass) surface T2 — the plan approval > the precondition failure is READ-ONLY: no chord can mutate a non-staged team [1.17ms]
(pass) surface T2 — the plan approval > N2 — Ctrl+X with an EMPTY echo performs no tool call [1.59ms]
(pass) surface T2 — the plan approval > N1 — the phrase for a DIFFERENT team id is inert [4.75ms]
(pass) surface T2 — the plan approval > the exact phrase approves through the injected executor and reports the tool's own result [4.78ms]
(pass) surface T2 — the plan approval > a REFUSED tool result is rendered as a refusal, never as a success [5.81ms]
(pass) surface T2 — the plan approval > an unavailable executor reports the tool as not registered [4.41ms]
725 |     // Every one of these would mutate (or start a second call) if the guard were gone.
726 |     pressAndRender(kit, components[PLAN_SCENE_ID], "x", { ctrl: true })
727 |     pressAndRender(kit, components[PLAN_SCENE_ID], "d", { ctrl: true })
728 |     pressAndRender(kit, components[PLAN_SCENE_ID], "z")
729 |     await Bun.sleep(0)
730 |     expect(calls).toHaveLength(1)
                        ^
error: expect(received).toHaveLength(expected)

Expected length: 1
Received length: 2

      at <anonymous> (/root/dshProj/my-power-dsh/packages/mpd-tui-plugin/test/team-surface.test.ts:730:19)
(fail) surface T2 — the plan approval > B5 — while a call is in flight EVERY key is ignored (single-flight) [7.29ms]
(pass) surface T2 — the plan approval > the echo is empty again after an `r` refresh (no prefill, no carry-over) [3.13ms]
(pass) surface T2 — the plan approval > contract reconciliation: `r` refreshes while the echo is EMPTY, and never eats the phrase [2.62ms]
(pass) surface T2 — the plan approval > BSpace is the only editing key [0.97ms]
(pass) surface T2 — the plan approval > discard is two-step: one Ctrl+D arms, a second inside the window calls the tool [1.45ms]
(pass) surface T2 — the plan approval > any other key clears the discard arm [0.78ms]
(pass) surface T2 — the plan approval > Esc mutates nothing and returns to the workflow when it was the entry point [2.66ms]
(pass) surface T2 — the plan approval > Esc from the command entry point leaves the scene instead of hopping [0.86ms]
(pass) surface T2 — the plan approval > Escape/keys never select a printable character as an action [0.67ms]
(pass) §9.4 — the ONE render boundary strips control characters (finding F1) > safeLine strips C0/C1 (ESC, BEL, OSC) and clamps cells WITHOUT collapsing indentation [0.49ms]
(pass) §9.4 — the ONE render boundary strips control characters (finding F1) > a tool error carrying ESC/OSC does NOT survive into the rendered row [3.65ms]
(pass) §9.4 — the ONE render boundary strips control characters (finding F1) > a control character in a team DIRECTORY name cannot reach a rendered row [2.83ms]
(pass) §3.1 item 4 — the DAG order (finding F2) > tasks come out ordered by depth, with creation order as the tiebreak [1.08ms]
(pass) §4.5 — the consent echo is consumed only by a SUCCESSFUL approve (finding F3) > a refused approve KEEPS the echo [2.65ms]
(pass) §4.5 — the consent echo is consumed only by a SUCCESSFUL approve (finding F3) > a successful approve CONSUMES the echo [3.45ms]
(pass) package invariants > no source file in this package imports a filesystem WRITE primitive [0.83ms]
(pass) package invariants > the built dist carries the two scene ids and no write primitive [1.12ms]
(pass) package invariants > the frozen tool names are the adopted ones [0.06ms]
(pass) package invariants > the mailbox key normalization matches the adopted reader [0.58ms]

packages/mpd-tui-plugin/test/team-surface.test.ts:

1 tests failed:
(fail) surface T2 — the plan approval > B5 — while a call is in flight EVERY key is ignored (single-flight) [7.29ms]

 40 pass
 1 fail
 208 expect() calls
Ran 41 tests across 2 files. [246.00ms]
