bun test v1.3.14 (0d9b296a)

packages/mpd-tui-plugin/test/team-surface.test.ts:
119 |     expect(workflow.members[0]?.total).toBe(2)
120 |     expect(workflow.members[0]?.currentTask).toBeUndefined()
121 |     // t1 completed, t2 pending (blocked by nothing: t1 is completed), t3 failed.
122 |     // Depth is computed, then the projection is ORDERED by it (§3.1 item 4): t1 and t3 are
123 |     // roots (depth 0, creation order t1 then t3) and t2 sits behind t1 (depth 1).
124 |     expect(workflow.tasks.map((task) => task.id)).toEqual(["t1", "t3", "t2"])
                                                        ^
error: expect(received).toEqual(expected)

  [
    "t1",
-   "t3",
    "t2",
+   "t3",
  ]

- Expected  - 1
+ Received  + 1

      at <anonymous> (/root/dshProj/my-power-dsh/packages/mpd-tui-plugin/test/team-surface.test.ts:124:51)
(fail) team-workflow projection (read-only, from a real record on disk) > renders the staged roster, the task DAG, counts and mail from the file [5.25ms]
(pass) team-workflow projection (read-only, from a real record on disk) > the depth walk and the failed-dependency marking match the panel's own semantics [1.46ms]
(pass) team-workflow projection (read-only, from a real record on disk) > a pending task behind an UNFINISHED dependency renders BLOCKED [0.48ms]
(pass) team-workflow projection (read-only, from a real record on disk) > a corrupt / absent / cyclic record renders an empty state and never throws [1.00ms]
241 |     expect(workflow.team?.name).toBe(raw.name)
242 |     expect(workflow.team?.phase).toBe(raw.phase)
243 |     expect(workflow.members.length).toBeGreaterThan(0)
244 |     // Same SET of tasks as the record; the projection re-orders them by depth (§3.1 item 4).
245 |     expect([...workflow.tasks.map((task) => task.id)].sort()).toEqual([...(raw.tasks as { id: string }[]).map((task) => task.id)].sort())
246 |     expect(workflow.tasks.every((task, index) => index === 0 || (workflow.tasks[index - 1]?.depth ?? 0) <= task.depth)).toBe(true)
                                                                                                                              ^
error: expect(received).toBe(expected)

Expected: true
Received: false

      at <anonymous> (/root/dshProj/my-power-dsh/packages/mpd-tui-plugin/test/team-surface.test.ts:246:121)
(fail) team-workflow projection (read-only, from a real record on disk) > the REAL record of this session's own team projects without a hand-built object [14.10ms]
(pass) team-workflow projection (read-only, from a real record on disk) > the board gains exactly the two T3 rows [2.01ms]
(pass) the two surfaces register through the existing tuiScenes seam > all three scene ids are registered with their frozen titles [0.88ms]
(pass) the two surfaces register through the existing tuiScenes seam > a scene renders null instead of crashing when the host kit is absent [1.17ms]
(pass) surface T1 — the team workflow > renders the real record's header, roster, DAG and counts [1.85ms]
(pass) surface T1 — the team workflow > a team that is NOT staged refuses the approval hop with a notice and opens nothing [0.93ms]
(pass) surface T1 — the team workflow > a staged team opens the plan surface and `p` reaches the board [1.20ms]
(pass) surface T1 — the team workflow > a bare `r` refresh re-reads the record without throwing [1.27ms]
(pass) surface T1 — the team workflow > N3 — Ctrl+X in the WORKFLOW scene does nothing (the key does not exist there) [1.15ms]
(pass) surface T1 — the team workflow > the watchdog HOLD is rendered only when the watchdog reports it [2.62ms]
(pass) surface T2 — the plan approval > shows the staged plan, the action block and an EMPTY confirmation echo [1.27ms]
(pass) surface T2 — the plan approval > the precondition failure states the phase and offers only Esc [0.45ms]
(pass) surface T2 — the plan approval > the precondition failure is READ-ONLY: no chord can mutate a non-staged team [1.00ms]
(pass) surface T2 — the plan approval > N2 — Ctrl+X with an EMPTY echo performs no tool call [1.42ms]
(pass) surface T2 — the plan approval > N1 — the phrase for a DIFFERENT team id is inert [4.07ms]
(pass) surface T2 — the plan approval > the exact phrase approves through the injected executor and reports the tool's own result [4.42ms]
(pass) surface T2 — the plan approval > a REFUSED tool result is rendered as a refusal, never as a success [5.31ms]
(pass) surface T2 — the plan approval > an unavailable executor reports the tool as not registered [3.23ms]
(pass) surface T2 — the plan approval > B5 — while a call is in flight EVERY key is ignored (single-flight) [5.38ms]
(pass) surface T2 — the plan approval > the echo is empty again after an `r` refresh (no prefill, no carry-over) [2.32ms]
(pass) surface T2 — the plan approval > contract reconciliation: `r` refreshes while the echo is EMPTY, and never eats the phrase [2.31ms]
(pass) surface T2 — the plan approval > BSpace is the only editing key [1.06ms]
(pass) surface T2 — the plan approval > discard is two-step: one Ctrl+D arms, a second inside the window calls the tool [1.83ms]
(pass) surface T2 — the plan approval > any other key clears the discard arm [0.82ms]
(pass) surface T2 — the plan approval > Esc mutates nothing and returns to the workflow when it was the entry point [2.58ms]
(pass) surface T2 — the plan approval > Esc from the command entry point leaves the scene instead of hopping [0.75ms]
(pass) surface T2 — the plan approval > Escape/keys never select a printable character as an action [0.55ms]
(pass) §9.4 — the ONE render boundary strips control characters (finding F1) > safeLine strips C0/C1 (ESC, BEL, OSC) and clamps cells WITHOUT collapsing indentation [0.38ms]
(pass) §9.4 — the ONE render boundary strips control characters (finding F1) > a tool error carrying ESC/OSC does NOT survive into the rendered row [3.52ms]
(pass) §9.4 — the ONE render boundary strips control characters (finding F1) > a control character in a team DIRECTORY name cannot reach a rendered row [2.75ms]
911 |         { id: "grandchild", subject: "grandchild", status: "pending", dependencies: ["child"] },
912 |       ],
913 |     })
914 |     const workflow = readTeamWorkflow(workspace)
915 |     // depth: parent 0, peer 0, child 1, grandchild 2. Creation index: child 0, parent 1, peer 2, grandchild 3.
916 |     expect(workflow.tasks.map((task) => task.id)).toEqual(["parent", "peer", "child", "grandchild"])
                                                        ^
error: expect(received).toEqual(expected)

  [
+   "child",
    "parent",
    "peer",
-   "child",
    "grandchild",
  ]

- Expected  - 1
+ Received  + 1

      at <anonymous> (/root/dshProj/my-power-dsh/packages/mpd-tui-plugin/test/team-surface.test.ts:916:51)
(fail) §3.1 item 4 — the DAG order (finding F2) > tasks come out ordered by depth, with creation order as the tiebreak [0.88ms]
(pass) §4.5 — the consent echo is consumed only by a SUCCESSFUL approve (finding F3) > a refused approve KEEPS the echo [2.93ms]
(pass) §4.5 — the consent echo is consumed only by a SUCCESSFUL approve (finding F3) > a successful approve CONSUMES the echo [2.55ms]
(pass) package invariants > no source file in this package imports a filesystem WRITE primitive [0.74ms]
(pass) package invariants > the built dist carries the two scene ids and no write primitive [1.01ms]
(pass) package invariants > the frozen tool names are the adopted ones [0.06ms]
(pass) package invariants > the mailbox key normalization matches the adopted reader [0.61ms]

packages/mpd-tui-plugin/test/team-surface.test.ts:

3 tests failed:
(fail) team-workflow projection (read-only, from a real record on disk) > renders the staged roster, the task DAG, counts and mail from the file [5.25ms]
(fail) team-workflow projection (read-only, from a real record on disk) > the REAL record of this session's own team projects without a hand-built object [14.10ms]
(fail) §3.1 item 4 — the DAG order (finding F2) > tasks come out ordered by depth, with creation order as the tiebreak [0.88ms]

 38 pass
 3 fail
 183 expect() calls
Ran 41 tests across 2 files. [237.00ms]
