[mpd-qa:(only)] runner start manifest=skills/dsh-qa/cases.json sha256=54585caba9a5 lanes=2 evidence=evidence/dsh-qa/full-sweep/t26-attempt7/c8
[mpd-qa:(only)] PASS case=plan-c-smoke evidence=evidence/plan-c/plan-c-smoke/2026-09-17T04-38-43.882Z log=evidence/dsh-qa/full-sweep/t26-attempt7/c8/lanes/plan-c-smoke.log ms=44974
[mpd-qa:(only)] PASS case=preset-register evidence=evidence/dsh-qa/preset-register/2026-09-17T04-39-54.405Z log=evidence/dsh-qa/full-sweep/t26-attempt7/c8/lanes/preset-register.log ms=25680
[mpd-qa:(only)] summary selected=2 pass=2 unavailable=0 fail=0
[mpd-qa:(only)] evidence -> evidence/dsh-qa/full-sweep/t26-attempt7/c8
[mpd-qa:(only)] exit 0 (0=all green, 2=some unavailable, 1=some failed, 3=runner error)
{
  "runner": "scripts/run-qa-lanes.mjs",
  "root": "/root/dshProj/my-power-dsh",
  "manifest": "skills/dsh-qa/cases.json",
  "manifestSha256": "54585caba9a571324be85daeae09373622c173dcb660c7d409a0a2d987eebf9e",
  "suite": "(only)",
  "selected": 2,
  "startedAt": "2026-09-17T04:38:43.765Z",
  "finishedAt": "2026-09-17T04:39:54.432Z",
  "durationMs": 70667,
  "complete": true,
  "exitCodes": {
    "allGreen": 0,
    "someUnavailable": 2,
    "someFailed": 1,
    "runnerError": 3
  },
  "drift": {
    "unlistedScripts": [],
    "missingScripts": []
  },
  "lanes": [
    {
      "case": "plan-c-smoke",
      "kind": "lane",
      "verdict": "pass",
      "reason": null,
      "note": null,
      "exitCode": 0,
      "signal": null,
      "durationMs": 44974,
      "command": "bun skills/dsh-qa/scripts/plan-c-smoke.mjs --no-skip",
      "script": "skills/dsh-qa/scripts/plan-c-smoke.mjs",
      "marker": null,
      "signature": null,
      "alsoDetected": [],
      "declaredPrereq": [],
      "evidencePath": "evidence/plan-c/plan-c-smoke/2026-09-17T04-38-43.882Z",
      "logPath": "evidence/dsh-qa/full-sweep/t26-attempt7/c8/lanes/plan-c-smoke.log",
      "outputTail": [],
      "suite": "(only)"
    },
    {
      "case": "preset-register",
      "kind": "lane",
      "verdict": "pass",
      "reason": null,
      "note": null,
      "exitCode": 0,
      "signal": null,
      "durationMs": 25680,
      "command": "bun skills/dsh-qa/scripts/preset-register.mjs --no-skip",
      "script": "skills/dsh-qa/scripts/preset-register.mjs",
      "marker": null,
      "signature": null,
      "alsoDetected": [],
      "declaredPrereq": [],
      "evidencePath": "evidence/dsh-qa/preset-register/2026-09-17T04-39-54.405Z",
      "logPath": "evidence/dsh-qa/full-sweep/t26-attempt7/c8/lanes/preset-register.log",
      "outputTail": [],
      "suite": "(only)"
    }
  ],
  "counts": {
    "pass": 2,
    "unavailable": 0,
    "fail": 0
  },
  "exitCode": 0
}
[c8 exit=0] 2026-09-17T04:39:54Z
