[mpd-team-watchdog] registration degraded: mpd-dsh-adapter: harness service "tools" is unavailable — cannot register tool "session-watchdog-hold"
[mpd-team-watchdog] applied: enabled=true warnSilenceMs=90000 tickIntervalMs=15000 warnStreakToEscalate=3 actionOnEscalate=pause stateDir=.mpd/team disposers=0 holdService=mpdWatchdog hydratedHolds=0 deadTeamGraceMs=86400000 toolInFlightMaxMs=900000
[mpd-team-watchdog] NEVER-STARTED mpd-default task=t1 member=Planner attempt=(none) — the owner never stamped this task: a dispatch problem, not a wedge; recorded for replay, NO hold, NO escalation record=/tmp/watchdog-r7-mAN2Ph/.mpd/team/watchdog/incidents.jsonl
[mpd-team-watchdog] NEVER-STARTED mpd-default task=t2 member=Explorer attempt=(none) — the owner never stamped this task: a dispatch problem, not a wedge; recorded for replay, NO hold, NO escalation record=/tmp/watchdog-r7-mAN2Ph/.mpd/team/watchdog/incidents.jsonl
[mpd-team-watchdog] NEVER-STARTED mpd-default task=t3 member=Researcher attempt=(none) — the owner never stamped this task: a dispatch problem, not a wedge; recorded for replay, NO hold, NO escalation record=/tmp/watchdog-r7-mAN2Ph/.mpd/team/watchdog/incidents.jsonl
[mpd-team-watchdog] NEVER-STARTED mpd-default task=t4 member=Researcher attempt=(none) — the owner never stamped this task: a dispatch problem, not a wedge; recorded for replay, NO hold, NO escalation record=/tmp/watchdog-r7-mAN2Ph/.mpd/team/watchdog/incidents.jsonl
[mpd-team-watchdog] NEVER-STARTED mpd-default task=t5 member=Explorer attempt=(none) — the owner never stamped this task: a dispatch problem, not a wedge; recorded for replay, NO hold, NO escalation record=/tmp/watchdog-r7-mAN2Ph/.mpd/team/watchdog/incidents.jsonl
[mpd-team-watchdog] NEVER-STARTED mpd-default task=t6 member=Architect attempt=(none) — the owner never stamped this task: a dispatch problem, not a wedge; recorded for replay, NO hold, NO escalation record=/tmp/watchdog-r7-mAN2Ph/.mpd/team/watchdog/incidents.jsonl
[mpd-team-watchdog] NEVER-STARTED mpd-default task=t7 member=Deep Worker attempt=(none) — the owner never stamped this task: a dispatch problem, not a wedge; recorded for replay, NO hold, NO escalation record=/tmp/watchdog-r7-mAN2Ph/.mpd/team/watchdog/incidents.jsonl
[mpd-team-watchdog] NEVER-STARTED mpd-default task=t8 member=Senior Engineer attempt=(none) — the owner never stamped this task: a dispatch problem, not a wedge; recorded for replay, NO hold, NO escalation record=/tmp/watchdog-r7-mAN2Ph/.mpd/team/watchdog/incidents.jsonl
[mpd-team-watchdog] NEVER-STARTED mpd-default task=t9 member=Senior Engineer attempt=(none) — the owner never stamped this task: a dispatch problem, not a wedge; recorded for replay, NO hold, NO escalation record=/tmp/watchdog-r7-mAN2Ph/.mpd/team/watchdog/incidents.jsonl
[mpd-team-watchdog] NEVER-STARTED mpd-default task=t10 member=Reviewer attempt=(none) — the owner never stamped this task: a dispatch problem, not a wedge; recorded for replay, NO hold, NO escalation record=/tmp/watchdog-r7-mAN2Ph/.mpd/team/watchdog/incidents.jsonl
[mpd-team-watchdog] NEVER-STARTED mpd-default task=t11 member=Reviewer attempt=(none) — the owner never stamped this task: a dispatch problem, not a wedge; recorded for replay, NO hold, NO escalation record=/tmp/watchdog-r7-mAN2Ph/.mpd/team/watchdog/incidents.jsonl
[mpd-team-watchdog] NEVER-STARTED mpd-default task=t12 member=Lead attempt=(none) — the owner never stamped this task: a dispatch problem, not a wedge; recorded for replay, NO hold, NO escalation record=/tmp/watchdog-r7-mAN2Ph/.mpd/team/watchdog/incidents.jsonl
[mpd-team-watchdog] registration degraded: mpd-dsh-adapter: harness service "tools" is unavailable — cannot register tool "session-watchdog-hold"
[mpd-team-watchdog] applied: enabled=true warnSilenceMs=90000 tickIntervalMs=15000 warnStreakToEscalate=3 actionOnEscalate=pause stateDir=.mpd/team disposers=0 holdService=mpdWatchdog hydratedHolds=0 deadTeamGraceMs=86400000 toolInFlightMaxMs=900000
[mpd-team-watchdog] NEVER-STARTED mpd-default task=t1 member=Planner attempt=att-t1-1 — the owner never stamped this task: a dispatch problem, not a wedge; recorded for replay, NO hold, NO escalation record=/tmp/watchdog-r7-cF2LO5/.mpd/team/watchdog/incidents.jsonl
[mpd-team-watchdog] NEVER-STARTED mpd-default task=t2 member=Explorer attempt=att-t2-2 — the owner never stamped this task: a dispatch problem, not a wedge; recorded for replay, NO hold, NO escalation record=/tmp/watchdog-r7-cF2LO5/.mpd/team/watchdog/incidents.jsonl
[mpd-team-watchdog] NEVER-STARTED mpd-default task=t3 member=Researcher attempt=att-t3-3 — the owner never stamped this task: a dispatch problem, not a wedge; recorded for replay, NO hold, NO escalation record=/tmp/watchdog-r7-cF2LO5/.mpd/team/watchdog/incidents.jsonl
[mpd-team-watchdog] NEVER-STARTED mpd-default task=t4 member=Researcher attempt=att-t4-4 — the owner never stamped this task: a dispatch problem, not a wedge; recorded for replay, NO hold, NO escalation record=/tmp/watchdog-r7-cF2LO5/.mpd/team/watchdog/incidents.jsonl
[mpd-team-watchdog] NEVER-STARTED mpd-default task=t5 member=Explorer attempt=att-t5-5 — the owner never stamped this task: a dispatch problem, not a wedge; recorded for replay, NO hold, NO escalation record=/tmp/watchdog-r7-cF2LO5/.mpd/team/watchdog/incidents.jsonl
[mpd-team-watchdog] NEVER-STARTED mpd-default task=t6 member=Architect attempt=att-t6-6 — the owner never stamped this task: a dispatch problem, not a wedge; recorded for replay, NO hold, NO escalation record=/tmp/watchdog-r7-cF2LO5/.mpd/team/watchdog/incidents.jsonl
[mpd-team-watchdog] NEVER-STARTED mpd-default task=t7 member=Deep Worker attempt=att-t7-7 — the owner never stamped this task: a dispatch problem, not a wedge; recorded for replay, NO hold, NO escalation record=/tmp/watchdog-r7-cF2LO5/.mpd/team/watchdog/incidents.jsonl
[mpd-team-watchdog] NEVER-STARTED mpd-default task=t8 member=Senior Engineer attempt=att-t8-8 — the owner never stamped this task: a dispatch problem, not a wedge; recorded for replay, NO hold, NO escalation record=/tmp/watchdog-r7-cF2LO5/.mpd/team/watchdog/incidents.jsonl
[mpd-team-watchdog] NEVER-STARTED mpd-default task=t9 member=Senior Engineer attempt=att-t9-9 — the owner never stamped this task: a dispatch problem, not a wedge; recorded for replay, NO hold, NO escalation record=/tmp/watchdog-r7-cF2LO5/.mpd/team/watchdog/incidents.jsonl
[mpd-team-watchdog] NEVER-STARTED mpd-default task=t10 member=Reviewer attempt=att-t10-10 — the owner never stamped this task: a dispatch problem, not a wedge; recorded for replay, NO hold, NO escalation record=/tmp/watchdog-r7-cF2LO5/.mpd/team/watchdog/incidents.jsonl
[mpd-team-watchdog] NEVER-STARTED mpd-default task=t11 member=Reviewer attempt=att-t11-11 — the owner never stamped this task: a dispatch problem, not a wedge; recorded for replay, NO hold, NO escalation record=/tmp/watchdog-r7-cF2LO5/.mpd/team/watchdog/incidents.jsonl
[mpd-team-watchdog] NEVER-STARTED mpd-default task=t12 member=Lead attempt=att-t12-12 — the owner never stamped this task: a dispatch problem, not a wedge; recorded for replay, NO hold, NO escalation record=/tmp/watchdog-r7-cF2LO5/.mpd/team/watchdog/incidents.jsonl
[mpd-team-watchdog] registration degraded: mpd-dsh-adapter: harness service "tools" is unavailable — cannot register tool "session-watchdog-hold"
[mpd-team-watchdog] applied: enabled=true warnSilenceMs=90000 tickIntervalMs=15000 warnStreakToEscalate=3 actionOnEscalate=pause stateDir=.mpd/team disposers=0 holdService=mpdWatchdog hydratedHolds=0 deadTeamGraceMs=86400000 toolInFlightMaxMs=900000
[mpd-team-watchdog] NEVER-STARTED mpd-default task=t1 member=Planner attempt=(none) — the owner never stamped this task: a dispatch problem, not a wedge; recorded for replay, NO hold, NO escalation record=/tmp/watchdog-r7-V6ZHj7/.mpd/team/watchdog/incidents.jsonl
[mpd-team-watchdog] NEVER-STARTED mpd-default task=t2 member=Explorer attempt=(none) — the owner never stamped this task: a dispatch problem, not a wedge; recorded for replay, NO hold, NO escalation record=/tmp/watchdog-r7-V6ZHj7/.mpd/team/watchdog/incidents.jsonl
[mpd-team-watchdog] NEVER-STARTED mpd-default task=t3 member=Researcher attempt=(none) — the owner never stamped this task: a dispatch problem, not a wedge; recorded for replay, NO hold, NO escalation record=/tmp/watchdog-r7-V6ZHj7/.mpd/team/watchdog/incidents.jsonl
[mpd-team-watchdog] NEVER-STARTED mpd-default task=t4 member=Researcher attempt=(none) — the owner never stamped this task: a dispatch problem, not a wedge; recorded for replay, NO hold, NO escalation record=/tmp/watchdog-r7-V6ZHj7/.mpd/team/watchdog/incidents.jsonl
[mpd-team-watchdog] NEVER-STARTED mpd-default task=t5 member=Explorer attempt=(none) — the owner never stamped this task: a dispatch problem, not a wedge; recorded for replay, NO hold, NO escalation record=/tmp/watchdog-r7-V6ZHj7/.mpd/team/watchdog/incidents.jsonl
[mpd-team-watchdog] NEVER-STARTED mpd-default task=t6 member=Architect attempt=(none) — the owner never stamped this task: a dispatch problem, not a wedge; recorded for replay, NO hold, NO escalation record=/tmp/watchdog-r7-V6ZHj7/.mpd/team/watchdog/incidents.jsonl
[mpd-team-watchdog] NEVER-STARTED mpd-default task=t7 member=Deep Worker attempt=(none) — the owner never stamped this task: a dispatch problem, not a wedge; recorded for replay, NO hold, NO escalation record=/tmp/watchdog-r7-V6ZHj7/.mpd/team/watchdog/incidents.jsonl
[mpd-team-watchdog] NEVER-STARTED mpd-default task=t8 member=Senior Engineer attempt=(none) — the owner never stamped this task: a dispatch problem, not a wedge; recorded for replay, NO hold, NO escalation record=/tmp/watchdog-r7-V6ZHj7/.mpd/team/watchdog/incidents.jsonl
[mpd-team-watchdog] NEVER-STARTED mpd-default task=t9 member=Senior Engineer attempt=(none) — the owner never stamped this task: a dispatch problem, not a wedge; recorded for replay, NO hold, NO escalation record=/tmp/watchdog-r7-V6ZHj7/.mpd/team/watchdog/incidents.jsonl
[mpd-team-watchdog] NEVER-STARTED mpd-default task=t10 member=Reviewer attempt=(none) — the owner never stamped this task: a dispatch problem, not a wedge; recorded for replay, NO hold, NO escalation record=/tmp/watchdog-r7-V6ZHj7/.mpd/team/watchdog/incidents.jsonl
[mpd-team-watchdog] NEVER-STARTED mpd-default task=t11 member=Reviewer attempt=(none) — the owner never stamped this task: a dispatch problem, not a wedge; recorded for replay, NO hold, NO escalation record=/tmp/watchdog-r7-V6ZHj7/.mpd/team/watchdog/incidents.jsonl
[mpd-team-watchdog] NEVER-STARTED mpd-default task=t12 member=Lead attempt=(none) — the owner never stamped this task: a dispatch problem, not a wedge; recorded for replay, NO hold, NO escalation record=/tmp/watchdog-r7-V6ZHj7/.mpd/team/watchdog/incidents.jsonl
[before] shape=staged tasks=12 dispatched=0 never-started=12 incidents=12 tickDecisions=0 holds=0
    [mpd-team-watchdog] NEVER-STARTED mpd-default task=t1 member=Planner attempt=(none) — the owner never stamped this task: a dispatch problem, not a wedge; recorded for replay, NO hold, NO escalation record=<sandbox>/.mpd/team/watchdog/incidents.jsonl
    [mpd-team-watchdog] NEVER-STARTED mpd-default task=t2 member=Explorer attempt=(none) — the owner never stamped this task: a dispatch problem, not a wedge; recorded for replay, NO hold, NO escalation record=<sandbox>/.mpd/team/watchdog/incidents.jsonl
    [mpd-team-watchdog] NEVER-STARTED mpd-default task=t3 member=Researcher attempt=(none) — the owner never stamped this task: a dispatch problem, not a wedge; recorded for replay, NO hold, NO escalation record=<sandbox>/.mpd/team/watchdog/incidents.jsonl
    [mpd-team-watchdog] NEVER-STARTED mpd-default task=t4 member=Researcher attempt=(none) — the owner never stamped this task: a dispatch problem, not a wedge; recorded for replay, NO hold, NO escalation record=<sandbox>/.mpd/team/watchdog/incidents.jsonl
    [mpd-team-watchdog] NEVER-STARTED mpd-default task=t5 member=Explorer attempt=(none) — the owner never stamped this task: a dispatch problem, not a wedge; recorded for replay, NO hold, NO escalation record=<sandbox>/.mpd/team/watchdog/incidents.jsonl
    [mpd-team-watchdog] NEVER-STARTED mpd-default task=t6 member=Architect attempt=(none) — the owner never stamped this task: a dispatch problem, not a wedge; recorded for replay, NO hold, NO escalation record=<sandbox>/.mpd/team/watchdog/incidents.jsonl
    [mpd-team-watchdog] NEVER-STARTED mpd-default task=t7 member=Deep Worker attempt=(none) — the owner never stamped this task: a dispatch problem, not a wedge; recorded for replay, NO hold, NO escalation record=<sandbox>/.mpd/team/watchdog/incidents.jsonl
    [mpd-team-watchdog] NEVER-STARTED mpd-default task=t8 member=Senior Engineer attempt=(none) — the owner never stamped this task: a dispatch problem, not a wedge; recorded for replay, NO hold, NO escalation record=<sandbox>/.mpd/team/watchdog/incidents.jsonl
    [mpd-team-watchdog] NEVER-STARTED mpd-default task=t9 member=Senior Engineer attempt=(none) — the owner never stamped this task: a dispatch problem, not a wedge; recorded for replay, NO hold, NO escalation record=<sandbox>/.mpd/team/watchdog/incidents.jsonl
    [mpd-team-watchdog] NEVER-STARTED mpd-default task=t10 member=Reviewer attempt=(none) — the owner never stamped this task: a dispatch problem, not a wedge; recorded for replay, NO hold, NO escalation record=<sandbox>/.mpd/team/watchdog/incidents.jsonl
    [mpd-team-watchdog] NEVER-STARTED mpd-default task=t11 member=Reviewer attempt=(none) — the owner never stamped this task: a dispatch problem, not a wedge; recorded for replay, NO hold, NO escalation record=<sandbox>/.mpd/team/watchdog/incidents.jsonl
    [mpd-team-watchdog] NEVER-STARTED mpd-default task=t12 member=Lead attempt=(none) — the owner never stamped this task: a dispatch problem, not a wedge; recorded for replay, NO hold, NO escalation record=<sandbox>/.mpd/team/watchdog/incidents.jsonl
[before] shape=dispatched tasks=12 dispatched=12 never-started=12 incidents=12 tickDecisions=0 holds=0
    [mpd-team-watchdog] NEVER-STARTED mpd-default task=t1 member=Planner attempt=att-t1-1 — the owner never stamped this task: a dispatch problem, not a wedge; recorded for replay, NO hold, NO escalation record=<sandbox>/.mpd/team/watchdog/incidents.jsonl
    [mpd-team-watchdog] NEVER-STARTED mpd-default task=t2 member=Explorer attempt=att-t2-2 — the owner never stamped this task: a dispatch problem, not a wedge; recorded for replay, NO hold, NO escalation record=<sandbox>/.mpd/team/watchdog/incidents.jsonl
    [mpd-team-watchdog] NEVER-STARTED mpd-default task=t3 member=Researcher attempt=att-t3-3 — the owner never stamped this task: a dispatch problem, not a wedge; recorded for replay, NO hold, NO escalation record=<sandbox>/.mpd/team/watchdog/incidents.jsonl
    [mpd-team-watchdog] NEVER-STARTED mpd-default task=t4 member=Researcher attempt=att-t4-4 — the owner never stamped this task: a dispatch problem, not a wedge; recorded for replay, NO hold, NO escalation record=<sandbox>/.mpd/team/watchdog/incidents.jsonl
    [mpd-team-watchdog] NEVER-STARTED mpd-default task=t5 member=Explorer attempt=att-t5-5 — the owner never stamped this task: a dispatch problem, not a wedge; recorded for replay, NO hold, NO escalation record=<sandbox>/.mpd/team/watchdog/incidents.jsonl
    [mpd-team-watchdog] NEVER-STARTED mpd-default task=t6 member=Architect attempt=att-t6-6 — the owner never stamped this task: a dispatch problem, not a wedge; recorded for replay, NO hold, NO escalation record=<sandbox>/.mpd/team/watchdog/incidents.jsonl
    [mpd-team-watchdog] NEVER-STARTED mpd-default task=t7 member=Deep Worker attempt=att-t7-7 — the owner never stamped this task: a dispatch problem, not a wedge; recorded for replay, NO hold, NO escalation record=<sandbox>/.mpd/team/watchdog/incidents.jsonl
    [mpd-team-watchdog] NEVER-STARTED mpd-default task=t8 member=Senior Engineer attempt=att-t8-8 — the owner never stamped this task: a dispatch problem, not a wedge; recorded for replay, NO hold, NO escalation record=<sandbox>/.mpd/team/watchdog/incidents.jsonl
    [mpd-team-watchdog] NEVER-STARTED mpd-default task=t9 member=Senior Engineer attempt=att-t9-9 — the owner never stamped this task: a dispatch problem, not a wedge; recorded for replay, NO hold, NO escalation record=<sandbox>/.mpd/team/watchdog/incidents.jsonl
    [mpd-team-watchdog] NEVER-STARTED mpd-default task=t10 member=Reviewer attempt=att-t10-10 — the owner never stamped this task: a dispatch problem, not a wedge; recorded for replay, NO hold, NO escalation record=<sandbox>/.mpd/team/watchdog/incidents.jsonl
    [mpd-team-watchdog] NEVER-STARTED mpd-default task=t11 member=Reviewer attempt=att-t11-11 — the owner never stamped this task: a dispatch problem, not a wedge; recorded for replay, NO hold, NO escalation record=<sandbox>/.mpd/team/watchdog/incidents.jsonl
    [mpd-team-watchdog] NEVER-STARTED mpd-default task=t12 member=Lead attempt=att-t12-12 — the owner never stamped this task: a dispatch problem, not a wedge; recorded for replay, NO hold, NO escalation record=<sandbox>/.mpd/team/watchdog/incidents.jsonl
[before] shape=revoked tasks=12 dispatched=0 never-started=12 incidents=12 tickDecisions=0 holds=0
    [mpd-team-watchdog] NEVER-STARTED mpd-default task=t1 member=Planner attempt=(none) — the owner never stamped this task: a dispatch problem, not a wedge; recorded for replay, NO hold, NO escalation record=<sandbox>/.mpd/team/watchdog/incidents.jsonl
    [mpd-team-watchdog] NEVER-STARTED mpd-default task=t2 member=Explorer attempt=(none) — the owner never stamped this task: a dispatch problem, not a wedge; recorded for replay, NO hold, NO escalation record=<sandbox>/.mpd/team/watchdog/incidents.jsonl
    [mpd-team-watchdog] NEVER-STARTED mpd-default task=t3 member=Researcher attempt=(none) — the owner never stamped this task: a dispatch problem, not a wedge; recorded for replay, NO hold, NO escalation record=<sandbox>/.mpd/team/watchdog/incidents.jsonl
    [mpd-team-watchdog] NEVER-STARTED mpd-default task=t4 member=Researcher attempt=(none) — the owner never stamped this task: a dispatch problem, not a wedge; recorded for replay, NO hold, NO escalation record=<sandbox>/.mpd/team/watchdog/incidents.jsonl
    [mpd-team-watchdog] NEVER-STARTED mpd-default task=t5 member=Explorer attempt=(none) — the owner never stamped this task: a dispatch problem, not a wedge; recorded for replay, NO hold, NO escalation record=<sandbox>/.mpd/team/watchdog/incidents.jsonl
    [mpd-team-watchdog] NEVER-STARTED mpd-default task=t6 member=Architect attempt=(none) — the owner never stamped this task: a dispatch problem, not a wedge; recorded for replay, NO hold, NO escalation record=<sandbox>/.mpd/team/watchdog/incidents.jsonl
    [mpd-team-watchdog] NEVER-STARTED mpd-default task=t7 member=Deep Worker attempt=(none) — the owner never stamped this task: a dispatch problem, not a wedge; recorded for replay, NO hold, NO escalation record=<sandbox>/.mpd/team/watchdog/incidents.jsonl
    [mpd-team-watchdog] NEVER-STARTED mpd-default task=t8 member=Senior Engineer attempt=(none) — the owner never stamped this task: a dispatch problem, not a wedge; recorded for replay, NO hold, NO escalation record=<sandbox>/.mpd/team/watchdog/incidents.jsonl
    [mpd-team-watchdog] NEVER-STARTED mpd-default task=t9 member=Senior Engineer attempt=(none) — the owner never stamped this task: a dispatch problem, not a wedge; recorded for replay, NO hold, NO escalation record=<sandbox>/.mpd/team/watchdog/incidents.jsonl
    [mpd-team-watchdog] NEVER-STARTED mpd-default task=t10 member=Reviewer attempt=(none) — the owner never stamped this task: a dispatch problem, not a wedge; recorded for replay, NO hold, NO escalation record=<sandbox>/.mpd/team/watchdog/incidents.jsonl
    [mpd-team-watchdog] NEVER-STARTED mpd-default task=t11 member=Reviewer attempt=(none) — the owner never stamped this task: a dispatch problem, not a wedge; recorded for replay, NO hold, NO escalation record=<sandbox>/.mpd/team/watchdog/incidents.jsonl
    [mpd-team-watchdog] NEVER-STARTED mpd-default task=t12 member=Lead attempt=(none) — the owner never stamped this task: a dispatch problem, not a wedge; recorded for replay, NO hold, NO escalation record=<sandbox>/.mpd/team/watchdog/incidents.jsonl
[before] dist sha256=810e0fb315e968ac897d44e297d073cb30063df8a5b8b0569d7effce2cb8d269 bytes=125754
