{
  "workspace": "/root/dshProj/my-power-dsh",
  "stamp": "20260916T034935Z",
  "incidents": {
    "before": 42,
    "removedDefectRecords": 26,
    "after": 16,
    "newestKept": 1789525136074,
    "backup": "/root/dshProj/my-power-dsh/.mpd/team/watchdog/incidents.jsonl.bak-20260916T034935Z"
  },
  "removedByKind": {
    "t83": 1,
    "t85": 1,
    "t1": 2,
    "t2": 2,
    "t3": 2,
    "t4": 2,
    "t5": 2,
    "t6": 2,
    "t7": 2,
    "t10": 2,
    "t11": 2,
    "t12": 2,
    "t8": 2,
    "t9": 2
  },
  "keptByKind": {
    "never-started": 4,
    "warn": 8,
    "escalate": 4
  },
  "watermark": {
    "reader": "web-panel",
    "before": 0,
    "after": 1789525136074,
    "path": "/root/dshProj/my-power-dsh/.mpd/team/watchdog/read-watermark.json"
  }
}
