dsh: reasoning:
The user asks to list all available tool names starting with `mcp__` prefix, one per line. Do not call any tools.

I need to look at my available tools. From the function list:

- mcp__ast_grep__rewrite
- mcp__ast_grep__scan
- mcp__ast_grep__search
- mcp__codegraph__codegraph_explore
- mcp__context7__query-docs
- mcp__context7__resolve-library-id
- mcp__grep_app__searchGitHub
- mcp__lsp__find_definition
- mcp__lsp__find_implementation
- mcp__lsp__find_references
- mcp__lsp__find_workspace_symbols
- mcp__lsp__get_diagnostics
- mcp__lsp__get_hover
- mcp__lsp__get_incoming_calls
- mcp__lsp__get_outgoing_calls
- mcp__lsp__prepare_call_hierarchy
- mcp__lsp__rename_symbol
- mcp__lsp__rename_symbol_strict
- mcp__lsp__restart_server

That's it. The user says do not call any tools, so I just answer.
mcp__ast_grep__rewrite
mcp__ast_grep__scan
mcp__ast_grep__search
mcp__codegraph__codegraph_explore
mcp__context7__query-docs
mcp__context7__resolve-library-id
mcp__grep_app__searchGitHub
mcp__lsp__find_definition
mcp__lsp__find_implementation
mcp__lsp__find_references
mcp__lsp__find_workspace_symbols
mcp__lsp__get_diagnostics
mcp__lsp__get_hover
mcp__lsp__get_incoming_calls
mcp__lsp__get_outgoing_calls
mcp__lsp__prepare_call_hierarchy
mcp__lsp__rename_symbol
mcp__lsp__rename_symbol_strict
mcp__lsp__restart_server
