$ node scripts/install-profile.mjs --yes --dsh-home /tmp/mpd-l6-mount-boot-pppQJR/dsh-home --profile mpd-headless --skip-toolchain
[[exit=0]]
[install-profile] dshHome=/tmp/mpd-l6-mount-boot-pppQJR/dsh-home profile=mpd-headless write=true
[install-profile] profileDir=/tmp/mpd-l6-mount-boot-pppQJR/dsh-home/profiles/mpd-headless
[install-profile] homePatch=/tmp/mpd-l6-mount-boot-pppQJR/dsh-home/cord
$ bun build packages/mpd-ulw-plugin/src/index.ts --target node --format esm --outfile /tmp/mpd-l6-mount-boot-pppQJR/builds/mpd-ulw.js
[[exit=0]]
Bundled 2 modules in 8ms

  mpd-ulw.js  43.61 KB  (entry point)


$ bun build packages/mpd-dsh-adapter-plugin/src/index.ts --target node --format esm --outfile /tmp/mpd-l6-mount-boot-pppQJR/builds/mpd-dsh-adapter.js
[[exit=0]]
Bundled 1 module in 4ms

  mpd-dsh-adapter.js  22.24 KB  (entry point)


[shipped] $ dsh --profile mpd-headless --patch <overlay> "Reply with exactly: l6-mount-shipped-ok" (cwd /tmp/mpd-l6-mount-boot-pppQJR/ws-shipped)
[[exit=0]]
[mpd-codegraph] init status=ok binary=/root/dshProj/my-power-dsh/.toolchain/node_modules/.bin/codegraph cwd=/tmp/mpd-l6-mount-boot-pppQJR/ws-shipped
[mpd-dsh-adapter] mpdDsh provided (harness seams resolved lazily, inject-free)
[mpd-bootstrap]
[patch] retargeted rows (row ids kept):
[
  {
    "rowId": "mpd-ulw",
    "from": "/root/dshProj/my-power-dsh/packages/mpd-ulw-plugin/dist/index.js",
    "to": "<sandbox>/builds/mpd-ulw.js"
  },
  {
    "rowId": "mpd-dsh-adapter",
    "from": "/root/dshProj/my-power-dsh/packages/mpd-dsh-adapter-plugin/dist/index.js",
    "to": "<sandbox>/builds/mpd-dsh-adapter.js"
  }
]
[sandbox-built] $ dsh --profile mpd-headless --patch <overlay> "Reply with exactly: l6-mount-sandbox-built-ok" (cwd /tmp/mpd-l6-mount-boot-pppQJR/ws-sandbox-built)
[[exit=0]]
[mpd-codegraph] init status=ok binary=/root/dshProj/my-power-dsh/.toolchain/node_modules/.bin/codegraph cwd=/tmp/mpd-l6-mount-boot-pppQJR/ws-sandbox-built
[mpd-dsh-adapter] mpdDsh provided (harness seams resolved lazily, inje
[l6-mount-boot] ok=true -> /root/dshProj/my-power-dsh/evidence/ulw/l6-verification/20260918T012345Z/mount-boot
  install: {"ok":true,"exit":0}
  shippedArtifacts: {"measured":[{"rowId":"mpd-ulw","path":"packages/mpd-ulw-plugin/dist/index.js","sha256":"24122dae82a78f8f4ab9c31c8eb923d9f961fa0b54fdd0293f9bf883faa16bce","missingMarkers":["registerCommand","ULW_ACTIVATION_DIRECTIVE","usage: /ulw"],"presentMarkers":[]},{"rowId":"mpd-dsh-adapter","path":"packages/mp
  sandboxBuilds: {"ok":true,"builds":[{"rowId":"mpd-ulw","entry":"packages/mpd-ulw-plugin/src/index.ts","build":"<sandbox>/builds/mpd-ulw.js","exit":0,"sha256":"cb42c50a6960e5a5f4e3635cd9d22688e93d335811aacae06d27ce37095061eb"},{"rowId":"mpd-dsh-adapter","entry":"packages/mpd-dsh-adapter-plugin/src/index.ts","build"
  bootShippedConsistent: {"ok":true,"problems":[],"exit":0,"crashes":[],"applyAbort":false,"tools":{"serviceMounted":true,"hasLookup":true,"mpd_ultrawork":true,"mpd_ulw":true},"commands":["agent-teams","agent-teams-mpd","compact","feedback","goal","mpd","permission","plan"],"staleConsistent":true,"isolation":{"ok":true,"che
  retargetedRows: {"ok":true,"rows":[{"rowId":"mpd-ulw","from":"/root/dshProj/my-power-dsh/packages/mpd-ulw-plugin/dist/index.js","to":"<sandbox>/builds/mpd-ulw.js"},{"rowId":"mpd-dsh-adapter","from":"/root/dshProj/my-power-dsh/packages/mpd-dsh-adapter-plugin/dist/index.js","to":"<sandbox>/builds/mpd-dsh-adapter.js"}
  bootSandboxBuilt: {"ok":true,"problems":[],"exit":0,"crashes":[],"applyAbort":false,"tools":{"serviceMounted":true,"hasLookup":true,"mpd_ultrawork":true,"mpd_ulw":true},"commands":["agent-teams","agent-teams-mpd","compact","feedback","goal","mpd","permission","plan","ultrawork","ulw"],"descriptors":[{"name":"agent-te
  compositionOnly: {"ok":true,"exit":0,"hasUlwRow":true,"hasProbeRow":true,"note":"COMPOSITION ONLY (AGENTS.md §4): proves the composed row list carries id mpd-ulw and the probe row; it can never witness a registration or an apply abort — the load evidence is BOOT B's live registries"}
  isolationSessions: {"ok":true,"checked":2,"keys":["--tmp-mpd-l6-mount-boot-pppQJR-ws-sandbox-built--","--tmp-mpd-l6-mount-boot-pppQJR-ws-shipped--"]}
[l6-mount-boot] ok=true -> /root/dshProj/my-power-dsh/evidence/ulw/l6-verification/20260918T012345Z/mount-boot
  install: {"ok":true,"exit":0}
  shippedArtifacts: {"measured":[{"rowId":"mpd-ulw","path":"packages/mpd-ulw-plugin/dist/index.js","sha256":"24122dae82a78f8f4ab9c31c8eb923d9f961fa0b54fdd0293f9bf883faa16bce","missingMarkers":["registerCommand","ULW_ACTIVATION_DIRECTIVE","usage: /ulw"],"presentMarkers":[]},{"rowId":"mpd-dsh-adapter","path":"packages/mp
  sandboxBuilds: {"ok":true,"builds":[{"rowId":"mpd-ulw","entry":"packages/mpd-ulw-plugin/src/index.ts","build":"<sandbox>/builds/mpd-ulw.js","exit":0,"sha256":"cb42c50a6960e5a5f4e3635cd9d22688e93d335811aacae06d27ce37095061eb"},{"rowId":"mpd-dsh-adapter","entry":"packages/mpd-dsh-adapter-plugin/src/index.ts","build"
  bootShippedConsistent: {"ok":true,"problems":[],"exit":0,"crashes":[],"applyAbort":false,"tools":{"serviceMounted":true,"hasLookup":true,"mpd_ultrawork":true,"mpd_ulw":true},"commands":["agent-teams","agent-teams-mpd","compact","feedback","goal","mpd","permission","plan"],"staleConsistent":true,"isolation":{"ok":true,"che
  retargetedRows: {"ok":true,"rows":[{"rowId":"mpd-ulw","from":"/root/dshProj/my-power-dsh/packages/mpd-ulw-plugin/dist/index.js","to":"<sandbox>/builds/mpd-ulw.js"},{"rowId":"mpd-dsh-adapter","from":"/root/dshProj/my-power-dsh/packages/mpd-dsh-adapter-plugin/dist/index.js","to":"<sandbox>/builds/mpd-dsh-adapter.js"}
  bootSandboxBuilt: {"ok":true,"problems":[],"exit":0,"crashes":[],"applyAbort":false,"tools":{"serviceMounted":true,"hasLookup":true,"mpd_ultrawork":true,"mpd_ulw":true},"commands":["agent-teams","agent-teams-mpd","compact","feedback","goal","mpd","permission","plan","ultrawork","ulw"],"descriptors":[{"name":"agent-te
  compositionOnly: {"ok":true,"exit":0,"hasUlwRow":true,"hasProbeRow":true,"note":"COMPOSITION ONLY (AGENTS.md §4): proves the composed row list carries id mpd-ulw and the probe row; it can never witness a registration or an apply abort — the load evidence is BOOT B's live registries"}
  isolationSessions: {"ok":true,"checked":2,"keys":["--tmp-mpd-l6-mount-boot-pppQJR-ws-sandbox-built--","--tmp-mpd-l6-mount-boot-pppQJR-ws-shipped--"]}
