
=== RENDER 1 (no pin) ===
  [inactive] team 
  [accent] dag-edges-scroll-verify  
  [inactive] phase active  tasks 
  [success] 1/5  
  [inactive] members 
  [accent] 1  
  [success] ███░░░░░░░░░╭──────────────────────────────────────╮
  [text]                                       
  [success] │
  [text]                                       
  [success] │
  [text]                                       
  [success] │ ✓ T1 WRK REQ DAG TUI
  [text]                  
  [success] │
  [text]                                       
  [success] │
  [text]                                       
  [success] │
  [text]                                       
  [success] ╰──────────────────┬───────────────────╯
  [text]                                                          
  [promptBorder] │
  [text]                                                                              
  [promptBorder] ├──────────────────────────────────────────╮
  [text]                                   
  [warning] ▼
  [text]                                           
  [warning] ▼
  [text]                
  [warning] ╭──────────────────┴───────────────────╮
  [text]    
  [warning] ╭──────────────────┴───────────────│
  [text]                                       
  [warning] │
  [text]    
  [warning] │
  [text]                                   
  [warning] │ ○ T2 WRK W1 natural width and panning│
  [text]    
  [warning] │ ○ T3 WRK W2 termaid rounded boxes│
  [text]                                       
  [warning] │
  [text]    
  [warning] │
  [text]                                   
  [warning] ╰──────────────────┬───────────────────╯
  [text]    
  [warning] ╰──────────────────┬───────────────
  [text]                    
  [promptBorder] │
  [text]                                           
  [promptBorder] │
  [text]                                   
  [promptBorder] ├──────────────────────────────────────────╯
  [text]                                   
  [warning] ▼
  [text]                                                           
  [warning] ╭──────────────────┴───────────────────╮
  [text]                                       
  [warning] │
  [text]                                       
  [warning] │
  [text]                                       
  [warning] │ ○ T4 WRK REV PTY
  [text]                      
  [warning] │
  [text]                                       
  [warning] │
  [text]                                       
  [warning] │
  [text]                                       
  [warning] ╰──────────────────┬───────────────────╯
  [text]                                                          
  [promptBorder] │
  [text]                                                                              
  [promptBorder] │
  [text]                                                                              
  [warning] ▼
  [text]                                                           
  [warning] ╭──────────────────┴───────────────────╮
  [text]                                       
  [warning] │
  [text]                                       
  [warning] │
  [text]                                       
  [warning] │ ○ T5 WRK #5
  [text]                           
  [warning] │
  [text]                                       
  [warning] │
  [text]                                       
  [warning] │
  [text]                                       
  [warning] ╰──────────────────────────────────────╯
  [text]                                       
  [promptBorder] █████████████████████████████████████████████████████████████████████████░░░░░
  [undefined] view boxes · 5 tasks · ranks derived▼/▸ blocker above → dependent below · ▶ focus lights its chain✓ completed · ◐ running · ○ open · ✗ failed · ⊘ cancelled✓ completed · ◐ running · ○ open=blocked · ✗ failed · ○ blocked=open⊘ cancelled↑↓/jk move · Enter pin · Esc unpin · ⇧↑↓/⇧←→ scroll

clickable rows: 20
   "╭──────────────────────────────────────╮                                      "
   "│                                      │                                      "
   "│ ✓ T1 WRK REQ DAG TUI                 │                                      "
   "│                                      │                                      "
   "╰──────────────────┬───────────────────╯                                      "
   "╭──────────────────┴───────────────────╮   ╭──────────────────┴───────────────"
   "│                                      │   │                                  "
   "│ ○ T2 WRK W1 natural width and panning│   │ ○ T3 WRK W2 termaid rounded boxes"
   "│                                      │   │                                  "
   "╰──────────────────┬───────────────────╯   ╰──────────────────┬───────────────"
   "╭──────────────────┴───────────────────╮                                      "
   "│                                      │                                      "
   "│ ○ T4 WRK REV PTY                     │                                      "
   "│                                      │                                      "
   "╰──────────────────┬───────────────────╯                                      "
   "╭──────────────────┴───────────────────╮                                      "
   "│                                      │                                      "
   "│ ○ T5 WRK #5                          │                                      "
   "│                                      │                                      "
   "╰──────────────────────────────────────╯                                      "

CLICKING the row that DRAWS T3: "│ ○ T2 WRK W1 natural width and panning│   │ ○ T3 WRK W2 termaid rounded boxes"

=== RENDER 2 (after clicking the row that draws T3) ===
  [inactive] team 
  [accent] dag-edges-scroll-verify  
  [inactive] phase active  tasks 
  [success] 1/5  
  [inactive] members 
  [accent] 1  
  [success] ███░░░░░░░░░╭──────────────────────────────────────╮
  [text]                                       
  [success] │
  [text]                                       
  [success] │
  [text]                                       
  [success] │ ✓ T1 WRK REQ DAG TUI
  [text]                  
  [success] │
  [text]                                       
  [success] │
  [text]                                       
  [success] │
  [text]                                       
  [success] ╰──────────────────┬───────────────────╯
  [text]                                                          
  [accent] │
  [text]                                                                              
  [accent] ├
  [inactive] ──────────────────────────────────────────╮
  [text]                                   
  [accentShimmer] ▼
  [text]                                           
  [inactive] ▼
  [text]                
  [accentShimmer] ╭──────────────────┴───────────────────╮
  [text]    
  [inactive] ╭──────────────────┴───────────────
  [accentShimmer] │
  [text]                                       
  [accentShimmer] │
  [text]    
  [inactive] │
  [text]                                   
  [accentShimmer] │ ▶ T2 WRK W1 natural width and panning│
  [text]    
  [inactive] │ ○ T3 WRK W2 termaid rounded boxes
  [accentShimmer] │
  [text]                                       
  [accentShimmer] │
  [text]    
  [inactive] │
  [text]                                   
  [accentShimmer] ╰──────────────────┬───────────────────╯
  [text]    
  [inactive] ╰──────────────────┬───────────────
  [text]                    
  [inactive] │
  [text]                                           
  [inactive] │
  [text]                                   
  [inactive] ├──────────────────────────────────────────╯
  [text]                                   
  [inactive] ▼
  [text]                                                           
  [inactive] ╭──────────────────┴───────────────────╮
  [text]                                       
  [inactive] │
  [text]                                       
  [inactive] │
  [text]                                       
  [inactive] │ ○ T4 WRK REV PTY
  [text]                      
  [inactive] │
  [text]                                       
  [inactive] │
  [text]                                       
  [inactive] │
  [text]                                       
  [inactive] ╰──────────────────┬───────────────────╯
  [text]                                                          
  [inactive] │
  [text]                                                                              
  [inactive] │
  [text]                                                                              
  [inactive] ▼
  [text]                                                           
  [inactive] ╭──────────────────┴───────────────────╮
  [text]                                       
  [inactive] │
  [text]                                       
  [inactive] │
  [text]                                       
  [inactive] │ ○ T5 WRK #5
  [text]                           
  [inactive] │
  [text]                                       
  [inactive] │
  [text]                                       
  [inactive] │
  [text]                                       
  [inactive] ╰──────────────────────────────────────╯
  [text]                                       
  [promptBorder] █████████████████████████████████████████████████████████████████████████░░░░░
  [undefined] view boxes · 5 tasks · ranks derived
  [accentShimmer] ◆ T2
  [undefined] subject W1 natural width and panningdescription Task T2 of the dag-edges-scroll verification fixture. Its subject id T2kind workvisual blocked
  [accent] █████████████████████████████
  [inactive] ░░░░░░░░░
  [undefined] ↑↓/jk move · Enter pin · Esc unpin · ⇧↑↓/⇧←→ scroll 1/12
