mode=boxes width=71 chain=T1,T2,T3
┌────────────────────────────────┐
│ ✓ T1 WRK REQ · 冻结验收契约：DA│
└────────────────┬───────────────┘
                 │
                 ├────────────────────────────────────┐
                 ▼                                    ▼
┌────────────────┴───────────────┐   ┌────────────────┴───────────────┐
│ ○ T2 WRK W1 natural width and p│   │ ○ T3 WRK W2 termaid rounded box│
└────────────────┬───────────────┘   └────────────────┬───────────────┘
                 │                                    │
                 ├────────────────────────────────────┘
                 ▼
┌────────────────┴───────────────┐
│ ▶ T4 WRK REV — 独立验证：真实 P│
└────────────────┬───────────────┘
                 │
                 │
                 ▼
┌────────────────┴───────────────┐
│ ○ T5 WRK 完全中文的任务标题：圆│
└────────────────────────────────┘
