$ DSH_HOME=<sandbox>/home HOME=<sandbox>/userhome PNPM_HOME=<sandbox>/pnpm-home npm_config_store_dir=<sandbox>/pnpm-store npm_config_offline=true dsh plugin --profile dsh-tui add /root/dshProj/my-power-dsh
✓ Lockfile passes supply-chain policies (verified 1m ago)
Progress: resolved 1, reused 0, downloaded 0, added 0
[WARN] Issues with peer dependencies found. Run "pnpm peers check" to list them.

dependencies:
+ @mpd-dsh/mpd link:/root/dshProj/my-power-dsh

Packages: +74
++++++++++++++++++++++++++++++++++++++++++++++++++++++++++++++++++++++++++
Packages are hard linked from the content-addressable store to the virtual store.
  Content-addressable store is at: /root/dshProj/my-power-dsh/evidence/docs-tui-install/20260916T020818Z/sandbox/pnpm-home/store/v11
  Virtual store is at:             node_modules/.pnpm
Progress: resolved 98, reused 72, downloaded 0, added 74, done
Done in 945ms using pnpm v11.23.0

   ╭─────────────────────────────────────────╮
   │                                         │
   │   Update available! 11.23.0 → 12.4.2.   │
   │   Changelog: https://pnpm.io/v/12.4.2   │
   │    To update, run: pnpm self-update     │
   │                                         │
   ╰─────────────────────────────────────────╯

exit=0
