== t33 CLEAN-FORM readings 2026-09-17T08:35:15Z ==
-- arm only
bun test v1.3.14 (0d9b296a)

packages/mpd-agent-teams-plugin/self-fix-tests/composed-ticket-output-preserved.test.mjs:
(pass) T-73: the deterministic probe — a composed ticket no longer WIPES the stored deliverable [11.96ms]
(pass) T-73 negative control: with the new condition neutralised, the SAME fixture is WIPED [22.01ms]
(pass) T-73 control: a HANDOVER still clears (the fix is not 'never clear') [0.37ms]
(pass) T-73 control: a PENDING task's first dispatch still clears (a NEW generation) [1.75ms]
(pass) T-73 ∩ T-79: the SAME function still refuses terminal work, and the terminal deliverable is untouched [0.99ms]
(pass) T-73: the region is REGISTERED in the delta registry and lives in state.js [10.28ms]

 6 pass
 0 fail
 25 expect() calls
Ran 6 tests across 1 file. [167.00ms]
ARM_EXIT=0
-- self-fix dir
bun test v1.3.14 (0d9b296a)

packages/mpd-agent-teams-plugin/self-fix-tests/ownership-and-wave.test.mjs:
(pass) T-01: `who owns <path>` names the owner and is READ-ONLY [25.46ms]
(pass) T-01: an overlapping create is refused NAMING the owner, and after the move the same create can be declared [24.16ms]
(pass) T-01: the move refuses a path the donor does not own, an unknown target, a terminal target and an ambiguous donor [9.59ms]
(pass) T-12: rollover REFUSES while a task is non-terminal, naming the open ids [8.19ms]
(pass) T-12: rollover archives the closed wave WITH its tasks, advances the label, and status shows both [8.64ms]

packages/mpd-agent-teams-plugin/self-fix-tests/scope-semantics.test.mjs:
(pass) B5: a directory pattern covers its contents WITHOUT a trailing slash [0.18ms]
(pass) B5: trailing slash and non-trailing slash are equivalent [0.09ms]
(pass) B5: exact file patterns still match exactly, siblings and suffixes do not [0.07ms]
(pass) B5: root pattern matches everything; illegal/absolute patterns never match [0.05ms]
(pass) B5: classifyChangedPath — directory inScope covers files, outOfScope wins [0.24ms]
(pass) B6: completion reports ALL undeclared paths at once with the owning task id and a fix hint [0.62ms]
(pass) B6: completion passes when a directory pattern (no trailing slash) covers every changed path [0.15ms]

packages/mpd-agent-teams-plugin/self-fix-tests/scope-glob-and-contract.test.mjs:
(pass) DEFECT 1: a declared glob covers the files beneath it [0.36ms]
(pass) DEFECT 1 negative control: globs do not over-match [0.09ms]
(pass) DEFECT 1: every no-wildcard declaration keeps the pre-delta B5 semantics [0.14ms]
(pass) DEFECT 1: the completion gate accepts a glob-declared changedPath and still rejects an undeclared one [0.24ms]
(pass) DEFECT 2 reproduction: the pre-fix generator listed one path in BOTH lists [0.23ms]
(pass) DEFECT 2 fix: the finding's required path is CARVED OUT of the inherited prohibition [0.42ms]
(pass) DEFECT 2 fix, REAL wave-1 inputs (team mpd-default-7332aba4 t7 + t10): the required edit is in scope [0.41ms]
(pass) DEFECT 2 falsifiability: the contradiction guard must not reject legitimate carve-outs [0.13ms]
(pass) DEFECT 2 falsifiability: the write-task overlap guard is a real may-two-writers-touch-it relation [0.20ms]
(pass) durability: the guard refuses when a delta region is missing (observed failure) [6.29ms]
356 |     const firstDiff = actual.findIndex((line, index) => line !== (expected[index] ?? ""))
357 |     throw new Error(
358 |       `[patch-agent-teams-fixes] FAIL: delta "${delta.id}" in ${file} (lines ${found.begin + 1}-${found.end + 1}) no longer matches this script's registered block`
359 |       + ` — first difference at line ${found.begin + 1 + (firstDiff === -1 ? 0 : firstDiff)}`
360 |       + `; either the delta was edited without regenerating lib/mpd-deltas.js (run --write-registry) or a re-vendor rewrote it`,
361 |     )
          ^
error: [patch-agent-teams-fixes] FAIL: delta "mpd-delta status-pause-mechanisms" in packages/mpd-agent-teams-plugin/lib/tools.js (lines 3586-3592) no longer matches this script's registered block — first difference at line 3587; either the delta was edited without regenerating lib/mpd-deltas.js (run --write-registry) or a re-vendor rewrote it
      at assertRegionMatches (/root/dshProj/my-power-dsh/scripts/patch-agent-teams-fixes.mjs:361:5)
      at applyAgentTeamsFixes (/root/dshProj/my-power-dsh/scripts/patch-agent-teams-fixes.mjs:415:9)
      at <anonymous> (/root/dshProj/my-power-dsh/packages/mpd-agent-teams-plugin/self-fix-tests/scope-glob-and-contract.test.mjs:284:12)
(fail) durability: the guard is idempotent on the real tree and restores a stripped tree [30.99ms]
(pass) F2: every t4-changed line in lib/quality-gates.js sits inside a registered mpd-delta region [106.25ms]
(pass) F3: healing a RE-MATERIALIZED upstream file refuses instead of emitting a broken module [5.56ms]
356 |     const firstDiff = actual.findIndex((line, index) => line !== (expected[index] ?? ""))
357 |     throw new Error(
358 |       `[patch-agent-teams-fixes] FAIL: delta "${delta.id}" in ${file} (lines ${found.begin + 1}-${found.end + 1}) no longer matches this script's registered block`
359 |       + ` — first difference at line ${found.begin + 1 + (firstDiff === -1 ? 0 : firstDiff)}`
360 |       + `; either the delta was edited without regenerating lib/mpd-deltas.js (run --write-registry) or a re-vendor rewrote it`,
361 |     )
          ^
error: [patch-agent-teams-fixes] FAIL: delta "mpd-delta status-pause-mechanisms" in packages/mpd-agent-teams-plugin/lib/tools.js (lines 3586-3592) no longer matches this script's registered block — first difference at line 3587; either the delta was edited without regenerating lib/mpd-deltas.js (run --write-registry) or a re-vendor rewrote it
      at assertRegionMatches (/root/dshProj/my-power-dsh/scripts/patch-agent-teams-fixes.mjs:361:5)
      at applyAgentTeamsFixes (/root/dshProj/my-power-dsh/scripts/patch-agent-teams-fixes.mjs:415:9)
      at <anonymous> (/root/dshProj/my-power-dsh/packages/mpd-agent-teams-plugin/self-fix-tests/scope-glob-and-contract.test.mjs:427:24)
(fail) F3: a clean (region-carrying) tree still heals successfully [60.48ms]
356 |     const firstDiff = actual.findIndex((line, index) => line !== (expected[index] ?? ""))
357 |     throw new Error(
358 |       `[patch-agent-teams-fixes] FAIL: delta "${delta.id}" in ${file} (lines ${found.begin + 1}-${found.end + 1}) no longer matches this script's registered block`
359 |       + ` — first difference at line ${found.begin + 1 + (firstDiff === -1 ? 0 : firstDiff)}`
360 |       + `; either the delta was edited without regenerating lib/mpd-deltas.js (run --write-registry) or a re-vendor rewrote it`,
361 |     )
          ^
error: [patch-agent-teams-fixes] FAIL: delta "mpd-delta status-pause-mechanisms" in packages/mpd-agent-teams-plugin/lib/tools.js (lines 3586-3592) no longer matches this script's registered block — first difference at line 3587; either the delta was edited without regenerating lib/mpd-deltas.js (run --write-registry) or a re-vendor rewrote it
      at assertRegionMatches (/root/dshProj/my-power-dsh/scripts/patch-agent-teams-fixes.mjs:361:5)
      at applyAgentTeamsFixes (/root/dshProj/my-power-dsh/scripts/patch-agent-teams-fixes.mjs:415:9)
      at <anonymous> (/root/dshProj/my-power-dsh/packages/mpd-agent-teams-plugin/self-fix-tests/scope-glob-and-contract.test.mjs:447:24)
(fail) F4: stripping every region and healing reproduces the canonical file byte-for-byte [65.63ms]
(pass) F4: the anchor-indent class is gone with the line keys [0.23ms]

packages/mpd-agent-teams-plugin/self-fix-tests/repair-source-deadlock.test.mjs:
(pass) T-81: a repair on an OPEN source does NOT acquire the deadlock edge, and is claimable at once [0.48ms]
(pass) T-81 regression control: a review of an OPEN source still wires the edge [0.12ms]
(pass) T-81 negative control: with the pre-fix unconditional edge, the SAME fixture PARKS [10.28ms]

packages/mpd-agent-teams-plugin/self-fix-tests/deliverable-channel.test.mjs:
(pass) T-46: a long deliverable is EXTENDED by output_append, and a byte-dropping replacement is loud [13.98ms]
(pass) T-09: the artifact channel carries the full text, records it on the task, and guards the path [14.53ms]
(pass) T-10: a read-only seat writes ONLY under evidence/**, append-or-create; a writer seat is not restricted there [10.14ms]
(pass) T-05: the spawn welcome states what is CLAIMABLE, never a blocked task as pending work [0.43ms]

packages/mpd-agent-teams-plugin/self-fix-tests/terminal-rearm-refusal.test.mjs:
(pass) T-79(a): the compose's ROTATION PRIMITIVE refuses terminal work, naming the status [0.36ms]
(pass) T-79(b): the real scheduler, in-process, never re-arms or delivers a TERMINAL task [3.61ms]
(pass) T-79(c): the sanctioned revive path survives — reassign_task re-opens with a FRESH id [5.56ms]
(pass) T-79(d): a STALE capability on terminal work is REFUSED (captain's idempotent path) [5.65ms]
(pass) T-79 negative control: with both guards removed, the SAME calls rotate and answer success [47.10ms]
(pass) T-79 restart leg: a FRESH PROCESS sees the same refusal (the restart-based re-observation) [61.84ms]

packages/mpd-agent-teams-plugin/self-fix-tests/terminal-dispatch.test.mjs:
(pass) T-07 positive control: a READY task still reaches its assignee (no blanket refusal) [3.30ms]
(pass) T-07 regression: a TERMINAL task is never delivered, and a refused dispatch never writes a status onto it [2.47ms]
(pass) T-07 THE RACE: a task that becomes terminal before the wake is never carried by a wake [3.20ms]
(pass) T-07: the delivery-boundary re-check is REGISTERED (a re-materialize cannot silently drop it) [0.53ms]

packages/mpd-agent-teams-plugin/self-fix-tests/strict-task-arguments.test.mjs:
(pass) T-61: an unknown snake_case argument name is REFUSED, named, and stores NOTHING [4.18ms]
(pass) T-61 control: every DECLARED argument name still works (a guard that refuses everything is red) [5.32ms]
(pass) T-61 drift pin: the declared-name list EQUALS the registered tool's compiled schema keys [3.35ms]
(pass) T-61 negative control: with the guard call removed, the SAME payload succeeds and stores nothing [56.93ms]
(pass) T-61 append channel (ii): the registered schema carries the key and a TERMINAL append GROWS the bytes [4.87ms]
(pass) T-61 append channel (i): the wave-1 shape is a STALE-SCHEMA drop — success returned, nothing stored [0.83ms]

packages/mpd-agent-teams-plugin/self-fix-tests/dispatch-stall-region.test.mjs:
(pass) t13: every dispatch-stall edit is region-registered (nothing unmarked survives a strip) [1.64ms]
106 |             applyAgentTeamsFixes({ root, write: true })
107 |         }
108 |         catch (error) {
109 |             message = String(error.message)
110 |         }
111 |         expect(message).toMatch(/mpd-delta dispatch-decline-guard/)
                              ^
error: expect(received).toMatch(expected)

Expected substring or pattern: /mpd-delta dispatch-decline-guard/
Received: "[patch-agent-teams-fixes] FAIL: delta \"mpd-delta status-pause-mechanisms\" in packages/mpd-agent-teams-plugin/lib/tools.js (lines 3586-3592) no longer matches this script's registered block — first difference at line 3587; either the delta was edited without regenerating lib/mpd-deltas.js (run --write-registry) or a re-vendor rewrote it"

      at <anonymous> (/root/dshProj/my-power-dsh/packages/mpd-agent-teams-plugin/self-fix-tests/dispatch-stall-region.test.mjs:111:25)
(fail) t13: a re-materialized scheduler.js (upstream guard restored) is REFUSED byte-untouched [53.40ms]
356 |     const firstDiff = actual.findIndex((line, index) => line !== (expected[index] ?? ""))
357 |     throw new Error(
358 |       `[patch-agent-teams-fixes] FAIL: delta "${delta.id}" in ${file} (lines ${found.begin + 1}-${found.end + 1}) no longer matches this script's registered block`
359 |       + ` — first difference at line ${found.begin + 1 + (firstDiff === -1 ? 0 : firstDiff)}`
360 |       + `; either the delta was edited without regenerating lib/mpd-deltas.js (run --write-registry) or a re-vendor rewrote it`,
361 |     )
          ^
error: [patch-agent-teams-fixes] FAIL: delta "mpd-delta status-pause-mechanisms" in packages/mpd-agent-teams-plugin/lib/tools.js (lines 3586-3592) no longer matches this script's registered block — first difference at line 3587; either the delta was edited without regenerating lib/mpd-deltas.js (run --write-registry) or a re-vendor rewrote it
      at assertRegionMatches (/root/dshProj/my-power-dsh/scripts/patch-agent-teams-fixes.mjs:361:5)
      at applyAgentTeamsFixes (/root/dshProj/my-power-dsh/scripts/patch-agent-teams-fixes.mjs:415:9)
      at <anonymous> (/root/dshProj/my-power-dsh/packages/mpd-agent-teams-plugin/self-fix-tests/dispatch-stall-region.test.mjs:128:24)
(fail) t13: stripping every scheduler.js region heals byte-for-byte back to the canonical file [38.79ms]

packages/mpd-agent-teams-plugin/self-fix-tests/tool-boundary-hold-and-contract-seat.test.mjs:
(pass) D2: the two tool-boundary guards and tools.js's reader copy are gone; scheduler keeps its own [1.61ms]
(pass) D2: with a LIVE hold present, claim_task and update_task SUCCEED (the hold no longer blocks a write) [5.67ms]
(pass) D2 NEGATIVE CONTROL: the deleted guard re-injected into a scratch copy makes the same call FAIL [35.54ms]
(pass) T-49: the contract tool is a MEMBER tool in BOTH deny computations [2.04ms]
282 |     try {
283 |         const { tools } = registerTools(workspace, captain, member)
284 |         const status = tools.get("agent_teams_status")
285 |         const running = await status.execute({}, { agent: member })
286 |         const rendered = status.output.render({}, running)[0].text
287 |         expect(rendered).toContain("Pause: agent-teams halt not active")
                               ^
error: expect(received).toContain(expected)

Expected to contain: "Pause: agent-teams halt not active"
Received: "Team \"tool-boundary probe\"\nWave: w1 (open since 2026-09-17T08:35:16.686Z)\nPause: agent-teams halt ACTIVE (one mechanism: agent_teams_halt — the team watchdog's PRESERVING hold is its INTERNAL implementation: hold hold-probe-1 set since 2023-11-14T22:13:20.000Z — silence probe (released only by its own session-watchdog-resume))\nLoop: running — Work remains on the shared task list; wait for the scheduler or complete owned tasks.\nViewing as: Architect\nMembers (1):\n  - Architect [architect] idle/idle\nTasks (1):\n  - t1 [pending] verification attempt 0 the guarded task → Architect\nDelivery: blocked (t1 (verification) is not completed)\nCaptain inbox (0):"

      at <anonymous> (/root/dshProj/my-power-dsh/packages/mpd-agent-teams-plugin/self-fix-tests/tool-boundary-hold-and-contract-seat.test.mjs:287:26)
(fail) T-19: the status surface names BOTH pause mechanisms and defers the hold [6.40ms]
(pass) t41: the contract tool refuses a NON-PARTICIPANT and an UNKNOWN id NAMING the known ids — both FALSIFIABLE [48.66ms]

packages/mpd-agent-teams-plugin/self-fix-tests/pool-capability-guard.test.mjs:
(pass) a pooled write task is LEFT IN THE POOL for a read-only member and reported [0.54ms]
(pass) a write-capable member still gets the pooled write task (the guard is not a blanket refusal) [0.15ms]
(pass) a member whose deny blocks nothing relevant is unaffected by an unrelated deny entry [0.07ms]
(pass) an EXPLICIT assignment is still dispatched to a restricted member, and says so [0.12ms]
(pass) a member's own ready task outranks a pooled task it could also run [0.06ms]
(pass) nothing executable is left: undefined, and every withheld candidate is reported [0.14ms]
124 |     const materialized = readFileSync(target, "utf8").replace(
125 |       /[ ]*\/\/#region mpd-delta pool-capability-select[\s\S]*?\/\/#endregion mpd-delta pool-capability-select\n/,
126 |       "                    const task = recoverOwned ? owned : owned === undefined\n                        ? nextReadyTask(fresh.tasks, currentMember.name)\n                        : undefined;\n")
127 |     expect(materialized).not.toContain("mpd-delta pool-capability-select")
128 |     writeFileSync(target, materialized)
129 |     expect(() => applyAgentTeamsFixes({ root, write: true })).toThrow(/pool-capability-select/)
                                                                    ^
error: expect(received).toThrow(expected)

Expected pattern: /pool-capability-select/
Received message: "[patch-agent-teams-fixes] FAIL: delta \"mpd-delta status-pause-mechanisms\" in packages/mpd-agent-teams-plugin/lib/tools.js (lines 3586-3592) no longer matches this script's registered block — first difference at line 3587; either the delta was edited without regenerating lib/mpd-deltas.js (run --write-registry) or a re-vendor rewrote it"

      at <anonymous> (/root/dshProj/my-power-dsh/packages/mpd-agent-teams-plugin/self-fix-tests/pool-capability-guard.test.mjs:129:63)
(fail) the guard is region-registered and its replacement is REFUSED after a re-materialize [35.26ms]

packages/mpd-agent-teams-plugin/self-fix-tests/quality-loop.test.mjs:
(pass) Fix1: review auto-wires reviewedTaskId into dependencies (premature dispatch) [0.37ms]
(pass) Fix1: repair auto-wires sourceTaskId into dependencies (REQUALIFIED by T-81: terminal sources only) [0.35ms]
(pass) Fix2 + OPT-1: cancelled and FAILED deps are non-blocking; pending still blocks [0.15ms]
(pass) Fix2: pending dependents blocked only by cancelled deps are cascaded (no deadlock) [0.31ms]
(pass) Fix3: planQualityFollowUp links reasonTaskId and reason reaches the repair prompt [1.29ms]
(pass) Fix4: reject without a completed source notifies the captain only (no repair, no escalation) [0.15ms]
(pass) Fix4: genuine reject of a completed source still escalates [0.07ms]
(pass) Fix3b: reasonTaskId / reassignReason survive task validation [0.08ms]
(pass) Fix3c: assignmentPrompt renders reassignReason and captain guidance digest [0.22ms]

packages/mpd-agent-teams-plugin/self-fix-tests/registry-context-heal.test.mjs:
124 |         for (const name of ADOPTED_FILES) stripDeltas(libPath(root, name))
125 |         const healed = applyAgentTeamsFixes({ root, write: true })
126 |         expect(healed.status).toBe("applied")
127 |         expect(healed.inserted.length).toBe(MPD_DELTAS.length)
128 |         for (const name of ADOPTED_FILES)
129 |             expect(readFileSync(libPath(root, name), "utf8"), name).toBe(canonical[name])
                                                                          ^
error: tools.js

@@ -2678,16 +2678,11 @@
                  ...row.evidence === undefined ? {} : { evidence: row.evidence },
              }));
              const deliveryCheck = canDeclareDelivery(team);
              const delivery = { ok: deliveryCheck.ok, blockers: [...deliveryCheck.blockers] };
              const loop = describeQualityLoop(team);
-             //#region mpd-delta pause-surface-apply (mpd LOCAL ADAPTATION; re-applied by scripts/patch-agent-teams-fixes.mjs)
-             // T-19 surface 2 (t21): the ONE pause mechanism is computed ONCE, here, and carried by the
-             // payload, so the rendered line and any structured reader agree by construction. Display
-             // only — see `mpd-delta pause-surface-helper` for the fail-open read and the ruling.
-             const pause = pauseSurfaceOf(ctx, team, workspace, loop.halted === true);
-             //#endregion mpd-delta pause-surface-apply
              const result = {
                  team_id: team.id,
                  team_name: team.name,
                  description: team.description ?? '',
                  phase: team.phase ?? 'running',
@@ -3495,79 +3490,11 @@
          `Open findings: ${contract.findings_open}`,
      ];
      return lines.join('\n');
  }
  //#endregion mpd-delta task-contract-render
- //#region mpd-delta pause-surface-helper (mpd LOCAL ADAPTATION; re-applied by scripts/patch-agent-teams-fixes.mjs)
- // T-19 surface 2 (wave 2, t21) — ONE pause mechanism on the status surface.
- //
- // THE RULING (user, frozen by t3): "`agent_teams_halt` becomes the SOLE external mechanism; the
- // watchdog's PRESERVING hold is demoted to its internal implementation. Surface, tools and docs
- // expose one mechanism." The wave-1 line here did the opposite: it named the hold as a PEER and
- // deferred to another status surface, so an operator reading it while a hold was set saw
- // `agent-teams halt not active` — a true sentence that reads as "the team is running".
- //
- // The hold is read for DISPLAY ONLY, through the watchdog's own service, using the same cordis
- // inject-free lookup (`ctx.get(name, false)`) the scheduler's own hold reader uses — the reader
- // REGION itself stays out of this file (its id is deliberately not spelled here: `lib/scheduler.js`
- // owns it, and a self-fix pin asserts this file carries no copy). This read gates NOTHING: the tool-boundary guards stay deleted (D25-D26) and
- // the dispatch gate stays in the scheduler, because a hold must stop new dispatch only and must
- // never refuse a member's own claim/update/kick. It is FAIL-OPEN and non-throwing: an absent or
- // throwing reader reports `not-readable`, never a guessed hold.
- //
- // LIVE-VS-DURABLE: the service covers this process's holds and falls back to the durable
- // `watchdog/hold/<teamId>.json` record another process wrote (its own view reports which it used).
- const PAUSE_MECHANISM = 'agent_teams_halt';
- const PRESERVING_HOLD_SERVICE = 'mpdWatchdog';
- /** The one pause mechanism, its state, and the internal hold view behind it. */
- function pauseSurfaceOf(ctx, team, workspace, halted) {
-     const internal = (() => {
-         try {
-             const watchdog = typeof ctx?.get === 'function' ? ctx.get(PRESERVING_HOLD_SERVICE, false) : undefined;
-             const view = typeof watchdog?.isHeld === 'function' ? watchdog.isHeld(team.id, workspace) : undefined;
-             if (view === undefined || view === null)
-                 return { state: 'not-readable' };
-             if (view.held !== true)
-                 return { state: 'not-held' };
-             return {
-                 state: 'held',
-                 hold_id: String(view.holdId ?? ''),
-                 at: typeof view.at === 'number' ? view.at : 0,
-                 reason: String(view.reason ?? ''),
-                 source: view.source === undefined ? null : String(view.source),
-             };
-         }
-         catch {
-             return { state: 'not-readable' };
-         }
-     })();
-     return {
-         mechanism: PAUSE_MECHANISM,
-         active: halted === true || internal.state === 'held',
-         halt: halted === true,
-         internal_implementation: {
-             kind: 'team-watchdog-preserving-hold',
-             ...internal,
-             released_by: 'session-watchdog-resume',
-         },
-     };
- }
- /** The internal-implementation clause of the ONE pause line (diagnostics survive the collapse). */
- function describePause(pause) {
-     const internal = pause?.internal_implementation;
-     if (pause === undefined)
-         return 'pause state not carried by this payload';
-     if (internal?.state === 'held') {
-         const since = internal.at > 0 ? new Date(internal.at).toISOString() : 'an unrecorded time';
-         const reason = internal.reason === '' ? '(no reason recorded)' : internal.reason;
-         return `hold ${internal.hold_id === '' ? '(no id)' : internal.hold_id} set since ${since} — ${reason} (released only by its own session-watchdog-resume)`;
-     }
-     if (internal?.state === 'not-held')
-         return 'no hold is set';
-     return 'hold state not readable on this host (the watchdog service is not loaded)';
- }
- //#endregion mpd-delta pause-surface-helper
  function renderStatus(value) {
      const team = value;
      const flags = [
          team.halted ? 'halted' : undefined,
          team.escalated ? 'escalated' : undefined,
@@ -3582,15 +3509,20 @@
          // T-12 (wave 1, t20): the wave boundary is visible on EVERY status render, with the
          // closed waves beside it — the captain no longer has to remember which wave it is in.
          ...(team.wave === undefined ? [] : [`Wave: ${team.wave.label} (open since ${new Date(team.wave.opened_at).toISOString()})${(team.wave.archived ?? []).length === 0 ? '' : ` · archived: ${(team.wave.archived ?? []).map((entry) => `${entry.label}→${entry.archived_tasks} task(s) at ${entry.closed_at === null ? '?' : new Date(entry.closed_at).toISOString()}`).join(', ')}`}`]),
          //#endregion mpd-delta wave-render
  //#region mpd-delta status-pause-mechanisms (mpd LOCAL ADAPTATION; re-applied by scripts/patch-agent-teams-fixes.mjs)
-         // T-19 surface 2 (wave 2, t21) — ONE mechanism, collapsed from the two-peer wording the
-         // wave-1 line carried. `agent_teams_halt` IS the pause mechanism; the team watchdog's
-         // PRESERVING hold is its INTERNAL implementation, and the operator still gets the hold's id
-         // and reason (the diagnostics) instead of being sent to a second status surface.
-         `Pause: agent-teams halt ${team.pause?.active === true ? 'ACTIVE' : 'not active'} (one mechanism: agent_teams_halt — the team watchdog's PRESERVING hold is its INTERNAL implementation: ${describePause(team.pause)})`,
+         // T-19 (wave 1, adopted side): TWO pause mechanisms can stop this team and only ONE
+         // of them is an agent-teams record. `halted` is ours and is rendered above (and in
+         // the payload). The team watchdog's PRESERVING hold lives in the watchdog's own
+         // store, and this surface no longer reads it: the reader region that used to sit in
+         // this file went with the two tool-boundary guards, because a hold must stop NEW
+         // DISPATCH only and must never refuse a member's own claim/update/kick. So this line
+         // NAMES both mechanisms and DEFERS the hold to its owner instead of guessing at it —
+         // and it adds no resume verb: releasing a hold stays the watchdog's own
+         // `session-watchdog-resume`, a captain action.
+         `Pause: agent-teams halt ${team.halted ? 'ACTIVE' : 'not active'} · team watchdog hold: not read on this surface — run session-watchdog-status (released only by its own session-watchdog-resume)`,
  //#endregion mpd-delta status-pause-mechanisms
          ...team.profile === undefined ? [] : [`Profile: ${team.profile.name}${team.profile.task_planning ? ` [${team.profile.task_planning}]` : ''}${team.profile.protocol ? ` — ${team.profile.protocol}` : ''}`],
          ...team.loop_summary ? [`Loop: ${team.loop_state ?? ''} — ${team.loop_summary}`.replace(/^Loop:  — /u, 'Loop: ')] : [],
          `Viewing as: ${team.viewer}`,
          `Members (${team.members.length}):`,

- Expected  - 80
+ Received  + 10

      at <anonymous> (/root/dshProj/my-power-dsh/packages/mpd-agent-teams-plugin/self-fix-tests/registry-context-heal.test.mjs:129:69)
(fail) t2: strip-healing ALL adopted files from the same state is byte-identical [337.07ms]
142 |         stripDeltas(libPath(root, "tools.js"))
143 |         expect(applyAgentTeamsFixes({ root, write: true }).status).toBe("applied")
144 |         const healed = readFileSync(libPath(root, "tools.js"), "utf8")
145 |         // BYTE identity is the property wave 2 lost: the measured defect was 60 diff
146 |         // lines with `mpd-delta task-contract` re-inserted at 1970 instead of 1733.
147 |         expect(healed).toBe(canonical)
                             ^
error: expect(received).toBe(expected)

@@ -2678,16 +2678,11 @@
                  ...row.evidence === undefined ? {} : { evidence: row.evidence },
              }));
              const deliveryCheck = canDeclareDelivery(team);
              const delivery = { ok: deliveryCheck.ok, blockers: [...deliveryCheck.blockers] };
              const loop = describeQualityLoop(team);
-             //#region mpd-delta pause-surface-apply (mpd LOCAL ADAPTATION; re-applied by scripts/patch-agent-teams-fixes.mjs)
-             // T-19 surface 2 (t21): the ONE pause mechanism is computed ONCE, here, and carried by the
-             // payload, so the rendered line and any structured reader agree by construction. Display
-             // only — see `mpd-delta pause-surface-helper` for the fail-open read and the ruling.
-             const pause = pauseSurfaceOf(ctx, team, workspace, loop.halted === true);
-             //#endregion mpd-delta pause-surface-apply
              const result = {
                  team_id: team.id,
                  team_name: team.name,
                  description: team.description ?? '',
                  phase: team.phase ?? 'running',
@@ -3495,79 +3490,11 @@
          `Open findings: ${contract.findings_open}`,
      ];
      return lines.join('\n');
  }
  //#endregion mpd-delta task-contract-render
- //#region mpd-delta pause-surface-helper (mpd LOCAL ADAPTATION; re-applied by scripts/patch-agent-teams-fixes.mjs)
- // T-19 surface 2 (wave 2, t21) — ONE pause mechanism on the status surface.
- //
- // THE RULING (user, frozen by t3): "`agent_teams_halt` becomes the SOLE external mechanism; the
- // watchdog's PRESERVING hold is demoted to its internal implementation. Surface, tools and docs
- // expose one mechanism." The wave-1 line here did the opposite: it named the hold as a PEER and
- // deferred to another status surface, so an operator reading it while a hold was set saw
- // `agent-teams halt not active` — a true sentence that reads as "the team is running".
- //
- // The hold is read for DISPLAY ONLY, through the watchdog's own service, using the same cordis
- // inject-free lookup (`ctx.get(name, false)`) the scheduler's own hold reader uses — the reader
- // REGION itself stays out of this file (its id is deliberately not spelled here: `lib/scheduler.js`
- // owns it, and a self-fix pin asserts this file carries no copy). This read gates NOTHING: the tool-boundary guards stay deleted (D25-D26) and
- // the dispatch gate stays in the scheduler, because a hold must stop new dispatch only and must
- // never refuse a member's own claim/update/kick. It is FAIL-OPEN and non-throwing: an absent or
- // throwing reader reports `not-readable`, never a guessed hold.
- //
- // LIVE-VS-DURABLE: the service covers this process's holds and falls back to the durable
- // `watchdog/hold/<teamId>.json` record another process wrote (its own view reports which it used).
- const PAUSE_MECHANISM = 'agent_teams_halt';
- const PRESERVING_HOLD_SERVICE = 'mpdWatchdog';
- /** The one pause mechanism, its state, and the internal hold view behind it. */
- function pauseSurfaceOf(ctx, team, workspace, halted) {
-     const internal = (() => {
-         try {
-             const watchdog = typeof ctx?.get === 'function' ? ctx.get(PRESERVING_HOLD_SERVICE, false) : undefined;
-             const view = typeof watchdog?.isHeld === 'function' ? watchdog.isHeld(team.id, workspace) : undefined;
-             if (view === undefined || view === null)
-                 return { state: 'not-readable' };
-             if (view.held !== true)
-                 return { state: 'not-held' };
-             return {
-                 state: 'held',
-                 hold_id: String(view.holdId ?? ''),
-                 at: typeof view.at === 'number' ? view.at : 0,
-                 reason: String(view.reason ?? ''),
-                 source: view.source === undefined ? null : String(view.source),
-             };
-         }
-         catch {
-             return { state: 'not-readable' };
-         }
-     })();
-     return {
-         mechanism: PAUSE_MECHANISM,
-         active: halted === true || internal.state === 'held',
-         halt: halted === true,
-         internal_implementation: {
-             kind: 'team-watchdog-preserving-hold',
-             ...internal,
-             released_by: 'session-watchdog-resume',
-         },
-     };
- }
- /** The internal-implementation clause of the ONE pause line (diagnostics survive the collapse). */
- function describePause(pause) {
-     const internal = pause?.internal_implementation;
-     if (pause === undefined)
-         return 'pause state not carried by this payload';
-     if (internal?.state === 'held') {
-         const since = internal.at > 0 ? new Date(internal.at).toISOString() : 'an unrecorded time';
-         const reason = internal.reason === '' ? '(no reason recorded)' : internal.reason;
-         return `hold ${internal.hold_id === '' ? '(no id)' : internal.hold_id} set since ${since} — ${reason} (released only by its own session-watchdog-resume)`;
-     }
-     if (internal?.state === 'not-held')
-         return 'no hold is set';
-     return 'hold state not readable on this host (the watchdog service is not loaded)';
- }
- //#endregion mpd-delta pause-surface-helper
  function renderStatus(value) {
      const team = value;
      const flags = [
          team.halted ? 'halted' : undefined,
          team.escalated ? 'escalated' : undefined,
@@ -3582,15 +3509,20 @@
          // T-12 (wave 1, t20): the wave boundary is visible on EVERY status render, with the
          // closed waves beside it — the captain no longer has to remember which wave it is in.
          ...(team.wave === undefined ? [] : [`Wave: ${team.wave.label} (open since ${new Date(team.wave.opened_at).toISOString()})${(team.wave.archived ?? []).length === 0 ? '' : ` · archived: ${(team.wave.archived ?? []).map((entry) => `${entry.label}→${entry.archived_tasks} task(s) at ${entry.closed_at === null ? '?' : new Date(entry.closed_at).toISOString()}`).join(', ')}`}`]),
          //#endregion mpd-delta wave-render
  //#region mpd-delta status-pause-mechanisms (mpd LOCAL ADAPTATION; re-applied by scripts/patch-agent-teams-fixes.mjs)
-         // T-19 surface 2 (wave 2, t21) — ONE mechanism, collapsed from the two-peer wording the
-         // wave-1 line carried. `agent_teams_halt` IS the pause mechanism; the team watchdog's
-         // PRESERVING hold is its INTERNAL implementation, and the operator still gets the hold's id
-         // and reason (the diagnostics) instead of being sent to a second status surface.
-         `Pause: agent-teams halt ${team.pause?.active === true ? 'ACTIVE' : 'not active'} (one mechanism: agent_teams_halt — the team watchdog's PRESERVING hold is its INTERNAL implementation: ${describePause(team.pause)})`,
+         // T-19 (wave 1, adopted side): TWO pause mechanisms can stop this team and only ONE
+         // of them is an agent-teams record. `halted` is ours and is rendered above (and in
+         // the payload). The team watchdog's PRESERVING hold lives in the watchdog's own
+         // store, and this surface no longer reads it: the reader region that used to sit in
+         // this file went with the two tool-boundary guards, because a hold must stop NEW
+         // DISPATCH only and must never refuse a member's own claim/update/kick. So this line
+         // NAMES both mechanisms and DEFERS the hold to its owner instead of guessing at it —
+         // and it adds no resume verb: releasing a hold stays the watchdog's own
+         // `session-watchdog-resume`, a captain action.
+         `Pause: agent-teams halt ${team.halted ? 'ACTIVE' : 'not active'} · team watchdog hold: not read on this surface — run session-watchdog-status (released only by its own session-watchdog-resume)`,
  //#endregion mpd-delta status-pause-mechanisms
          ...team.profile === undefined ? [] : [`Profile: ${team.profile.name}${team.profile.task_planning ? ` [${team.profile.task_planning}]` : ''}${team.profile.protocol ? ` — ${team.profile.protocol}` : ''}`],
          ...team.loop_summary ? [`Loop: ${team.loop_state ?? ''} — ${team.loop_summary}`.replace(/^Loop:  — /u, 'Loop: ')] : [],
          `Viewing as: ${team.viewer}`,
          `Members (${team.members.length}):`,

- Expected  - 80
+ Received  + 10

      at <anonymous> (/root/dshProj/my-power-dsh/packages/mpd-agent-teams-plugin/self-fix-tests/registry-context-heal.test.mjs:147:24)
(fail) t2: a stripped tools.js heals byte-for-byte and the task-contract region lands at its canonical line [256.38ms]
356 |     const firstDiff = actual.findIndex((line, index) => line !== (expected[index] ?? ""))
357 |     throw new Error(
358 |       `[patch-agent-teams-fixes] FAIL: delta "${delta.id}" in ${file} (lines ${found.begin + 1}-${found.end + 1}) no longer matches this script's registered block`
359 |       + ` — first difference at line ${found.begin + 1 + (firstDiff === -1 ? 0 : firstDiff)}`
360 |       + `; either the delta was edited without regenerating lib/mpd-deltas.js (run --write-registry) or a re-vendor rewrote it`,
361 |     )
          ^
error: [patch-agent-teams-fixes] FAIL: delta "mpd-delta status-pause-mechanisms" in packages/mpd-agent-teams-plugin/lib/tools.js (lines 3586-3592) no longer matches this script's registered block — first difference at line 3587; either the delta was edited without regenerating lib/mpd-deltas.js (run --write-registry) or a re-vendor rewrote it
      at assertRegionMatches (/root/dshProj/my-power-dsh/scripts/patch-agent-teams-fixes.mjs:361:5)
      at applyAgentTeamsFixes (/root/dshProj/my-power-dsh/scripts/patch-agent-teams-fixes.mjs:415:9)
      at <anonymous> (/root/dshProj/my-power-dsh/packages/mpd-agent-teams-plugin/self-fix-tests/registry-context-heal.test.mjs:163:16)
(fail) t2: quality-gates.js strip-heal stays byte-identical (no trade between the two files) [45.10ms]
356 |     const firstDiff = actual.findIndex((line, index) => line !== (expected[index] ?? ""))
357 |     throw new Error(
358 |       `[patch-agent-teams-fixes] FAIL: delta "${delta.id}" in ${file} (lines ${found.begin + 1}-${found.end + 1}) no longer matches this script's registered block`
359 |       + ` — first difference at line ${found.begin + 1 + (firstDiff === -1 ? 0 : firstDiff)}`
360 |       + `; either the delta was edited without regenerating lib/mpd-deltas.js (run --write-registry) or a re-vendor rewrote it`,
361 |     )
          ^
error: [patch-agent-teams-fixes] FAIL: delta "mpd-delta status-pause-mechanisms" in packages/mpd-agent-teams-plugin/lib/tools.js (lines 3586-3592) no longer matches this script's registered block — first difference at line 3587; either the delta was edited without regenerating lib/mpd-deltas.js (run --write-registry) or a re-vendor rewrote it
      at assertRegionMatches (/root/dshProj/my-power-dsh/scripts/patch-agent-teams-fixes.mjs:361:5)
      at applyAgentTeamsFixes (/root/dshProj/my-power-dsh/scripts/patch-agent-teams-fixes.mjs:415:9)
      at <anonymous> (/root/dshProj/my-power-dsh/packages/mpd-agent-teams-plugin/self-fix-tests/registry-context-heal.test.mjs:207:32)
(fail) t2: a region heals to its canonical position under partial insertion histories [46.52ms]
(pass) t2: every colliding pair is a real prefix collision (the fixture is meaningful) [6.83ms]
(pass) t2: a nested colliding pair resolves the OUTER region to its OWN end marker [0.27ms]
(pass) t2: intact control — the resolved span equals the independently grepped lines [9.13ms]
(pass) t2: a dangling outer END marker is a partially stripped region, never a half-open pair [33.60ms]
(pass) t2: a dangling outer BEGIN marker is a partially stripped region, never a half-open pair [29.44ms]
356 |     const firstDiff = actual.findIndex((line, index) => line !== (expected[index] ?? ""))
357 |     throw new Error(
358 |       `[patch-agent-teams-fixes] FAIL: delta "${delta.id}" in ${file} (lines ${found.begin + 1}-${found.end + 1}) no longer matches this script's registered block`
359 |       + ` — first difference at line ${found.begin + 1 + (firstDiff === -1 ? 0 : firstDiff)}`
360 |       + `; either the delta was edited without regenerating lib/mpd-deltas.js (run --write-registry) or a re-vendor rewrote it`,
361 |     )
          ^
error: [patch-agent-teams-fixes] FAIL: delta "mpd-delta status-pause-mechanisms" in packages/mpd-agent-teams-plugin/lib/tools.js (lines 3586-3592) no longer matches this script's registered block — first difference at line 3587; either the delta was edited without regenerating lib/mpd-deltas.js (run --write-registry) or a re-vendor rewrote it
      at assertRegionMatches (/root/dshProj/my-power-dsh/scripts/patch-agent-teams-fixes.mjs:361:5)
      at applyAgentTeamsFixes (/root/dshProj/my-power-dsh/scripts/patch-agent-teams-fixes.mjs:415:9)
      at <anonymous> (/root/dshProj/my-power-dsh/packages/mpd-agent-teams-plugin/self-fix-tests/registry-context-heal.test.mjs:331:32)
(fail) t2: --write re-brackets a partially stripped region byte-faithfully (both dangling shapes) [36.57ms]
(pass) t2: the registry carries context pairs and no line-keyed anchor fields [0.67ms]
(pass) t9 R1: both markers present but inverted is the ONLY row that may say 'half-open marker pair' [3.51ms]
356 |     const firstDiff = actual.findIndex((line, index) => line !== (expected[index] ?? ""))
357 |     throw new Error(
358 |       `[patch-agent-teams-fixes] FAIL: delta "${delta.id}" in ${file} (lines ${found.begin + 1}-${found.end + 1}) no longer matches this script's registered block`
359 |       + ` — first difference at line ${found.begin + 1 + (firstDiff === -1 ? 0 : firstDiff)}`
360 |       + `; either the delta was edited without regenerating lib/mpd-deltas.js (run --write-registry) or a re-vendor rewrote it`,
361 |     )
          ^
error: [patch-agent-teams-fixes] FAIL: delta "mpd-delta status-pause-mechanisms" in packages/mpd-agent-teams-plugin/lib/tools.js (lines 3586-3592) no longer matches this script's registered block — first difference at line 3587; either the delta was edited without regenerating lib/mpd-deltas.js (run --write-registry) or a re-vendor rewrote it
      at assertRegionMatches (/root/dshProj/my-power-dsh/scripts/patch-agent-teams-fixes.mjs:361:5)
      at applyAgentTeamsFixes (/root/dshProj/my-power-dsh/scripts/patch-agent-teams-fixes.mjs:415:9)
      at <anonymous> (/root/dshProj/my-power-dsh/packages/mpd-agent-teams-plugin/self-fix-tests/registry-context-heal.test.mjs:420:28)
(fail) t9 R2: begin present + end absent + body byte-equal re-brackets in place (all three pairs) [37.46ms]
(pass) t9 R3: begin present + end absent + body DRIFTED refuses, naming the region and the line [6.36ms]
356 |     const firstDiff = actual.findIndex((line, index) => line !== (expected[index] ?? ""))
357 |     throw new Error(
358 |       `[patch-agent-teams-fixes] FAIL: delta "${delta.id}" in ${file} (lines ${found.begin + 1}-${found.end + 1}) no longer matches this script's registered block`
359 |       + ` — first difference at line ${found.begin + 1 + (firstDiff === -1 ? 0 : firstDiff)}`
360 |       + `; either the delta was edited without regenerating lib/mpd-deltas.js (run --write-registry) or a re-vendor rewrote it`,
361 |     )
          ^
error: [patch-agent-teams-fixes] FAIL: delta "mpd-delta status-pause-mechanisms" in packages/mpd-agent-teams-plugin/lib/tools.js (lines 3586-3592) no longer matches this script's registered block — first difference at line 3587; either the delta was edited without regenerating lib/mpd-deltas.js (run --write-registry) or a re-vendor rewrote it
      at assertRegionMatches (/root/dshProj/my-power-dsh/scripts/patch-agent-teams-fixes.mjs:361:5)
      at applyAgentTeamsFixes (/root/dshProj/my-power-dsh/scripts/patch-agent-teams-fixes.mjs:415:9)
      at <anonymous> (/root/dshProj/my-power-dsh/packages/mpd-agent-teams-plugin/self-fix-tests/registry-context-heal.test.mjs:466:28)
(fail) t9 R4: end present + begin absent + body byte-equal re-brackets in place (all three pairs) [56.81ms]
356 |     const firstDiff = actual.findIndex((line, index) => line !== (expected[index] ?? ""))
357 |     throw new Error(
358 |       `[patch-agent-teams-fixes] FAIL: delta "${delta.id}" in ${file} (lines ${found.begin + 1}-${found.end + 1}) no longer matches this script's registered block`
359 |       + ` — first difference at line ${found.begin + 1 + (firstDiff === -1 ? 0 : firstDiff)}`
360 |       + `; either the delta was edited without regenerating lib/mpd-deltas.js (run --write-registry) or a re-vendor rewrote it`,
361 |     )
          ^
error: [patch-agent-teams-fixes] FAIL: delta "mpd-delta status-pause-mechanisms" in packages/mpd-agent-teams-plugin/lib/tools.js (lines 3586-3592) no longer matches this script's registered block — first difference at line 3587; either the delta was edited without regenerating lib/mpd-deltas.js (run --write-registry) or a re-vendor rewrote it
      at assertRegionMatches (/root/dshProj/my-power-dsh/scripts/patch-agent-teams-fixes.mjs:361:5)
      at applyAgentTeamsFixes (/root/dshProj/my-power-dsh/scripts/patch-agent-teams-fixes.mjs:415:9)
      at <anonymous> (/root/dshProj/my-power-dsh/packages/mpd-agent-teams-plugin/self-fix-tests/registry-context-heal.test.mjs:490:24)
(fail) t9 R5: end present + begin absent + NOTHING survived drops the orphan line and heals [56.10ms]
(pass) t9 (A): assertRegistryFormat refuses the OLD anchor format with the migration message [1.25ms]
(pass) t9 (A): the CLI refuses a pre-migration registry by name, and --write-registry still migrates [196.02ms]
356 |     const firstDiff = actual.findIndex((line, index) => line !== (expected[index] ?? ""))
357 |     throw new Error(
358 |       `[patch-agent-teams-fixes] FAIL: delta "${delta.id}" in ${file} (lines ${found.begin + 1}-${found.end + 1}) no longer matches this script's registered block`
359 |       + ` — first difference at line ${found.begin + 1 + (firstDiff === -1 ? 0 : firstDiff)}`
360 |       + `; either the delta was edited without regenerating lib/mpd-deltas.js (run --write-registry) or a re-vendor rewrote it`,
361 |     )
          ^
error: [patch-agent-teams-fixes] FAIL: delta "mpd-delta status-pause-mechanisms" in packages/mpd-agent-teams-plugin/lib/tools.js (lines 3586-3592) no longer matches this script's registered block — first difference at line 3587; either the delta was edited without regenerating lib/mpd-deltas.js (run --write-registry) or a re-vendor rewrote it
      at assertRegionMatches (/root/dshProj/my-power-dsh/scripts/patch-agent-teams-fixes.mjs:361:5)
      at applyAgentTeamsFixes (/root/dshProj/my-power-dsh/scripts/patch-agent-teams-fixes.mjs:415:9)
      at <anonymous> (/root/dshProj/my-power-dsh/packages/mpd-agent-teams-plugin/self-fix-tests/registry-context-heal.test.mjs:569:28)
(fail) t9: all four states of the ONLY shared seam heal byte-identically [39.71ms]
(pass) t9: a re-materialized tools.js is REFUSED, byte-untouched, with key counts unchanged [16.92ms]
(pass) t9: the targeted re-materialize shape (upstream twins restored at the literal) is REFUSED too [37.25ms]

packages/mpd-agent-teams-plugin/self-fix-tests/contract-surfaces.test.mjs:
(pass) T-02: a captain amends a member-owned IN-FLIGHT contract without a takeover — the attempt survives [8.18ms]
(pass) T-02: a member amends its OWN contract at claim time WITHOUT an attempt_id; elsewhere it stays refused [7.03ms]
(pass) T-03: edit_plan.add_task carries the full quality contract through the same gate as create_task [10.60ms]
(pass) T-52: a terminal output is repaired APPEND-ONLY; every other terminal write and a running append stay refused [15.99ms]

packages/mpd-agent-teams-plugin/self-fix-tests/composed-ticket-output-preserved.test.mjs:
(pass) T-73: the deterministic probe — a composed ticket no longer WIPES the stored deliverable [2.32ms]
(pass) T-73 negative control: with the new condition neutralised, the SAME fixture is WIPED [23.34ms]
(pass) T-73 control: a HANDOVER still clears (the fix is not 'never clear') [0.33ms]
(pass) T-73 control: a PENDING task's first dispatch still clears (a NEW generation) [3.09ms]
(pass) T-73 ∩ T-79: the SAME function still refuses terminal work, and the terminal deliverable is untouched [0.98ms]
(pass) T-73: the region is REGISTERED in the delta registry and lives in state.js [0.23ms]

16 tests failed:
(fail) durability: the guard is idempotent on the real tree and restores a stripped tree [30.99ms]
(fail) F3: a clean (region-carrying) tree still heals successfully [60.48ms]
(fail) F4: stripping every region and healing reproduces the canonical file byte-for-byte [65.63ms]
(fail) t13: a re-materialized scheduler.js (upstream guard restored) is REFUSED byte-untouched [53.40ms]
(fail) t13: stripping every scheduler.js region heals byte-for-byte back to the canonical file [38.79ms]
(fail) T-19: the status surface names BOTH pause mechanisms and defers the hold [6.40ms]
(fail) the guard is region-registered and its replacement is REFUSED after a re-materialize [35.26ms]
(fail) t2: strip-healing ALL adopted files from the same state is byte-identical [337.07ms]
(fail) t2: a stripped tools.js heals byte-for-byte and the task-contract region lands at its canonical line [256.38ms]
(fail) t2: quality-gates.js strip-heal stays byte-identical (no trade between the two files) [45.10ms]
(fail) t2: a region heals to its canonical position under partial insertion histories [46.52ms]
(fail) t2: --write re-brackets a partially stripped region byte-faithfully (both dangling shapes) [36.57ms]
(fail) t9 R2: begin present + end absent + body byte-equal re-brackets in place (all three pairs) [37.46ms]
(fail) t9 R4: end present + begin absent + body byte-equal re-brackets in place (all three pairs) [56.81ms]
(fail) t9 R5: end present + begin absent + NOTHING survived drops the orphan line and heals [56.10ms]
(fail) t9: all four states of the ONLY shared seam heal byte-identically [39.71ms]

 91 pass
 16 fail
 1262 expect() calls
Ran 107 tests across 15 files. [2.33s]
DIR_EXIT=1
