金标任务 G9 已完成 ✅

## 交付文件

| 文件 | 路径 |
|---|---|
| RTL 源码 | `tests/golden/fixtures/verilog/modules/cnt8.v` |
| 设计文档 | `docs/cnt8.md`（端口表 + 时序说明，含用法示例，遵循仓库 `docs/adder4.md` 的文档惯例） |

## cnt8 端口

| 端口 | 方向 | 位宽 | 说明 |
|---|---|---|---|
| `clk` | input | 1 | 时钟；状态在上升沿更新 |
| `rst_n` | input | 1 | 异步复位，低有效；优先级最高 |
| `en` | input | 1 | 计数使能；为 1 时每时钟沿 `q+1` |
| `load` | input | 1 | 同步加载使能；为 1 时在时钟沿捕获 `d` |
| `d` | input | 8 | 并行加载数据 |
| `q` | output | 8 | 计数器当前值（寄存器输出） |

## 实现要点

- **Verilog-2001 ANSI 风格、可综合**：单一 `always @(posedge clk or negedge rst_n)` 时序块，非阻塞赋值，综合结果为带异步复位/同步加载/时钟使能的 8 位寄存器。
- **优先级链**：`rst_n`（异步低有效复位）> `load`（同步加载 `d`）> `en`（计数）> 保持；`8'hFF + 1` 自然回绕到 `8'h00`（模 256）。
- **注释清晰**：文件头完整说明功能与端口，块内逐行注释；文档含端口表、触发条件表、建立/保持约束说明与典型控制序列。
- **校验**：无 Verilog 仿真器可用（同 G2/G4 惯例，仅要求语法合法），已做结构化检查——`module/endmodule` 1/1、`begin/end` 4/4、括号 `()` 5/5、方括号 `[]` 2/2 全部配平，六端口声明齐备。

> 注：仓库约定金标样例区只读，但本次系任务指定的新建 fixture（G9），与 G2 `adder4.v` 的创建方式一致；未触碰任何既有文件（`math.test.mjs` 的改动为历史遗留，与本次无关）。
EXIT=0
