### t44 rebuild — 2026-09-17T02:19:06Z — canonical command, cwd = each package dir
mpd-bootstrap-plugin           Bundled 2 modules in 15ms    index.js  30.29 KB  (entry point)  
mpd-boulder-plugin             Bundled 14 modules in 12ms    index.js  48.0 KB  (entry point)  
mpd-codegraph-plugin           Bundled 2 modules in 13ms    index.js  21.85 KB  (entry point)  
mpd-comment-checker-plugin     Bundled 2 modules in 14ms    index.js  23.80 KB  (entry point)  
mpd-hashline-plugin            Bundled 18 modules in 22ms    index.js  54.79 KB  (entry point)  
mpd-memory-plugin              Bundled 2 modules in 8ms    index.js  30.72 KB  (entry point)  
mpd-modelchain-plugin          Bundled 2 modules in 13ms    index.js  23.42 KB  (entry point)  
mpd-qa-roles-probe             Bundled 2 modules in 6ms    index.js  23.67 KB  (entry point)  
mpd-team-compact-plugin        Bundled 2 modules in 10ms    index.js  33.54 KB  (entry point)  
mpd-team-watchdog-plugin       Bundled 15 modules in 30ms    index.js  152.79 KB  (entry point)  
mpd-tools-plugin               Bundled 2 modules in 6ms    index.js  19.48 KB  (entry point)  
mpd-ulw-plugin                 Bundled 2 modules in 14ms    index.js  36.99 KB  (entry point)  
mpd-workmate-plugin            Bundled 2 modules in 12ms    index.js  54.64 KB  (entry point)  

### CORRECTION 2026-09-17T02:20:15Z: the first pass used cwd=package-dir, which emits the banner '// src/index.ts' and does NOT match the gate (measured: gate builds with cwd=repo root, banner '// packages/<p>/src/index.ts'). Rebuilding from the REPO ROOT with the package-relative entry path.

mpd-bootstrap-plugin           Bundled 2 modules in 16ms    index.js  30.35 KB  (entry point)  
mpd-boulder-plugin             Bundled 14 modules in 14ms    index.js  48.32 KB  (entry point)  
mpd-codegraph-plugin           Bundled 2 modules in 7ms    index.js  21.91 KB  (entry point)  
mpd-comment-checker-plugin     Bundled 2 modules in 8ms    index.js  23.88 KB  (entry point)  
mpd-hashline-plugin            Bundled 18 modules in 21ms    index.js  55.20 KB  (entry point)  
mpd-memory-plugin              Bundled 2 modules in 12ms    index.js  30.78 KB  (entry point)  
mpd-modelchain-plugin          Bundled 2 modules in 7ms    index.js  23.48 KB  (entry point)  
mpd-qa-roles-probe             Bundled 2 modules in 5ms    index.js  23.70 KB  (entry point)  
mpd-team-compact-plugin        Bundled 2 modules in 8ms    index.js  33.61 KB  (entry point)  
mpd-team-watchdog-plugin       Bundled 15 modules in 21ms    index.js  153.32 KB  (entry point)  
mpd-tools-plugin               Bundled 2 modules in 5ms    index.js  19.53 KB  (entry point)  
mpd-ulw-plugin                 Bundled 2 modules in 7ms    index.js  37.0 KB  (entry point)  
mpd-workmate-plugin            Bundled 2 modules in 10ms    index.js  54.70 KB  (entry point)  

### first lines now (expect // packages/<p>/src/index.ts)
// packages/mpd-memory-plugin/src/index.ts
// packages/mpd-tools-plugin/src/index.ts
var __create = Object.create;
