bun test v1.3.14 (0d9b296a)

packages/mpd-agent-teams-plugin/self-fix-tests/scope-semantics.test.mjs:
(pass) B5: a directory pattern covers its contents WITHOUT a trailing slash [0.68ms]
(pass) B5: trailing slash and non-trailing slash are equivalent [0.21ms]
(pass) B5: exact file patterns still match exactly, siblings and suffixes do not [0.22ms]
(pass) B5: root pattern matches everything; illegal/absolute patterns never match [0.33ms]
(pass) B5: classifyChangedPath — directory inScope covers files, outOfScope wins [0.36ms]
(pass) B6: completion reports ALL undeclared paths at once with the owning task id and a fix hint [0.80ms]
(pass) B6: completion passes when a directory pattern (no trailing slash) covers every changed path [0.14ms]

packages/mpd-agent-teams-plugin/self-fix-tests/scope-glob-and-contract.test.mjs:
(pass) DEFECT 1: a declared glob covers the files beneath it [1.57ms]
(pass) DEFECT 1 negative control: globs do not over-match [0.12ms]
(pass) DEFECT 1: every no-wildcard declaration keeps the pre-delta B5 semantics [0.17ms]
(pass) DEFECT 1: the completion gate accepts a glob-declared changedPath and still rejects an undeclared one [0.28ms]
(pass) DEFECT 2 reproduction: the pre-fix generator listed one path in BOTH lists [0.85ms]
(pass) DEFECT 2 fix: the finding's required path is CARVED OUT of the inherited prohibition [0.54ms]
(pass) DEFECT 2 fix, REAL wave-1 inputs (team mpd-default-7332aba4 t7 + t10): the required edit is in scope [0.50ms]
(pass) DEFECT 2 falsifiability: the contradiction guard must not reject legitimate carve-outs [0.45ms]
(pass) DEFECT 2 falsifiability: the write-task overlap guard still separates colliding declarations [0.23ms]
(pass) durability: the guard refuses when a delta region is missing (observed failure) [4.10ms]
(pass) durability: the guard is idempotent on the real tree and restores a stripped tree [73.59ms]
(pass) F2: every t4-changed line in lib/quality-gates.js sits inside a registered mpd-delta region [58.37ms]
(pass) F3: healing a RE-MATERIALIZED upstream file refuses instead of emitting a broken module [5.41ms]
(pass) F3: a clean (region-carrying) tree still heals successfully [28.78ms]
(pass) F4: stripping every region and healing reproduces the canonical file byte-for-byte [35.84ms]
(pass) F4: the anchor-indent class is gone with the line keys [0.23ms]

packages/mpd-agent-teams-plugin/self-fix-tests/quality-loop.test.mjs:
(pass) Fix1: review auto-wires reviewedTaskId into dependencies (premature dispatch) [0.62ms]
(pass) Fix1: repair auto-wires sourceTaskId into dependencies [0.22ms]
(pass) Fix2: unsatisfiedDependencies treats cancelled as satisfied, failed still blocks [0.14ms]
(pass) Fix2: pending dependents blocked only by cancelled deps are cascaded (no deadlock) [0.71ms]
(pass) Fix3: planQualityFollowUp links reasonTaskId and reason reaches the repair prompt [2.17ms]
(pass) Fix4: reject without a completed source notifies the captain only (no repair, no escalation) [0.19ms]
(pass) Fix4: genuine reject of a completed source still escalates [0.12ms]
(pass) Fix3b: reasonTaskId / reassignReason survive task validation [0.31ms]
(pass) Fix3c: assignmentPrompt renders reassignReason and captain guidance digest [0.59ms]

packages/mpd-agent-teams-plugin/self-fix-tests/registry-context-heal.test.mjs:
(pass) t2: strip-healing BOTH adopted files from the same state is byte-identical [62.14ms]
(pass) t2: a stripped tools.js heals byte-for-byte and the task-contract region lands at its canonical line [31.81ms]
(pass) t2: quality-gates.js strip-heal stays byte-identical (no trade between the two files) [29.91ms]
(pass) t2: a region heals to its canonical position under partial insertion histories [155.20ms]
(pass) t2: every colliding pair is a real prefix collision (the fixture is meaningful) [3.40ms]
(pass) t2: a nested colliding pair resolves the OUTER region to its OWN end marker [0.14ms]
(pass) t2: intact control — the resolved span equals the independently grepped lines [4.19ms]
(pass) t2: a dangling outer END marker is a partially stripped region, never a half-open pair [10.59ms]
(pass) t2: a dangling outer BEGIN marker is a partially stripped region, never a half-open pair [10.30ms]
(pass) t2: --write re-brackets a partially stripped region byte-faithfully (both dangling shapes) [141.36ms]
(pass) t2: the registry carries context pairs and no line-keyed anchor fields [0.46ms]
(pass) t9 R1: both markers present but inverted is the ONLY row that may say 'half-open marker pair' [2.22ms]
(pass) t9 R2: begin present + end absent + body byte-equal re-brackets in place (all three pairs) [70.62ms]
(pass) t9 R3: begin present + end absent + body DRIFTED refuses, naming the region and the line [3.21ms]
(pass) t9 R4: end present + begin absent + body byte-equal re-brackets in place (all three pairs) [59.40ms]
(pass) t9 R5: end present + begin absent + NOTHING survived drops the orphan line and heals [23.45ms]
(pass) t9 (A): assertRegistryFormat refuses the OLD anchor format with the migration message [0.53ms]
(pass) t9 (A): the CLI refuses a pre-migration registry by name, and --write-registry still migrates [152.07ms]
(pass) t9: all four states of the ONLY shared seam heal byte-identically [81.61ms]
(pass) t9: a re-materialized tools.js is REFUSED, byte-untouched, with key counts unchanged [15.10ms]
(pass) t9: the targeted re-materialize shape (upstream twins restored at the literal) is REFUSED too [20.37ms]

packages/mpd-agent-teams-plugin/test/workmate-key.test.ts:
(pass) workmateKey maps the five multi-word roster members to kebab keys [0.21ms]
(pass) workmateKey mirrors sanitizeName edge cases [0.08ms]

packages/mpd-agent-teams-plugin/test/session-start.test.ts:
(pass) policyEnabled: off disables, auto/instruct enable [0.11ms]
(pass) policyQualifies: child sessions never qualify [0.17ms]
(pass) policyQualifies: allow-list scoping and preset-less coverage [0.07ms]
(pass) availableTeamId: free base, deterministic per-captain suffix, exhaustion [5.20ms]
(pass) notices carry the startup marker, mention the team, and are user-role messages [0.64ms]
(pass) spliceNotice inserts after the last claimed message and preserves the decision [0.37ms]

packages/mpd-agent-teams-plugin/test/update-task-diagnostics.test.mjs:
(pass) DEFECT 5: an OMITTED attempt_id is reported as required, never as stale ownership [14.61ms]
(pass) DEFECT 5: a PRESENT but mismatched attempt_id still reports stale ownership [3.46ms]
(pass) DEFECT 6: an omitted status is rejected instead of silently persisting the rest [3.12ms]
(pass) DEFECT 6: a blank or out-of-enum status is refused loudly, never persisted [3.03ms]
(pass) DEFECT 6: the tool contract marks status required and documents the minimal terminal call [2.57ms]
(pass) the happy path still works: status + current attempt_id completes the task [8.02ms]

packages/mpd-agent-teams-plugin/test/export-bridge.test.mjs:
(pass) adopted client export bridge > registers under the adopted module id and keeps apply/inject [0.08ms]
(pass) adopted client export bridge > exposes every bridged symbol at load time [0.14ms]
(pass) adopted client export bridge > exports the panel CSS-module class map, not a renamed copy [0.13ms]
(pass) adopted client export bridge > carries every class the sidebar page renders, and the adopted archivedWrap quirk [0.30ms]
(pass) adopted client export bridge > locale dictionaries and monitor store survive the bridge [0.12ms]
(pass) adopted client export bridge > the bridge is purely additive: exports grow by exactly the pinned list [1.46ms]
(pass) adopted client export bridge > re-running the bridge is a no-op that leaves the file byte-identical [2.27ms]
(pass) adopted client export bridge > drift guard: an unknown symbol is reported as undeclared [0.97ms]
(pass) adopted client export bridge > a re-vendor re-applies the bridge [0.08ms]

packages/mpd-agent-teams-plugin/test/backports.test.ts:
(pass) withTeamLock: settled locks release their queue entry > a completed lock leaves no queue entry behind [0.25ms]
(pass) withTeamLock: settled locks release their queue entry > a rejected mutation still releases its entry [0.17ms]
(pass) withTeamLock: settled locks release their queue entry > serialization is preserved and the last waiter cleans up [11.27ms]
(pass) blank optional task fields are normalized to absent > blank scalars are dropped and blank list entries are filtered [0.20ms]
(pass) blank optional task fields are normalized to absent > non-blank values pass through untouched [0.06ms]
(pass) blank optional task fields are normalized to absent > a legacy dirty record still loads instead of bricking the team [0.82ms]
(pass) Web routes: authentication fence and bounded body > a missing Connection service fails closed with 503 [0.54ms]
(pass) Web routes: authentication fence and bounded body > a rejected request never reaches the handler [0.21ms]
(pass) Web routes: authentication fence and bounded body > an admitted request runs the route handler unchanged [0.15ms]
(pass) Web routes: authentication fence and bounded body > readJsonRequest parses objects and refuses arrays, bad JSON, and oversized bodies [4.04ms]

packages/mpd-agent-teams-plugin/test/task-contract-tool.test.mjs:
(pass) DEFECT 3: a RUNNING task's contract is readable and matches what was declared [5.55ms]
(pass) DEFECT 3: the full agent-teams tool surface registers, with the contract tool among it [2.29ms]
(pass) DEFECT 3: the read-only surface is available to a member too and rejects unknown ids [3.55ms]

packages/mpd-agent-teams-plugin/test/capabilities.test.ts:
(pass) agent-scoped AgentTeams instructions > the captain gets the activation prompt, the member gets member rules [1.35ms]
(pass) agent-scoped AgentTeams instructions > a member is denied every captain-only business tool [0.24ms]
(pass) agent-scoped AgentTeams instructions > cold-resumed members are recognized from the durable retired index [0.43ms]
(pass) agent-scoped AgentTeams instructions > a live team record decides membership without any spawn filter [0.58ms]
(pass) agent-scoped AgentTeams instructions > damaged state warns and falls back to the captain protocol instead of throwing [0.39ms]
(pass) agent-scoped AgentTeams instructions > agents created after install are attached on agent/session-start [0.24ms]

packages/mpd-agent-teams-plugin/test/harness-compat.test.ts:
(pass) queueMemberPrompt: delivery follows the host generation > 0.1.5-rc.2 host: the public prompt seam carries the team turn as a queued turn [0.82ms]
(pass) queueMemberPrompt: delivery follows the host generation > 0.1.5-rc.2 host: public sendMessage is never used for team work [0.21ms]
(pass) queueMemberPrompt: delivery follows the host generation > Alpha.5 … 0.1.2-rc.1 host: the symbol-keyed FIFO queue still carries the turn [0.39ms]
(pass) queueMemberPrompt: delivery follows the host generation > legacy host: the receiver-bound followup still wins when present [0.33ms]
(pass) queueMemberPrompt: delivery follows the host generation > neither contract: refuses instead of silently dropping the turn [0.27ms]
(pass) deliverToMember: the scheduler's wakeup path > 0.1.5-rc.2 runtime delivers through the public prompt seam and reports success [0.45ms]
(pass) deliverToMember: the scheduler's wakeup path > a host without any delivery contract reports failure instead of throwing [0.29ms]
(pass) installContinuableMemberSetup: setup follows the host generation > legacy host registers the seam directly, never the session-start listener [0.14ms]
(pass) installContinuableMemberSetup: setup follows the host generation > 0.1.5-rc.2 host: setup receives the live Agent and never reads childCtx.agent [0.71ms]
(pass) installContinuableMemberSetup: setup follows the host generation > a host without either seam degrades with a warning instead of aborting apply() [0.12ms]
(pass) sessionOwnEvents: child history excludes the inherited prefix > prefers the modern ownEvents() [0.10ms]
(pass) sessionOwnEvents: child history excludes the inherited prefix > legacy session logs are sliced at seedLength [0.07ms]
(pass) sessionOwnEvents: child history excludes the inherited prefix > an unreadable log is refused loudly [0.06ms]
(pass) retired-member guard covers every resumable face > 0.1.5-rc.2 host: the public prompt seam rejects a retired member and passes others [1.17ms]
(pass) retired-member guard covers every resumable face > Alpha.5 … 0.1.2-rc.1 host: the FIFO queue rejects a retired member and passes others [0.51ms]
(pass) retired-member guard covers every resumable face > legacy host: followup is guarded without inventing the method [0.43ms]
(pass) retired-member guard covers every resumable face > a runtime with no delivery face no longer pretends to guard one [0.16ms]

packages/mpd-agent-teams-plugin/test/scheduler-dispatch.test.ts:
(pass) scheduler dispatch across a dependency boundary > the first batch is delivered and dependents stay parked [5.12ms]
(pass) scheduler dispatch across a dependency boundary > completing the first batch dispatches the next batch to its idle members [4.01ms]
(pass) scheduler dispatch across a dependency boundary > a member's idle edge delivers its own newly unblocked task [6.29ms]
(pass) scheduler dispatch across a dependency boundary > a real delivery failure is reported, not swallowed as success [4.50ms]

packages/mpd-agent-teams-plugin/self-fix-tests/scope-semantics.test.mjs:

packages/mpd-agent-teams-plugin/self-fix-tests/scope-glob-and-contract.test.mjs:

packages/mpd-agent-teams-plugin/self-fix-tests/quality-loop.test.mjs:

packages/mpd-agent-teams-plugin/self-fix-tests/registry-context-heal.test.mjs:

packages/mpd-agent-teams-plugin/test/workmate-key.test.ts:

packages/mpd-agent-teams-plugin/test/session-start.test.ts:

packages/mpd-agent-teams-plugin/test/update-task-diagnostics.test.mjs:

packages/mpd-agent-teams-plugin/test/export-bridge.test.mjs:

packages/mpd-agent-teams-plugin/test/backports.test.ts:

packages/mpd-agent-teams-plugin/test/task-contract-tool.test.mjs:

packages/mpd-agent-teams-plugin/test/capabilities.test.ts:

packages/mpd-agent-teams-plugin/test/harness-compat.test.ts:

packages/mpd-agent-teams-plugin/test/scheduler-dispatch.test.ts:

 116 pass
 0 fail
 664 expect() calls
Ran 116 tests across 26 files. [1396.00ms]
