bun test v1.4.2 (744846f84)

packages/mpd-tui-plugin/test/dag-fidelity.test.ts:
(pass) R3/R5 · WEB parity of the six-state glyph and tone tables > the WEB reference still declares all six states on both tables (else every arm below is vacuous) [0.05ms]
(pass) R3/R5 · WEB parity of the six-state glyph and tone tables > every glyph the TUI draws equals the WEB glyph for the same state [0.02ms]
(pass) R3/R5 · WEB parity of the six-state glyph and tone tables > the six recorded WEB hexes are the WEB view's own hexes (provenance is not asserted, it is read) [0.03ms]
(pass) R3/R5 · WEB parity of the six-state glyph and tone tables > R6: blocked and open really do share one glyph on BOTH surfaces, so the legend is the disambiguator [0.02ms]
(pass) R3/R5 · WEB parity of the six-state glyph and tone tables > the tone table is total over the tone vocabulary, and the vocabulary is exactly eleven tones [0.03ms]
(pass) R3/R5 · WEB parity of the six-state glyph and tone tables > the state vocabulary carries each of the six states once and leaks no drawing tone [0.09ms]
(pass) R3/R5 · WEB parity of the six-state glyph and tone tables > R3: the ported kind abbreviations are the WEB view's own words for the same five kinds [0.05ms]
(pass) R3/R5 · WEB parity of the six-state glyph and tone tables > R6: the legend's own vocabulary is unambiguous — the chrome markers are pairwise distinct [0.03ms]
(pass) R3/R5 · WEB parity of the six-state glyph and tone tables > R4: the ported entry markers are the TUI's pre-existing ones, read out of the drawing itself [0.18ms]
(pass) R17 · rank is DERIVED from the dependency graph, never trusted from the served depth > a board whose served depth lies produces MORE THAN ONE rank [1.80ms]
(pass) R17 · rank is DERIVED from the dependency graph, never trusted from the served depth > the same board with a HONEST depth draws the same ranks (the two sources agree when both are sound) [1.24ms]
(pass) R17 · rank is DERIVED from the dependency graph, never trusted from the served depth > R21: references that name no task are SURFACED, sorted and de-duplicated — never silently dropped [0.23ms]
(pass) R17 · rank is DERIVED from the dependency graph, never trusted from the served depth > FALLBACK ARM A — a genuinely flat board, served flat, still draws flat (and says it derived) [0.14ms]
(pass) R17 · rank is DERIVED from the dependency graph, never trusted from the served depth > FALLBACK ARM B — the user's broken board: nothing resolves and the depths do NOT vary, so the SERVED depth is refused and derivation runs [0.19ms]
(pass) R17 · rank is DERIVED from the dependency graph, never trusted from the served depth > FALLBACK ARM C — nothing resolves but the served depths DO vary, so the fallback fires and reports itself [0.52ms]
(pass) R17 · rank is DERIVED from the dependency graph, never trusted from the served depth > a dependency cycle terminates, is drawn, and is reported [0.21ms]
(pass) R17 · rank is DERIVED from the dependency graph, never trusted from the served depth > a self-dependency terminates and is reported as a cycle [0.09ms]
(pass) R2/R15 · adaptive vertical geometry, asserted as invariants > shrinking the width never grows any line, and no line ever exceeds the width given [3.27ms]
(pass) R2/R15 · adaptive vertical geometry, asserted as invariants > every hit rectangle CONTAINS its own node and never claims a task off the board [3.78ms]
(pass) R2/R15 · adaptive vertical geometry, asserted as invariants > a pointer resolves back to the task whose rectangle it landed in [0.54ms]
(pass) R2/R15 · adaptive vertical geometry, asserted as invariants > every drawn edge's endpoints belong to a real (blocker, dependent) pair [0.60ms]
(pass) R2/R15 · adaptive vertical geometry, asserted as invariants > R13-width: a rank reads top-to-bottom, so every blocker sits strictly above its dependent [0.46ms]
(pass) R2/R15 · adaptive vertical geometry, asserted as invariants > R19: within a rank the task order is NUMERIC, so t2 precedes t10 [0.20ms]
(pass) R2/R15 · adaptive vertical geometry, asserted as invariants > R19/R6: the legend states the READING DIRECTION and names both drawn markers [0.10ms]
(pass) R2/R15 · adversarial fixtures > a 500-task board terminates and stays inside its viewport [5.43ms]
(pass) R2/R15 · adversarial fixtures > an unknown state string, an absent kind and a missing dependency id all survive the drawing [0.19ms]
(pass) R2/R15 · adversarial fixtures > an empty board draws nothing rather than throwing [0.03ms]
(pass) R2/R15 · adversarial fixtures > a CJK fixture never shears: every line fits, and a boxed line ends on its own border column [1.68ms]
(pass) R20 · the WEB view derives rank from blockedBy, never from the served depth > references RESOLVE while every served depth is 0 — the view must still draw more than one column [95.27ms]
(pass) R20 · the WEB view derives rank from blockedBy, never from the served depth > CONTROL: the same board with honest depths draws the same columns (so the arm cannot be satisfied by ignoring depth) [37.88ms]
(pass) R20 · the WEB view derives rank from blockedBy, never from the served depth > a genuinely flat board served flat is drawn flat — the view must not invent structure [25.77ms]
(pass) W5 · every arrival tip touches the border its edge arrives at > the tip is a POINT on the arrival border, by arithmetic, for forward AND back/same-rank edges [59.64ms]
(pass) W5 · every arrival tip touches the border its edge arrives at > POSITIVE CONTROL: a tip displaced by one pixel fails the same equality, in either direction [33.00ms]
(pass) W6 · `radius = 0` reproduces the straight orthogonal path > at radius 0 every edge publishes points that ARE the orthogonal waypoints [27.19ms]
(pass) W6 · `radius = 0` reproduces the straight orthogonal path > a positive radius bends the SAME edges — the knob is the only difference [54.32ms]
W6 measurement · widest published chord = 304.5000 px of a 936.5 px canvas · 666 chords, none degenerate (EDGE_RADIUS 6, nodeHeight 42)
(pass) W6 · `radius = 0` reproduces the straight orthogonal path > the published polyline is CONTINUOUS and never degenerate at the declared radius [53.32ms]
(pass) T3 · the horizontal slice is exact, cell-aware, and never splits a wide glyph > the frozen postcondition holds for EVERY offset and width, over the REAL drawn rows [4.86ms]
(pass) T3 · the horizontal slice is exact, cell-aware, and never splits a wide glyph > a WIDE glyph straddling an edge is never half-emitted: a space on the left, a drop on the right [0.25ms]
(pass) T3 · the horizontal slice is exact, cell-aware, and never splits a wide glyph > POSITIVE CONTROL: the naive code-point slice FAILS the same postcondition on the same input [0.09ms]
(pass) T3 · the horizontal slice is exact, cell-aware, and never splits a wide glyph > `sliceSpans` is the SAME cut, preserving each span's tone [2.30ms]
(pass) T7 · the termaid glyph obligations, read out of the source rather than restated > every declared glyph is exactly ONE CELL, and none of them is in a C1-banned range [0.15ms]
(pass) T7 · the termaid glyph obligations, read out of the source rather than restated > the four NODE corners are the rounded set (T7's first sentence) [0.04ms]
(pass) T7 · the termaid glyph obligations, read out of the source rather than restated > `graph.ts` declares no sharp NODE corner: the boxed drawing reads the table (R2/T7) [0.31ms]
(pass) T7 · the termaid glyph obligations, read out of the source rather than restated > every dependency is entered by exactly ONE `▼`, whose tip touches the dependent's TOP border [3.10ms]
(pass) T7 · the termaid glyph obligations, read out of the source rather than restated > the drawing REPORTS which box form it drew (3 or 5 rows), and the roomy budget really buys 5 [2.53ms]

packages/mpd-tui-plugin/test/dag-label-parity.test.ts:
(pass) C4 · the graph-safe label rule, implemented from the frozen text > the adversarial table: every class the decision named, including the near misses [0.06ms]
(pass) C4 · the graph-safe label rule, implemented from the frozen text > every produced label is non-empty ONLY when the rule found ASCII, and carries no banned character [0.16ms]
(pass) C4 · the graph-safe label rule, implemented from the frozen text > NEGATIVE CONTROL: the pre-rule pass-through VIOLATES the same table, so the check can fail [0.10ms]
(pass) C1/C3 · the WEB drawing is CJK-free while the pinned detail keeps the Chinese > the fixture really is the reported case: the RAW subjects carry banned characters [0.04ms]
(pass) C1/C3 · the WEB drawing is CJK-free while the pinned detail keeps the Chinese > ZERO banned characters inside the rendered drawing [31.96ms]
(pass) C1/C3 · the WEB drawing is CJK-free while the pinned detail keeps the Chinese > C3: the pinned detail body still carries the ORIGINAL Chinese subject [35.71ms]
(pass) C1/C3 · the WEB drawing is CJK-free while the pinned detail keeps the Chinese > POSITIVE CONTROL: the pre-rule drawing of the SAME board is measurably not CJK-free [0.15ms]
(pass) C4/R3 · both surfaces implement the SAME composer > the WEB factory exposes `graphSafeLabel`, and it implements the frozen rule over the whole table [24.78ms]
(pass) C4/R3 · both surfaces implement the SAME composer > the TUI exports the SAME name and the SAME answers (R3: one concept, one name) [25.02ms]
(pass) C4/R3 · both surfaces implement the SAME composer > C2: on the WEB the composer is the ONLY thing that turns a subject into drawing text [37.33ms]
(pass) C4/R3 · both surfaces implement the SAME composer > the ordinal is the 1-based BOARD index, never the rank or the drawn order [24.20ms]
(pass) C1 · the TUI drawing carries no banned character in ANY of its three modes > boxes, rail and list all draw the pure-Chinese board without one CJK glyph [0.88ms]
(pass) C1 · the TUI drawing carries no banned character in ANY of its three modes > the legend lines are part of the drawing and are CJK-free too [0.18ms]
(pass) C1 · the TUI drawing carries no banned character in ANY of its three modes > the drawing really uses the ordinal fallback, per mode, in the same order as the board [0.17ms]
(pass) W3 · the DRAWN curve of every WEB edge stays out of every node box > steps 1-3: the rendered `<path>`'s `data-mpd-curve` IS the layout edge's `curve.d` [28.40ms]
(pass) W3 · the DRAWN curve of every WEB edge stays out of every node box > steps 1, 2, 4: no SEGMENT of any drawn curve enters any rendered box interior [31.62ms]
(pass) W3 · the DRAWN curve of every WEB edge stays out of every node box > step 6: the proof is NOT vacuous — a sample floor and edges that are really curved [24.90ms]
(pass) W3 · the DRAWN curve of every WEB edge stays out of every node box > step 5a: POSITIVE CONTROL — a segment displaced into a box IS caught, the same one the real curve does not enter [28.36ms]
(pass) W3 · the DRAWN curve of every WEB edge stays out of every node box > step 5b: CURVE-DOMAIN CONTROL — a box BETWEEN two samples is caught, which a point-only test misses [31.35ms]
(pass) W3 · the DRAWN curve of every WEB edge stays out of every node box > step 5c: a sample taken from the MIDDLE of a real fillet, displaced into a box, is caught [30.04ms]
(pass) W3 · the DRAWN curve of every WEB edge stays out of every node box > W5/W4 on the DOM: `data-mpd-tip` is a ZERO-WIDTH rect at the arrival point [28.13ms]

 66 pass
 0 fail
 5592 expect() calls
Ran 66 tests across 2 files. [1137.00ms]
