bun test v1.3.14 (0d9b296a)

evidence/review/t24-t73/20260917T083415Z/revert/t73-pkg/arms-hidden/composed-ticket-output-preserved.test.mjs:
107 |         // The rotation STILL happens (the fix prevents the wipe, not the ticket)…
108 |         expect(after.status, note).toBe("claimed")
109 |         expect(after.attempt, note).toBe(2)
110 |         expect(deliveries, note).toBe(1)
111 |         // …and the deliverable is intact, byte for byte.
112 |         expect(after.output, note).toBe(STORED)
                                         ^
error: before={"output":"THE STORED DELIVERABLE — findings the member already recorded on this task","status":"in_progress","attempt":1} after={"status":"claimed","attempt":2}

Expected: "THE STORED DELIVERABLE — findings the member already recorded on this task"
Received: undefined

      at <anonymous> (/root/dshProj/my-power-dsh/evidence/review/t24-t73/20260917T083415Z/revert/t73-pkg/arms-hidden/composed-ticket-output-preserved.test.mjs:112:36)
(fail) T-73: the deterministic probe — a composed ticket no longer WIPES the stored deliverable [18.82ms]
(pass) T-73 negative control: with the new condition neutralised, the SAME fixture is WIPED [26.39ms]
(pass) T-73 control: a HANDOVER still clears (the fix is not 'never clear') [0.41ms]
(pass) T-73 control: a PENDING task's first dispatch still clears (a NEW generation) [2.50ms]
(pass) T-73 ∩ T-79: the SAME function still refuses terminal work, and the terminal deliverable is untouched [0.90ms]
(pass) T-73: the region is REGISTERED in the delta registry and lives in state.js [10.98ms]

evidence/review/t24-t73/20260917T083415Z/revert/t73-pkg/arms-hidden/composed-ticket-output-preserved.test.mjs:

evidence/review/t24-t73/20260917T083415Z/revert/t73-pkg/arms-hidden/composed-ticket-output-preserved.test.mjs:

evidence/review/t24-t73/20260917T083415Z/revert/t73-pkg/arms-hidden/composed-ticket-output-preserved.test.mjs:

evidence/review/t24-t73/20260917T083415Z/revert/t73-pkg/arms-hidden/composed-ticket-output-preserved.test.mjs:

evidence/review/t24-t73/20260917T083415Z/revert/t73-pkg/arms-hidden/composed-ticket-output-preserved.test.mjs:

evidence/review/t24-t73/20260917T083415Z/revert/t73-pkg/arms-hidden/composed-ticket-output-preserved.test.mjs:

evidence/review/t24-t73/20260917T083415Z/revert/t73-pkg/arms-hidden/composed-ticket-output-preserved.test.mjs:

evidence/review/t24-t73/20260917T083415Z/revert/t73-pkg/arms-hidden/composed-ticket-output-preserved.test.mjs:

evidence/review/t24-t73/20260917T083415Z/revert/t73-pkg/arms-hidden/composed-ticket-output-preserved.test.mjs:

evidence/review/t24-t73/20260917T083415Z/revert/t73-pkg/arms-hidden/composed-ticket-output-preserved.test.mjs:

evidence/review/t24-t73/20260917T083415Z/revert/t73-pkg/arms-hidden/composed-ticket-output-preserved.test.mjs:

evidence/review/t24-t73/20260917T083415Z/revert/t73-pkg/arms-hidden/composed-ticket-output-preserved.test.mjs:

evidence/review/t24-t73/20260917T083415Z/revert/t73-pkg/arms-hidden/composed-ticket-output-preserved.test.mjs:

evidence/review/t24-t73/20260917T083415Z/revert/t73-pkg/arms-hidden/composed-ticket-output-preserved.test.mjs:

evidence/review/t24-t73/20260917T083415Z/revert/t73-pkg/arms-hidden/composed-ticket-output-preserved.test.mjs:

evidence/review/t24-t73/20260917T083415Z/revert/t73-pkg/arms-hidden/composed-ticket-output-preserved.test.mjs:

evidence/review/t24-t73/20260917T083415Z/revert/t73-pkg/arms-hidden/composed-ticket-output-preserved.test.mjs:

evidence/review/t24-t73/20260917T083415Z/revert/t73-pkg/arms-hidden/composed-ticket-output-preserved.test.mjs:

evidence/review/t24-t73/20260917T083415Z/revert/t73-pkg/arms-hidden/composed-ticket-output-preserved.test.mjs:

evidence/review/t24-t73/20260917T083415Z/revert/t73-pkg/arms-hidden/composed-ticket-output-preserved.test.mjs:

evidence/review/t24-t73/20260917T083415Z/revert/t73-pkg/arms-hidden/composed-ticket-output-preserved.test.mjs:

evidence/review/t24-t73/20260917T083415Z/revert/t73-pkg/arms-hidden/composed-ticket-output-preserved.test.mjs:

evidence/review/t24-t73/20260917T083415Z/revert/t73-pkg/arms-hidden/composed-ticket-output-preserved.test.mjs:

evidence/review/t24-t73/20260917T083415Z/revert/t73-pkg/arms-hidden/composed-ticket-output-preserved.test.mjs:

evidence/review/t24-t73/20260917T083415Z/revert/t73-pkg/arms-hidden/composed-ticket-output-preserved.test.mjs:

evidence/review/t24-t73/20260917T083415Z/revert/t73-pkg/arms-hidden/composed-ticket-output-preserved.test.mjs:

evidence/review/t24-t73/20260917T083415Z/revert/t73-pkg/arms-hidden/composed-ticket-output-preserved.test.mjs:

evidence/review/t24-t73/20260917T083415Z/revert/t73-pkg/arms-hidden/composed-ticket-output-preserved.test.mjs:

evidence/review/t24-t73/20260917T083415Z/revert/t73-pkg/arms-hidden/composed-ticket-output-preserved.test.mjs:

evidence/review/t24-t73/20260917T083415Z/revert/t73-pkg/arms-hidden/composed-ticket-output-preserved.test.mjs:

evidence/review/t24-t73/20260917T083415Z/revert/t73-pkg/arms-hidden/composed-ticket-output-preserved.test.mjs:

evidence/review/t24-t73/20260917T083415Z/revert/t73-pkg/arms-hidden/composed-ticket-output-preserved.test.mjs:

evidence/review/t24-t73/20260917T083415Z/revert/t73-pkg/arms-hidden/composed-ticket-output-preserved.test.mjs:

evidence/review/t24-t73/20260917T083415Z/revert/t73-pkg/arms-hidden/composed-ticket-output-preserved.test.mjs:

evidence/review/t24-t73/20260917T083415Z/revert/t73-pkg/arms-hidden/composed-ticket-output-preserved.test.mjs:

evidence/review/t24-t73/20260917T083415Z/revert/t73-pkg/arms-hidden/composed-ticket-output-preserved.test.mjs:

evidence/review/t24-t73/20260917T083415Z/revert/t73-pkg/arms-hidden/composed-ticket-output-preserved.test.mjs:

evidence/review/t24-t73/20260917T083415Z/revert/t73-pkg/arms-hidden/composed-ticket-output-preserved.test.mjs:

evidence/review/t24-t73/20260917T083415Z/revert/t73-pkg/arms-hidden/composed-ticket-output-preserved.test.mjs:

evidence/review/t24-t73/20260917T083415Z/revert/t73-pkg/arms-hidden/composed-ticket-output-preserved.test.mjs:

 5 pass
 1 fail
 25 expect() calls
Ran 6 tests across 41 files. [5.27s]
