== argv: make -f /root/dshProj/my-power-dsh/evidence/rtl-verif/t12-repair/sim/cnt8-20260831-023349-142/Makefile sim (PATH=/root/dshProj/my-power-dsh/.venv-rtl/bin:/root/.pyenv/shims:/root/.pyenv/bin:/root/.local/share/pnpm/bin:/root/nvim/nvim-linux-x86_64/bin:/opt/osscad/oss-cad-suite/bin:/opt/riscv/bin:/root/.opencode/bin:/root/.cargo/bin:/root/.pyenv/bin:/root/.local/bin:/root/.nvm/versions/node/v24.16.0/bin:/opt/riscv/bin:/usr/local/sbin:/usr/local/bin:/usr/sbin:/usr/bin:/sbin:/bin:/usr/games:/usr/local/games:/snap/bin:/root/.local/share/coursier/bin)
rm -f /root/dshProj/my-power-dsh/evidence/rtl-verif/t12-repair/sim/cnt8-20260831-023349-142/results.xml
"make" -f /root/dshProj/my-power-dsh/evidence/rtl-verif/t12-repair/sim/cnt8-20260831-023349-142/Makefile /root/dshProj/my-power-dsh/evidence/rtl-verif/t12-repair/sim/cnt8-20260831-023349-142/results.xml
make[1]: Entering directory '/root/dshProj/my-power-dsh/evidence/rtl-verif/t12-repair/sim/cnt8-20260831-023349-142'
mkdir -p sim_build
/opt/osscad/oss-cad-suite/bin/verilator -cc --exe -Mdir sim_build --top-module cnt8 --timescale 1ns/1ps --vpi --public-flat-rw --prefix Vtop -o Vtop -LDFLAGS "-Wl,-rpath,/root/dshProj/my-power-dsh/.venv-rtl/lib/python3.12/site-packages/cocotb/libs -L/root/dshProj/my-power-dsh/.venv-rtl/lib/python3.12/site-packages/cocotb/libs -lcocotbvpi_verilator"  /root/dshProj/my-power-dsh/tests/golden/fixtures/verilog/modules/cnt8.v /root/dshProj/my-power-dsh/.venv-rtl/lib/python3.12/site-packages/cocotb/share/lib/verilator/verilator.cpp
- V e r i l a t i o n   R e p o r t: Verilator 5.051 devel rev v5.050-79-gf7ce38dbc (mod)
- Verilator: Built from 0.030 MB sources in 2 modules, into 0.033 MB in 6 C++ files needing 0.000 MB
- Verilator: Walltime 0.009 s (elab=0.000, cvt=0.004, bld=0.000); cpu 0.009 s on 1 threads; allocated 22.246 MB
make -C sim_build  -f Vtop.mk
make[2]: Entering directory '/root/dshProj/my-power-dsh/evidence/rtl-verif/t12-repair/sim/cnt8-20260831-023349-142/sim_build'
g++  -I.  -MMD -I/opt/osscad/oss-cad-suite/share/verilator/include -I/opt/osscad/oss-cad-suite/share/verilator/include/vltstd -DVERILATOR=1 -DVM_COVERAGE=0 -DVM_SC=0 -DVM_TIMING=0 -DVM_TRACE=0 -DVM_TRACE_FST=0 -DVM_TRACE_VCD=0 -DVM_TRACE_SAIF=0 -DVM_VPI=1 -faligned-new -fcf-protection=none -Wno-bool-operation -Wno-int-in-bool-context -Wno-shadow -Wno-sign-compare -Wno-subobject-linkage -Wno-tautological-compare -Wno-uninitialized -Wno-unused-but-set-parameter -Wno-unused-but-set-variable -Wno-unused-parameter -Wno-unused-variable      -Os  -c -o verilator.o /root/dshProj/my-power-dsh/.venv-rtl/lib/python3.12/site-packages/cocotb/share/lib/verilator/verilator.cpp
g++ -Os  -I.  -MMD -I/opt/osscad/oss-cad-suite/share/verilator/include -I/opt/osscad/oss-cad-suite/share/verilator/include/vltstd -DVERILATOR=1 -DVM_COVERAGE=0 -DVM_SC=0 -DVM_TIMING=0 -DVM_TRACE=0 -DVM_TRACE_FST=0 -DVM_TRACE_VCD=0 -DVM_TRACE_SAIF=0 -DVM_VPI=1 -faligned-new -fcf-protection=none -Wno-bool-operation -Wno-int-in-bool-context -Wno-shadow -Wno-sign-compare -Wno-subobject-linkage -Wno-tautological-compare -Wno-uninitialized -Wno-unused-but-set-parameter -Wno-unused-but-set-variable -Wno-unused-parameter -Wno-unused-variable      -c -o verilated.o /opt/osscad/oss-cad-suite/share/verilator/include/verilated.cpp
g++ -Os  -I.  -MMD -I/opt/osscad/oss-cad-suite/share/verilator/include -I/opt/osscad/oss-cad-suite/share/verilator/include/vltstd -DVERILATOR=1 -DVM_COVERAGE=0 -DVM_SC=0 -DVM_TIMING=0 -DVM_TRACE=0 -DVM_TRACE_FST=0 -DVM_TRACE_VCD=0 -DVM_TRACE_SAIF=0 -DVM_VPI=1 -faligned-new -fcf-protection=none -Wno-bool-operation -Wno-int-in-bool-context -Wno-shadow -Wno-sign-compare -Wno-subobject-linkage -Wno-tautological-compare -Wno-uninitialized -Wno-unused-but-set-parameter -Wno-unused-but-set-variable -Wno-unused-parameter -Wno-unused-variable      -c -o verilated_dpi.o /opt/osscad/oss-cad-suite/share/verilator/include/verilated_dpi.cpp
g++ -Os  -I.  -MMD -I/opt/osscad/oss-cad-suite/share/verilator/include -I/opt/osscad/oss-cad-suite/share/verilator/include/vltstd -DVERILATOR=1 -DVM_COVERAGE=0 -DVM_SC=0 -DVM_TIMING=0 -DVM_TRACE=0 -DVM_TRACE_FST=0 -DVM_TRACE_VCD=0 -DVM_TRACE_SAIF=0 -DVM_VPI=1 -faligned-new -fcf-protection=none -Wno-bool-operation -Wno-int-in-bool-context -Wno-shadow -Wno-sign-compare -Wno-subobject-linkage -Wno-tautological-compare -Wno-uninitialized -Wno-unused-but-set-parameter -Wno-unused-but-set-variable -Wno-unused-parameter -Wno-unused-variable      -c -o verilated_vpi.o /opt/osscad/oss-cad-suite/share/verilator/include/verilated_vpi.cpp
g++ -Os  -I.  -MMD -I/opt/osscad/oss-cad-suite/share/verilator/include -I/opt/osscad/oss-cad-suite/share/verilator/include/vltstd -DVERILATOR=1 -DVM_COVERAGE=0 -DVM_SC=0 -DVM_TIMING=0 -DVM_TRACE=0 -DVM_TRACE_FST=0 -DVM_TRACE_VCD=0 -DVM_TRACE_SAIF=0 -DVM_VPI=1 -faligned-new -fcf-protection=none -Wno-bool-operation -Wno-int-in-bool-context -Wno-shadow -Wno-sign-compare -Wno-subobject-linkage -Wno-tautological-compare -Wno-uninitialized -Wno-unused-but-set-parameter -Wno-unused-but-set-variable -Wno-unused-parameter -Wno-unused-variable      -c -o verilated_threads.o /opt/osscad/oss-cad-suite/share/verilator/include/verilated_threads.cpp
python3 /opt/osscad/oss-cad-suite/share/verilator/bin/verilator_includer -DVL_INCLUDE_OPT=include Vtop.cpp Vtop___024root__0.cpp Vtop__Dpi.cpp Vtop___024root__Slow.cpp Vtop___024root__0__Slow.cpp Vtop__Syms__Slow.cpp > Vtop__ALL.cpp
g++ -Os  -I.  -MMD -I/opt/osscad/oss-cad-suite/share/verilator/include -I/opt/osscad/oss-cad-suite/share/verilator/include/vltstd -DVERILATOR=1 -DVM_COVERAGE=0 -DVM_SC=0 -DVM_TIMING=0 -DVM_TRACE=0 -DVM_TRACE_FST=0 -DVM_TRACE_VCD=0 -DVM_TRACE_SAIF=0 -DVM_VPI=1 -faligned-new -fcf-protection=none -Wno-bool-operation -Wno-int-in-bool-context -Wno-shadow -Wno-sign-compare -Wno-subobject-linkage -Wno-tautological-compare -Wno-uninitialized -Wno-unused-but-set-parameter -Wno-unused-but-set-variable -Wno-unused-parameter -Wno-unused-variable      -c -o Vtop__ALL.o Vtop__ALL.cpp
g++    -rdynamic verilator.o verilated.o verilated_dpi.o verilated_vpi.o verilated_threads.o Vtop__ALL.a   -Wl,-rpath,/root/dshProj/my-power-dsh/.venv-rtl/lib/python3.12/site-packages/cocotb/libs -L/root/dshProj/my-power-dsh/.venv-rtl/lib/python3.12/site-packages/cocotb/libs -lcocotbvpi_verilator  -pthread -lpthread -latomic -ldl   -o Vtop
rm Vtop__ALL.verilator_deplist.tmp
make[2]: Leaving directory '/root/dshProj/my-power-dsh/evidence/rtl-verif/t12-repair/sim/cnt8-20260831-023349-142/sim_build'
rm -f /root/dshProj/my-power-dsh/evidence/rtl-verif/t12-repair/sim/cnt8-20260831-023349-142/results.xml
COCOTB_TEST_MODULES=tb_cnt8 COCOTB_TESTCASE= COCOTB_TEST_FILTER= COCOTB_TOPLEVEL=cnt8 TOPLEVEL_LANG=verilog \
         sim_build/Vtop     
     -.--ns INFO     gpi                                ..mbed/gpi_embed.cpp:93   in _embed_init_python              Using Python 3.12.4 interpreter at /root/dshProj/my-power-dsh/.venv-rtl/bin/python3
     -.--ns INFO     gpi                                ../gpi/GpiCommon.cpp:79   in gpi_print_registered_impl       VPI registered
     0.00ns INFO     cocotb                             Running on Verilator version 5.051 devel
     0.00ns INFO     cocotb                             Seeding Python random module with supplied seed 1
     0.00ns INFO     cocotb                             Initialized cocotb v2.0.1 from /root/dshProj/my-power-dsh/.venv-rtl/lib/python3.12/site-packages/cocotb
     0.00ns INFO     cocotb.regression                  pytest not found, install it to enable better AssertionError messages
     0.00ns INFO     cocotb                             Running tests
     0.00ns INFO     cocotb.regression                  running tb_cnt8.test_cnt8_reset (1/4)
                                                            Async reset forces q to 0 regardless of load/en.
     0.00ns WARNING  py.warnings                        /root/dshProj/my-power-dsh/skills/rtl-verif/fixtures/cnt8/tb_cnt8.py:32: DeprecationWarning: The 'units' argument has been renamed to 'unit'.
                                                          cocotb.start_soon(Clock(dut.clk, 10, units="ns").start())
    20.00ns WARNING  py.warnings                        /root/dshProj/my-power-dsh/skills/rtl-verif/fixtures/cnt8/tb_cnt8.py:26: DeprecationWarning: The 'units' argument has been renamed to 'unit'.
                                                          await Timer(1, units="ns")  # settle: q updates in the NBA region of this edge
    21.00ns WARNING  py.warnings                        /root/dshProj/my-power-dsh/skills/rtl-verif/fixtures/cnt8/tb_cnt8.py:34: DeprecationWarning: `logic_array.integer` getter is deprecated. Use `logic_array.to_unsigned()` instead.
                                                          assert dut.q.value.integer == 0, f"q={dut.q.value.integer} after reset, want 0"
    21.00ns INFO     cocotb.regression                  tb_cnt8.test_cnt8_reset passed
    21.00ns INFO     cocotb.regression                  running tb_cnt8.test_cnt8_count_enable (2/4)
                                                            With en=1 the counter advances by one per clock; en=0 holds.
    21.00ns WARNING  py.warnings                        /root/dshProj/my-power-dsh/skills/rtl-verif/fixtures/cnt8/tb_cnt8.py:40: DeprecationWarning: The 'units' argument has been renamed to 'unit'.
                                                          cocotb.start_soon(Clock(dut.clk, 10, units="ns").start())
    61.00ns WARNING  py.warnings                        /root/dshProj/my-power-dsh/skills/rtl-verif/fixtures/cnt8/tb_cnt8.py:45: DeprecationWarning: The 'units' argument has been renamed to 'unit'.
                                                          await Timer(1, units="ns")  # settle before sampling q
    62.00ns WARNING  py.warnings                        /root/dshProj/my-power-dsh/skills/rtl-verif/fixtures/cnt8/tb_cnt8.py:46: DeprecationWarning: `logic_array.integer` getter is deprecated. Use `logic_array.to_unsigned()` instead.
                                                          assert dut.q.value.integer == expected, (
   131.00ns WARNING  py.warnings                        /root/dshProj/my-power-dsh/skills/rtl-verif/fixtures/cnt8/tb_cnt8.py:52: DeprecationWarning: The 'units' argument has been renamed to 'unit'.
                                                          await Timer(1, units="ns")  # settle before sampling q
   132.00ns WARNING  py.warnings                        /root/dshProj/my-power-dsh/skills/rtl-verif/fixtures/cnt8/tb_cnt8.py:53: DeprecationWarning: `logic_array.integer` getter is deprecated. Use `logic_array.to_unsigned()` instead.
                                                          assert dut.q.value.integer == 7, f"q={dut.q.value.integer} on hold, want 7"
   132.00ns INFO     cocotb.regression                  tb_cnt8.test_cnt8_count_enable passed
   132.00ns INFO     cocotb.regression                  running tb_cnt8.test_cnt8_load (3/4)
                                                            Synchronous parallel load: q<=d takes priority over count-enable.
   132.00ns WARNING  py.warnings                        /root/dshProj/my-power-dsh/skills/rtl-verif/fixtures/cnt8/tb_cnt8.py:59: DeprecationWarning: The 'units' argument has been renamed to 'unit'.
                                                          cocotb.start_soon(Clock(dut.clk, 10, units="ns").start())
   172.00ns WARNING  py.warnings                        /root/dshProj/my-power-dsh/skills/rtl-verif/fixtures/cnt8/tb_cnt8.py:65: DeprecationWarning: The 'units' argument has been renamed to 'unit'.
                                                          await Timer(1, units="ns")  # settle before sampling q
   173.00ns WARNING  py.warnings                        /root/dshProj/my-power-dsh/skills/rtl-verif/fixtures/cnt8/tb_cnt8.py:66: DeprecationWarning: `logic_array.integer` getter is deprecated. Use `logic_array.to_unsigned()` instead.
                                                          assert dut.q.value.integer == 0xAB, f"q={dut.q.value.integer} after load, want 0xAB"
   173.00ns INFO     cocotb.regression                  tb_cnt8.test_cnt8_load passed
   173.00ns INFO     cocotb.regression                  running tb_cnt8.test_cnt8_wraparound (4/4)
                                                            8-bit wrap: 0xFF + 1 -> 0x00 (en=1, no load).
   173.00ns WARNING  py.warnings                        /root/dshProj/my-power-dsh/skills/rtl-verif/fixtures/cnt8/tb_cnt8.py:72: DeprecationWarning: The 'units' argument has been renamed to 'unit'.
                                                          cocotb.start_soon(Clock(dut.clk, 10, units="ns").start())
   223.00ns WARNING  py.warnings                        /root/dshProj/my-power-dsh/skills/rtl-verif/fixtures/cnt8/tb_cnt8.py:80: DeprecationWarning: The 'units' argument has been renamed to 'unit'.
                                                          await Timer(1, units="ns")  # settle before sampling q
   224.00ns WARNING  py.warnings                        /root/dshProj/my-power-dsh/skills/rtl-verif/fixtures/cnt8/tb_cnt8.py:81: DeprecationWarning: `logic_array.integer` getter is deprecated. Use `logic_array.to_unsigned()` instead.
                                                          assert dut.q.value.integer == 0, f"q={dut.q.value.integer} after wrap, want 0"
   224.00ns INFO     cocotb.regression                  tb_cnt8.test_cnt8_wraparound passed
   224.00ns INFO     cocotb.regression                  ****************************************************************************************
                                                        ** TEST                            STATUS  SIM TIME (ns)  REAL TIME (s)  RATIO (ns/s) **
                                                        ****************************************************************************************
                                                        ** tb_cnt8.test_cnt8_reset          PASS          21.00           0.00      20332.50  **
                                                        ** tb_cnt8.test_cnt8_count_enable   PASS         111.00           0.00     105834.90  **
                                                        ** tb_cnt8.test_cnt8_load           PASS          41.00           0.00      72682.36  **
                                                        ** tb_cnt8.test_cnt8_wraparound     PASS          51.00           0.00      92441.45  **
                                                        ****************************************************************************************
                                                        ** TESTS=4 PASS=4 FAIL=0 SKIP=0                  224.00           0.01      41087.01  **
                                                        ****************************************************************************************
- :0: Verilog $finish
make[1]: Leaving directory '/root/dshProj/my-power-dsh/evidence/rtl-verif/t12-repair/sim/cnt8-20260831-023349-142'
EXIT: 0
