# t40 evidence output.log — 2026-09-17T01:42:52Z

## mount-lazy-live.mjs (real dsh boots, isolated DSH_HOME + sandboxed HOME + sandboxed workspace)
[A-standard-composition] {"ext":"mounted:mpdDsh","roles":"mounted:mpdDsh","fallback":0,"notYetActive":0}
[B-red-pre-t12-dist] {"ext":"fallback:createDshAdapter","roles":"fallback:createDshAdapter","fallback":2,"notYetActive":0,"rowOrder":true}
[C-green-rebuilt-dist] {"ext":"pending:provider-not-active","roles":"pending:provider-not-active","fallback":0,"notYetActive":2,"rowOrder":false}
[mount-lazy-live] ok=true pass={"A":true,"B":true,"C":true}
exit=0

## dist-live-probe.mjs (shipped bytes, vendored cordis)

### dist-live-probe re-run (provider fiber state captured DURING the consumer's apply)
[pending-window] {"providerFiberStateDuringApply":"not-ACTIVE (state 1)","markerDuringApply":"undefined (temporary adapter)","identityDuringApply":"pending:provider-not-active","warnings":1,"warningIsHonest":true,"warningBlamesRowOrder":false}
[recovery-after-activation] {"providerFiberState":2,"markerAfterActivation":"mounted","identityAfterActivation":"mounted:mpdDsh"}
[absent-provider] {"identity":"fallback:createDshAdapter","warningBlamesRowOrder":true,"warningClaimsNotYetActive":false}
[shipped-bytes] {"adapter":{"createLazyDshAdapter":2,"dshAdapterIdentity":2,"pendingIdentityLiteral":true,"eagerInlineIdiom":0},"ext":{"createLazyDshAdapter":2,"dshAdapterIdentity":3,"pendingIdentityLiteral":true,"eagerInlineIdiom":0},"roles":{"createLazyDshAdapter":2,"dshAdapterIdentity":3,"pendingIdentityLiteral":true,"eagerInlineIdiom":0}}
[dist-live-probe] ok=true
exit=0

## freshness (canonical rebuild byte-compare; t18's gate not on disk yet)
### freshness proof (t18's gate is not on disk yet — t18 pending — so this is the direct equivalent)
build each dist into a scratch file with the package's canonical command and compare bytes with the committed dist:
mpd-dsh-adapter-plugin: IDENTICAL (dist == fresh build of src)
mpd-ext-plugin: IDENTICAL (dist == fresh build of src)
mpd-roles-plugin: IDENTICAL (dist == fresh build of src)

### mtimes (src then dist)
mpd-dsh-adapter-plugin src=2026-09-17 09:25:37 dist=2026-09-17 09:33:52
mpd-ext-plugin src=2026-09-17 09:25:33 dist=2026-09-17 09:33:52
mpd-roles-plugin src=2026-09-17 09:26:18 dist=2026-09-17 09:33:52

## verify commands
### t40 verify 1/3: bun run typecheck
$ tsgo --noEmit
exit=0

### t40 verify 2/3: bun test packages/mpd-ext-plugin (now against the REBUILT dist)

 74 pass
 0 fail
 560 expect() calls
Ran 74 tests across 6 files. [3.08s]

### t40 verify 3/3: bun test packages/mpd-roles-plugin

 31 pass
 0 fail
 485 expect() calls
Ran 31 tests across 4 files. [258.00ms]

## ADDENDUM 2026-09-17T01:48:13Z — the dist-marker test is NOT rebuild evidence (it passes on stale bytes); rebuild proof = before/after sha256 + symbol greps on the built files + the RED/GREEN liveness pair. See result.json.rebuild_proof_is_not_the_dist_marker_test.

## ADDENDUM 2026-09-17T02:17:05Z — t18s dist-freshness gate landed and ran: self-test 10/10 PASS; real run exit 1 with MY THREE TARGETS FRESH (adapter a0308580…, ext f6097fd3…, roles 38d4a459…) => t40 acceptance 4 now satisfied literally. The same run flags 13/20 targets STALE (consumer dists inlining the adapter src are stale vs their src) — recorded as wave_finding_from_the_gates_first_run.
