### t40 verify 1/3: bun run typecheck
$ tsgo --noEmit
exit=0

### t40 verify 2/3: bun test packages/mpd-ext-plugin (now against the REBUILT dist)

 74 pass
 0 fail
 560 expect() calls
Ran 74 tests across 6 files. [3.08s]

### t40 verify 3/3: bun test packages/mpd-roles-plugin

 31 pass
 0 fail
 485 expect() calls
Ran 31 tests across 4 files. [258.00ms]

### t40 RE-RUN under amended inScope / attempt 2724e0ec — 2026-09-17T01:46:08Z
dist hashes re-checked at re-run time:
a030858014af569753c6886ede270b0c70b3357dbff26bba2d463173b7268206  packages/mpd-dsh-adapter-plugin/dist/index.js
f6097fd3383f2fa75bc54621c5082ccb5b3192f63c286debd2f96ed8f5428e0a  packages/mpd-ext-plugin/dist/index.js
38d4a459f64d1dbd650a58f29011a4a69cf55a9268abbdf8eb426a7c7ebf338f  packages/mpd-roles-plugin/dist/index.js

### bun run typecheck
$ tsgo --noEmit
exit=0

### bun test packages/mpd-ext-plugin
 74 pass
 0 fail
 560 expect() calls
Ran 74 tests across 6 files. [2.26s]

### bun test packages/mpd-roles-plugin
 31 pass
 0 fail
 485 expect() calls
Ran 31 tests across 4 files. [235.00ms]
