[check-relative-links] root=/root/dshProj/my-power-dsh/dist/mpd-package
[check-relative-links] markdown files scanned: 290; relative links seen: 448
[check-relative-links] links to EXTENSIONS-FOR-AGENTS.md: 10 (resolving: 0, broken: 10)
  BROKEN README.md -> ./EXTENSIONS-FOR-AGENTS.md
  BROKEN README.md -> ./EXTENSIONS-FOR-AGENTS.md
  BROKEN README.zh-CN.md -> ./EXTENSIONS-FOR-AGENTS.md
  BROKEN README.zh-CN.md -> ./EXTENSIONS-FOR-AGENTS.md
  BROKEN docs/extension-authoring-guide.md -> ../EXTENSIONS-FOR-AGENTS.md
  BROKEN docs/extension-authoring-guide.md -> ../EXTENSIONS-FOR-AGENTS.md
  BROKEN docs/extension-authoring-guide.zh-CN.md -> ../EXTENSIONS-FOR-AGENTS.md
  BROKEN docs/extension-authoring-guide.zh-CN.md -> ../EXTENSIONS-FOR-AGENTS.md
  BROKEN docs/index.md -> ../EXTENSIONS-FOR-AGENTS.md
  BROKEN docs/index.zh-CN.md -> ../EXTENSIONS-FOR-AGENTS.md
[check-relative-links] broken relative links of ANY target in this tree: 44
  broken: README.md -> ./EXTENSIONS-FOR-AGENTS.md
  broken: README.md -> ./EXTENSIONS-FOR-AGENTS.md
  broken: README.md -> ./AGENTS.md
  broken: README.zh-CN.md -> ./EXTENSIONS-FOR-AGENTS.md
  broken: README.zh-CN.md -> ./EXTENSIONS-FOR-AGENTS.md
  broken: README.zh-CN.md -> ./AGENTS.md
  broken: docs/extension-authoring-guide.md -> ../EXTENSIONS-FOR-AGENTS.md
  broken: docs/extension-authoring-guide.md -> ../templates/mpd-extension
  broken: docs/extension-authoring-guide.md -> ../EXTENSIONS-FOR-AGENTS.md
  broken: docs/extension-authoring-guide.zh-CN.md -> ../EXTENSIONS-FOR-AGENTS.md
  broken: docs/extension-authoring-guide.zh-CN.md -> ../templates/mpd-extension
  broken: docs/extension-authoring-guide.zh-CN.md -> ../EXTENSIONS-FOR-AGENTS.md
