write-time reading: [{"reference":"2","form":"position"}]
write-time reading: [{"reference":"2","form":"position"},{"reference":"3","form":"position"},{"reference":"4","form":"position"},{"reference":"6","form":"position"}]
write-time reading: [{"reference":"7","form":"position"}]
write-time reading: [{"reference":"2","form":"position"},{"reference":"3","form":"position"},{"reference":"4","form":"position"},{"reference":"5","form":"position"},{"reference":"6","form":"position"}]
write-time reading: [{"reference":"7","form":"position"},{"reference":"8","form":"position"},{"reference":"9","form":"position"}]
approval reported unresolved: []
record: /home/haroldzhao/MyProj/DshProj/My-Power-Dsh/evidence/tui/dag-port/data-plane/20261006T135423Z/after-record.json
board: [
 {
  "id": "T1",
  "blockedBy": [],
  "unresolved": []
 },
 {
  "id": "T2",
  "blockedBy": [],
  "unresolved": []
 },
 {
  "id": "T3",
  "blockedBy": [],
  "unresolved": []
 },
 {
  "id": "T4",
  "blockedBy": [],
  "unresolved": []
 },
 {
  "id": "T5",
  "blockedBy": [],
  "unresolved": []
 },
 {
  "id": "T6",
  "blockedBy": [
   "T2"
  ],
  "unresolved": []
 },
 {
  "id": "T7",
  "blockedBy": [
   "T2",
   "T3",
   "T4",
   "T6"
  ],
  "unresolved": []
 },
 {
  "id": "T8",
  "blockedBy": [
   "T7"
  ],
  "unresolved": []
 },
 {
  "id": "T9",
  "blockedBy": [
   "T2",
   "T3",
   "T4",
   "T5",
   "T6"
  ],
  "unresolved": []
 },
 {
  "id": "T10",
  "blockedBy": [
   "T7",
   "T8",
   "T9"
  ],
  "unresolved": []
 }
]
