bun test v1.3.14 (0d9b296a)

packages/mpd-tui-plugin/test/team-surface.test.ts:
(pass) team-workflow projection (read-only, from a real record on disk) > renders the staged roster, the task DAG, counts and mail from the file [15.49ms]
(pass) team-workflow projection (read-only, from a real record on disk) > the depth walk and the failed-dependency marking match the panel's own semantics [0.88ms]
(pass) team-workflow projection (read-only, from a real record on disk) > a pending task behind an UNFINISHED dependency renders BLOCKED [0.45ms]
(pass) team-workflow projection (read-only, from a real record on disk) > a corrupt / absent / cyclic record renders an empty state and never throws [4.35ms]
(pass) team-workflow projection (read-only, from a real record on disk) > the REAL record of this session's own team projects without a hand-built object [34.44ms]
(pass) team-workflow projection (read-only, from a real record on disk) > the board gains exactly the two T3 rows [2.07ms]
(pass) the two surfaces register through the existing tuiScenes seam > all three scene ids are registered with their frozen titles [0.96ms]
(pass) the two surfaces register through the existing tuiScenes seam > a scene renders null instead of crashing when the host kit is absent [1.33ms]
(pass) surface T1 — the team workflow > renders the real record's header, roster, DAG and counts [1.94ms]
(pass) surface T1 — the team workflow > a team that is NOT staged refuses the approval hop with a notice and opens nothing [1.21ms]
(pass) surface T1 — the team workflow > a staged team opens the plan surface and `p` reaches the board [1.43ms]
(pass) surface T1 — the team workflow > a bare `r` refresh re-reads the record without throwing [1.55ms]
(pass) surface T1 — the team workflow > N3 — Ctrl+X in the WORKFLOW scene does nothing (the key does not exist there) [1.46ms]
(pass) surface T1 — the team workflow > the watchdog HOLD is rendered only when the watchdog reports it [10.04ms]
(pass) surface T2 — the plan approval > shows the staged plan, the action block and an EMPTY confirmation echo [3.85ms]
(pass) surface T2 — the plan approval > the precondition failure states the phase and offers only Esc [0.59ms]
(pass) surface T2 — the plan approval > the precondition failure is READ-ONLY: no chord can mutate a non-staged team [2.67ms]
(pass) surface T2 — the plan approval > N2 — Ctrl+X with an EMPTY echo performs no tool call [1.58ms]
(pass) surface T2 — the plan approval > N1 — the phrase for a DIFFERENT team id is inert [6.63ms]
(pass) surface T2 — the plan approval > the exact phrase approves through the injected executor and reports the tool's own result [7.13ms]
(pass) surface T2 — the plan approval > a REFUSED tool result is rendered as a refusal, never as a success [11.15ms]
(pass) surface T2 — the plan approval > an unavailable executor reports the tool as not registered [7.96ms]
(pass) surface T2 — the plan approval > B5 — while a call is in flight EVERY key is ignored (single-flight) [26.20ms]
(pass) surface T2 — the plan approval > the echo is empty again after an `r` refresh (no prefill, no carry-over) [5.23ms]
(pass) surface T2 — the plan approval > contract reconciliation: `r` refreshes while the echo is EMPTY, and never eats the phrase [6.05ms]
(pass) surface T2 — the plan approval > BSpace is the only editing key [3.14ms]
(pass) surface T2 — the plan approval > discard is two-step: one Ctrl+D arms, a second inside the window calls the tool [2.51ms]
(pass) surface T2 — the plan approval > any other key clears the discard arm [5.17ms]
(pass) surface T2 — the plan approval > Esc mutates nothing and returns to the workflow when it was the entry point [2.63ms]
(pass) surface T2 — the plan approval > Esc from the command entry point leaves the scene instead of hopping [0.78ms]
(pass) surface T2 — the plan approval > Escape/keys never select a printable character as an action [0.52ms]
(pass) §9.4 — the ONE render boundary strips control characters (finding F1) > safeLine strips C0/C1 (ESC, BEL, OSC) and clamps cells WITHOUT collapsing indentation [3.64ms]
(pass) §9.4 — the ONE render boundary strips control characters (finding F1) > a tool error carrying ESC/OSC does NOT survive into the rendered row [4.50ms]
(pass) §9.4 — the ONE render boundary strips control characters (finding F1) > a control character in a team DIRECTORY name cannot reach a rendered row [9.75ms]
(pass) §3.1 item 4 — the DAG order (finding F2) > tasks come out ordered by depth, with creation order as the tiebreak [4.39ms]
(pass) §4.5 — the consent echo is consumed only by a SUCCESSFUL approve (finding F3) > a refused approve KEEPS the echo [10.22ms]
(pass) §4.5 — the consent echo is consumed only by a SUCCESSFUL approve (finding F3) > a successful approve CONSUMES the echo [11.09ms]
(pass) t8 — a COMMITTED approval is confirmed on screen (t3's F1) > the verdict renders even though the record has LEFT the staged phase [20.04ms]
(pass) t8 — a COMMITTED approval is confirmed on screen (t3's F1) > a COMMITTED discard reports its own verdict [17.00ms]
(pass) t8 — a COMMITTED approval is confirmed on screen (t3's F1) > with NO settled outcome the precondition failure is UNCHANGED (no verdict row) [0.68ms]
(pass) t8 — a COMMITTED approval is confirmed on screen (t3's F1) > a REFUSED call in the non-usable branch reports the refusal, never a success [8.94ms]
(pass) package invariants > no source file in this package imports a filesystem WRITE primitive [0.75ms]
(pass) package invariants > the built dist carries the two scene ids and no write primitive [1.15ms]
(pass) package invariants > the frozen tool names are the adopted ones [0.06ms]
(pass) package invariants > the mailbox key normalization matches the adopted reader [0.68ms]

packages/mpd-tui-plugin/test/team-surface.test.ts:

 45 pass
 0 fail
 228 expect() calls
Ran 45 tests across 2 files. [519.00ms]
