bun test v1.3.14 (0d9b296a)

packages/mpd-tui-plugin/test/team-surface.test.ts:
(pass) team-workflow projection (read-only, from a real record on disk) > renders the staged roster, the task DAG, counts and mail from the file [7.39ms]
(pass) team-workflow projection (read-only, from a real record on disk) > the depth walk and the failed-dependency marking match the panel's own semantics [0.83ms]
(pass) team-workflow projection (read-only, from a real record on disk) > a pending task behind an UNFINISHED dependency renders BLOCKED [0.49ms]
(pass) team-workflow projection (read-only, from a real record on disk) > a corrupt / absent / cyclic record renders an empty state and never throws [2.98ms]
(pass) team-workflow projection (read-only, from a real record on disk) > the REAL record of this session's own team projects without a hand-built object [16.92ms]
(pass) team-workflow projection (read-only, from a real record on disk) > the board gains exactly the two T3 rows [2.02ms]
(pass) the two surfaces register through the existing tuiScenes seam > all three scene ids are registered with their frozen titles [0.87ms]
(pass) the two surfaces register through the existing tuiScenes seam > a scene renders null instead of crashing when the host kit is absent [1.27ms]
(pass) surface T1 — the team workflow > renders the real record's header, roster, DAG and counts [1.97ms]
(pass) surface T1 — the team workflow > a team that is NOT staged refuses the approval hop with a notice and opens nothing [0.96ms]
(pass) surface T1 — the team workflow > a staged team opens the plan surface and `p` reaches the board [1.34ms]
(pass) surface T1 — the team workflow > a bare `r` refresh re-reads the record without throwing [1.35ms]
(pass) surface T1 — the team workflow > N3 — Ctrl+X in the WORKFLOW scene does nothing (the key does not exist there) [1.17ms]
(pass) surface T1 — the team workflow > the watchdog HOLD is rendered only when the watchdog reports it [5.18ms]
(pass) surface T2 — the plan approval > shows the staged plan, the action block and an EMPTY confirmation echo [1.43ms]
(pass) surface T2 — the plan approval > the precondition failure states the phase and offers only Esc [0.58ms]
(pass) surface T2 — the plan approval > the precondition failure is READ-ONLY: no chord can mutate a non-staged team [1.14ms]
(pass) surface T2 — the plan approval > N2 — Ctrl+X with an EMPTY echo performs no tool call [1.62ms]
(pass) surface T2 — the plan approval > N1 — the phrase for a DIFFERENT team id is inert [5.12ms]
(pass) surface T2 — the plan approval > the exact phrase approves through the injected executor and reports the tool's own result [4.75ms]
(pass) surface T2 — the plan approval > a REFUSED tool result is rendered as a refusal, never as a success [6.81ms]
(pass) surface T2 — the plan approval > an unavailable executor reports the tool as not registered [3.45ms]
(pass) surface T2 — the plan approval > B5 — while a call is in flight EVERY key is ignored (single-flight) [7.28ms]
(pass) surface T2 — the plan approval > the echo is empty again after an `r` refresh (no prefill, no carry-over) [6.08ms]
(pass) surface T2 — the plan approval > contract reconciliation: `r` refreshes while the echo is EMPTY, and never eats the phrase [5.04ms]
(pass) surface T2 — the plan approval > BSpace is the only editing key [1.29ms]
(pass) surface T2 — the plan approval > discard is two-step: one Ctrl+D arms, a second inside the window calls the tool [2.08ms]
(pass) surface T2 — the plan approval > any other key clears the discard arm [3.30ms]
(pass) surface T2 — the plan approval > Esc mutates nothing and returns to the workflow when it was the entry point [4.23ms]
(pass) surface T2 — the plan approval > Esc from the command entry point leaves the scene instead of hopping [0.86ms]
(pass) surface T2 — the plan approval > Escape/keys never select a printable character as an action [0.74ms]
(pass) §9.4 — the ONE render boundary strips control characters (finding F1) > safeLine strips C0/C1 (ESC, BEL, OSC) and clamps cells WITHOUT collapsing indentation [0.57ms]
(pass) §9.4 — the ONE render boundary strips control characters (finding F1) > a tool error carrying ESC/OSC does NOT survive into the rendered row [3.06ms]
(pass) §9.4 — the ONE render boundary strips control characters (finding F1) > a control character in a team DIRECTORY name cannot reach a rendered row [1.97ms]
(pass) §3.1 item 4 — the DAG order (finding F2) > tasks come out ordered by depth, with creation order as the tiebreak [3.37ms]
(pass) §4.5 — the consent echo is consumed only by a SUCCESSFUL approve (finding F3) > a refused approve KEEPS the echo [4.93ms]
(pass) §4.5 — the consent echo is consumed only by a SUCCESSFUL approve (finding F3) > a successful approve CONSUMES the echo [5.09ms]
1002 |     // The record really left the staged phase, so this IS the non-usable branch.
1003 |     expect(readTeamWorkflow(workspace).team?.staged).toBe(false)
1004 |     expect(readTeamWorkflow(workspace).team?.phase).toBe("running")
1005 | 
1006 |     // 1. the frozen §4.5 verdict line: team id + resulting phase + the runtime's counts.
1007 |     expect(rows).toContain("approved: mpd-fixture-1 running · members 2 · tasks 3")
                        ^
error: expect(received).toContain(expected)

Expected to contain: "approved: mpd-fixture-1 running · members 2 · tasks 3"
Received: [ "MPD plan approval — Fixture Team · 100x30",
  "no staged plan for team mpd-fixture-1 (phase running)", "esc back"
]

      at <anonymous> (/root/dshProj/my-power-dsh/packages/mpd-tui-plugin/test/team-surface.test.ts:1007:18)
(fail) t8 — a COMMITTED approval is confirmed on screen (t3's F1) > the verdict renders even though the record has LEFT the staged phase [6.19ms]
(pass) t8 — a COMMITTED approval is confirmed on screen (t3's F1) > a COMMITTED discard reports its own verdict [1.46ms]
(pass) t8 — a COMMITTED approval is confirmed on screen (t3's F1) > with NO settled outcome the precondition failure is UNCHANGED (no verdict row) [0.52ms]
1058 |     render(kit, components[PLAN_SCENE_ID])
1059 |     for (const character of approvalPhrase("mpd-fixture-1")) pressAndRender(kit, components[PLAN_SCENE_ID], character)
1060 |     pressAndRender(kit, components[PLAN_SCENE_ID], "x", { ctrl: true })
1061 |     await Bun.sleep(0)
1062 |     const text = render(kit, components[PLAN_SCENE_ID])
1063 |     expect(text).toContain("approve failed: team is already running")
                        ^
error: expect(received).toContain(expected)

Expected to contain: "approve failed: team is already running"
Received: "MPD plan approval — Fixture Team · 100x30\nno staged plan for team mpd-fixture-1 (phase running)\nesc back"

      at <anonymous> (/root/dshProj/my-power-dsh/packages/mpd-tui-plugin/test/team-surface.test.ts:1063:18)
(fail) t8 — a COMMITTED approval is confirmed on screen (t3's F1) > a REFUSED call in the non-usable branch reports the refusal, never a success [2.88ms]
(pass) package invariants > no source file in this package imports a filesystem WRITE primitive [9.10ms]
(pass) package invariants > the built dist carries the two scene ids and no write primitive [1.23ms]
(pass) package invariants > the frozen tool names are the adopted ones [0.11ms]
(pass) package invariants > the mailbox key normalization matches the adopted reader [0.53ms]

packages/mpd-tui-plugin/test/team-surface.test.ts:

2 tests failed:
(fail) t8 — a COMMITTED approval is confirmed on screen (t3's F1) > the verdict renders even though the record has LEFT the staged phase [6.19ms]
(fail) t8 — a COMMITTED approval is confirmed on screen (t3's F1) > a REFUSED call in the non-usable branch reports the refusal, never a success [2.88ms]

 43 pass
 2 fail
 222 expect() calls
Ran 45 tests across 2 files. [349.00ms]
