[tui-team-surface] fixture written to .mpd/recon/qa/tui-lanes/tui-014b/ws/.mpd/team/teams/mpd-fixture-1.json (sha256 bc7a299fae1f)
[tui-team-surface] plan plan-20261008T030456Z staged for session fixture-captain-session
[tui-team-surface] arm1 A1-apply ok — the REAL plugin apply() registered mpd-tui-board,mpd-tui-team,mpd-tui-plan,mpd-tui-subagents
[tui-team-surface] arm1 A2-plan-scene FAIL — registered scene "mpd-tui-plan" title "MPD 计划审批"
[tui-team-surface] arm1 A3-entry-points ok — command registrations: ["mpd","mpd-model"]
[tui-team-surface] arm1 A4-real-fixture-read FAIL — the surface rendered the record on disk: team
[tui-team-surface] arm1 A5-confirm-step-requested FAIL — verbatim instruction present, required phrase "required", echo at entry ""
[tui-team-surface] arm1 A6-echo-carries-phrase FAIL — the echo after typing is ""
[tui-team-surface] arm1 A7-approval-attempt ok — boundary call {"name":"agent_teams_plan","confirmation":"approve plan-20261008T030456Z","agentId":"fixture-captain-session","callIdPresent":true} (the harness boundary recorded 1 call(s) to agent_teams_plan)
[tui-team-surface] arm1 A8-tool-result-rendered ok — the scene rendered the tool's own structured result: "approved: plan-20261008T030456Z running · members 2 · tasks 2"
[tui-team-surface] arm1 B1-bypassed-runs-refuse ok — every bypassed run failed the approval assertion (the required red): [{"mode":"empty","pass":false,"message":"confirmation does not match this team"},{"mode":"wrong-id","pass":false,"message":"confirmation does not match this team"},{"mode":"cancelled","pass":false,"message":"confirmation does not match this team"}]
[tui-team-surface] arm1 B2-gate-is-what-refused ok — each bypassed run rendered the phrase-gate refusal: ["confirmation does not match this team","confirmation does not match this team","confirmation does not match this team"]
[tui-team-surface] arm1 B3-observation-discriminates ok — approvalHappened true with the phrase typed, false in all 3 bypassed runs
[tui-team-surface] arm1 A10-empty-state-no-throw ok — malformed / non-staged / absent records each rendered the empty state and threw nothing: [{"name":"malformed-record","emptyState":"no staged plan for team (none)","title":""},{"name":"non-staged-record","emptyState":"no staged plan for team mpd-fixture-1 (phase idle)","title":""},{"name":"absent-record","emptyState":"no staged plan for team (none)","title":""}]
[tui-team-surface] arm1 A9-no-write-primitive-in-own-code ok — fixture sha256 unchanged
[tui-team-surface] host: fixture captainSessionId := "1da3987c-d86c-4364-848b-c51603331060" (record e81d32b0f0fa)
[tui-team-surface] host: staged plan plan-20261008T030456Z for session 1da3987c-d86c-4364-848b-c51603331060 (phrase approve plan-20261008T030456Z)
[tui-team-surface] arm2 H1-host-renders-surface ok — the real host rendered the plan surface for the sandbox record: (no title line)
[tui-team-surface] arm2 H2-host-dialog-request ok — the bare /mpd managed dialog listed the Plan entry: Plan | review and approve a staged plan
[tui-team-surface] arm2 H3-host-confirm-step ok — the host rendered the confirmation step and echoed the typed phrase
[tui-team-surface] arm2 H4-real-mutation-via-the-adopted-runtime FAIL — no approval committed: phase="staged" approvedAt=undefined; pane outcome: no-outcome-line
[tui-team-surface] arm2 H4b-outcome-reported-honestly ok — no approval committed and the pane said so: ""
[tui-team-surface] arm2 H5-pane-and-record-agree ok — pane claims approved=false, refusal=false, post-commit empty state=false; record phase="staged" approvedAt=undefined
[tui-team-surface] arm2 H6-real-keystroke-drive ok — tmux captured 6 panes for 5 driven steps (real keystrokes)
[tui-team-surface] non-interference: contract + VENDOR_LOCK unchanged=true
[tui-team-surface] observation: the workspace's OWN live team record changed during the run=false
[tui-team-surface] FAIL -> evidence/tui/team-surface-verify/2026-10-08T03-05-56.134Z
[tui-team-surface] FAIL: [{"id":"A2-plan-scene","ok":false,"note":"registered scene \"mpd-tui-plan\" title \"MPD 计划审批\""},{"id":"A4-real-fixture-read","ok":false,"note":"the surface rendered the record on disk: team"},{"id":"A5-confirm-step-requested","ok":false,"note":"verbatim instruction present, required phrase \"required\", echo at entry \"\""},{"id":"A6-echo-carries-phrase","ok":false,"note":"the echo after typing is \"\""},{"id":"H4-real-mutation-via-the-adopted-runtime","ok":false,"note":"no approval committed: phase=\"staged\" approvedAt=undefined; pane outcome: no-outcome-line"}]
LANE3_EXIT=1
