$ node scripts/install-profile.mjs --yes --dsh-home /tmp/mpd-l2c-live-schema-84afzh/dsh-home --profile mpd-headless --skip-toolchain
[[exit=0]]
[artifacts] shipped state:
[
  {
    "rowId": "mpd-ulw",
    "path": "packages/mpd-ulw-plugin/dist/index.js",
    "sha256": "24122dae82a78f8f4ab9c31c8eb923d9f961fa0b54fdd0293f9bf883faa16bce",
    "carriesRetiredUnconditionalPlanFile": true,
    "carriesFixedConditionalPlanFile": false
  },
  {
    "rowId": "mpd-dsh-adapter",
    "path": "packages/mpd-dsh-adapter-plugin/dist/index.js",
    "sha256": "a030858014af569753c6886ede270b0c70b3357dbff26bba2d463173b7268206",
    "carriesRetiredUnconditionalPlanFile": false,
    "carriesFixedConditionalPlanFile": false
  }
]
$ bun build packages/mpd-ulw-plugin/src/index.ts --target node --format esm --outfile /tmp/mpd-l2c-live-schema-84afzh/builds/mpd-ulw.js
[[exit=0]]
$ bun build packages/mpd-dsh-adapter-plugin/src/index.ts --target node --format esm --outfile /tmp/mpd-l2c-live-schema-84afzh/builds/mpd-dsh-adapter.js
[[exit=0]]
[patch] retargeted rows (ids kept): [{"rowId":"mpd-ulw","from":"/root/dshProj/my-power-dsh/packages/mpd-ulw-plugin/dist/index.js","to":"<sandbox>/builds/mpd-ulw.js"},{"rowId":"mpd-dsh-adapter","from":"/root/dshProj/my-power-dsh/packages/mpd-dsh-adapter-plugin/dist/index.js","to":"<sandbox>/builds/mpd-dsh-adapter.js"}]
[live] $ dsh --profile mpd-headless "Call the mpd_ultrawork tool, then the mpd_ulw tool, then reply with exactly QA-STUB-L2C-USER-DONE." (cwd /tmp/mpd-l2c-live-schema-84afzh/ws-live)
[[exit=0]]
[mpd-codegraph] init status=ok binary=/root/dshProj/my-power-dsh/.toolchain/node_modules/.bin/codegraph cwd=/tmp/mpd-l2c-live-schema-84afzh/ws-live
[mpd-dsh-adapter] mpdDsh provided (harness seams resolved lazily, inject-free)
[mpd-bootstrap] skill corpus served from /root/dshProj/my-power-dsh/skills (provider mpd-bundle, bundle 0.9.1)
[mpd-team-watchdog] applied: enabled=true warnSilenceMs=90000 tickIntervalMs=15000 warnStreakToEscalate=3 actionOnEscalate=pause stateDir=.mpd/team disposers=8 holdService=mpdWatchdog hydratedHolds=0 deadTeamGraceMs=86400000 toolInFlightMaxMs=900000 holdTtlMs=900000 predicate=channel enrichment=on
[mpd-ext] mpdExtensions provided (apiVersion 1) | adapterIdentity=mounted:mpdDsh | tools: mpd_ext_list, mpd_ext_show, mpd_flow_list, mpd_flow_show | skill providers: mpd-ext:mpd-ext-example, mpd-ext:project-plane | project plane: <session workspace>/.mpd/extensions (per call)
[mpd-roles] mpdRoles provided (base roles: 11) | adapterIdentity=mounted:mpdDsh
[mpd-config] settings bridge: registered the "mpd" namespace with the file-derived base (applies:'restart', design §10.1)
QA-STUB-L2C-DONE


