[mpd-team-watchdog] applied: enabled=true warnSilenceMs=90000 tickIntervalMs=15000 warnStreakToEscalate=3 actionOnEscalate=pause stateDir=.mpd/team disposers=5 holdService=mpdWatchdog hydratedHolds=0
[watchdog-fixture] NEVER-STARTED fault-probe task=t1 member=Architect attempt=att-1 — the owner never stamped this task: a dispatch problem, not a wedge; recorded for replay, NO hold, NO escalation record=/root/dshProj/my-power-dsh/evidence/team-watchdog/pause/20260915T172352Z/raw/ws/fault-3x7i5t/.mpd/team/watchdog/incidents.jsonl
[never-started-recorded] the claimed task was never picked up: no heartbeat file exists for its owner
[never-started-recorded] tick => [] (recorded once; the second tick repeats nothing: [])
[never-started-recorded] durable incident: [{"kind":"never-started","taskId":"t1","attemptId":"att-1","scene":null,"hold":"not-requested"}]
[never-started-recorded] notice: [watchdog-fixture] NEVER-STARTED fault-probe task=t1 member=Architect attempt=att-1 — the owner never stamped this task: a dispatch problem, not a wedge; recorded for replay, NO hold, NO escalation record=/root/dshProj/my-power-dsh/evidence/team-watchdog/pause/20260915T172352Z/raw/ws/fault-3x7i5t/.mpd/team/watchdog/incidents.jsonl
[never-started-recorded] no scene (0), no hold (0), record byte-identical: true
[never-started-recorded] => T69-ESCALATE-2: the dispatch problem is now RECORDED and NOTICED, not silent — while still never pausing the team
[mpd-team-watchdog] applied: enabled=true warnSilenceMs=90000 tickIntervalMs=15000 warnStreakToEscalate=3 actionOnEscalate=pause stateDir=.mpd/team disposers=5 holdService=mpdWatchdog hydratedHolds=0
[completed-turn-idle] the member COMPLETED its turn: the newest stamp for t1/att-1 is `turn-end` at 1700000002500
[completed-turn-idle] ticks at silence 90001/180001/270001 ms (the last is > 2x the frozen 90000)
[completed-turn-idle] decisions: [] — NO WARN, NO ESCALATE
[completed-turn-idle] scenes 0, incidents 0, holds 0, record byte-identical: true
[completed-turn-idle] => a completed turn with no re-dispatch is a healthy idle member, not a wedge (T69-ESCALATE-1 fixed)
[mpd-team-watchdog] applied: enabled=true warnSilenceMs=90000 tickIntervalMs=15000 warnStreakToEscalate=3 actionOnEscalate=pause stateDir=.mpd/team disposers=5 holdService=mpdWatchdog hydratedHolds=0
[watchdog-fixture] WARN fault-probe task=t1 member=Architect silence=90001ms streak=1 hold=not-requested scene=/root/dshProj/my-power-dsh/evidence/team-watchdog/pause/20260915T172352Z/raw/ws/fault-cuqcas/.mpd/team/watchdog/scene/fault-probe/20231114T221452Z-warn.json
[watchdog-fixture] WARN fault-probe task=t1 member=Architect silence=180001ms streak=2 hold=not-requested scene=/root/dshProj/my-power-dsh/evidence/team-watchdog/pause/20260915T172352Z/raw/ws/fault-cuqcas/.mpd/team/watchdog/scene/fault-probe/20231114T221622Z-warn.json
[watchdog-fixture] ESCALATE fault-probe task=t1 member=Architect silence=270001ms streak=3 hold=applied scene=/root/dshProj/my-power-dsh/evidence/team-watchdog/pause/20260915T172352Z/raw/ws/fault-cuqcas/.mpd/team/watchdog/scene/fault-probe/20231114T221752Z-escalate.json
[mid-turn-stall] the member STALLED mid-turn: the newest stamp for t1/att-1 is still a `step` at 1700000002000
[mid-turn-stall] ticks at silence 90001/180001/270001 ms
[mid-turn-stall] decisions: ["warn","warn","escalate"] — the wedge STILL escalates
[mid-turn-stall] hold applied: 1 {"id":"7c9a0433-5691-4d57-b0a6-6336e7fcc92a","taskId":"t1","attemptId":"att-1"}
[mid-turn-stall] => the boundary fix does not silence the fault the wave exists for
[mpd-team-watchdog] applied: enabled=true warnSilenceMs=90000 tickIntervalMs=15000 warnStreakToEscalate=3 actionOnEscalate=pause stateDir=.mpd/team disposers=5 holdService=mpdWatchdog hydratedHolds=0
[watchdog-fixture] WARN fault-probe task=t1 member=Architect silence=90001ms streak=1 hold=not-requested scene=/root/dshProj/my-power-dsh/evidence/team-watchdog/pause/20260915T172352Z/raw/ws/fault-jld6ds/.mpd/team/watchdog/scene/fault-probe/20231114T221452Z-warn.json
[member-stops-stepping] the member's turn produced 3 step stamps at 1700000000000, 1700000001000, 1700000002000 and then stopped stepping
[member-stops-stepping] silence is measured from the LAST stamp (1700000002000)
[member-stops-stepping] tick at +89 000 => decisions [] (below the frozen 90 000 threshold)
[member-stops-stepping] tick at +90 001 => decisions ["warn"] (the fault is observed)
[mpd-team-watchdog] applied: enabled=true warnSilenceMs=90000 tickIntervalMs=15000 warnStreakToEscalate=3 actionOnEscalate=pause stateDir=.mpd/team disposers=5 holdService=mpdWatchdog hydratedHolds=0
[watchdog-fixture] WARN fault-probe task=t9 member=captain silence=90001ms streak=1 hold=not-requested scene=/root/dshProj/my-power-dsh/evidence/team-watchdog/pause/20260915T172352Z/raw/ws/fault-r67h6u/.mpd/team/watchdog/scene/fault-probe/20231114T221450Z-warn.json
[captain-wedge] NO agent turn was driven: nothing but the process-level tick runs (agentTurnsDriven 0)
[captain-wedge] the captain's own silence is flagged: [{"type":"warn","assignee":"captain","memberKey":"captain","taskId":"t9","silenceMs":90001}]
[captain-wedge] the member is untouched (its stamp at 50 000 keeps it alive): memberFlagged=false
[captain-wedge] scene written: 1, incident recorded: 1
[mpd-team-watchdog] applied: enabled=true warnSilenceMs=90000 tickIntervalMs=15000 warnStreakToEscalate=3 actionOnEscalate=pause stateDir=.mpd/team disposers=5 holdService=mpdWatchdog hydratedHolds=0
[watchdog-fixture] WARN fault-probe task=t1 member=Architect silence=90001ms streak=1 hold=not-requested scene=/root/dshProj/my-power-dsh/evidence/team-watchdog/pause/20260915T172352Z/raw/ws/fault-20knjq/.mpd/team/watchdog/scene/fault-probe/20231114T221450Z-warn.json
[warn-90s] frozen knobs used: warnSilenceMs=90000, warnStreakToEscalate=3
[warn-90s] tick at silence 89999 ms => 0 decision(s)
[warn-90s] tick at silence 90001 ms => exactly 1 WARN
[warn-90s] snapshot: /root/dshProj/my-power-dsh/evidence/team-watchdog/pause/20260915T172352Z/raw/ws/fault-20knjq/.mpd/team/watchdog/scene/fault-probe/20231114T221450Z-warn.json
[warn-90s] snapshot fields: {"schemaVersion":1,"reason":"warn","cause":{"kind":"silence","ms":90001},"tasks":1,"members":1}
[mpd-team-watchdog] applied: enabled=true warnSilenceMs=90000 tickIntervalMs=15000 warnStreakToEscalate=3 actionOnEscalate=pause stateDir=.mpd/team disposers=5 holdService=mpdWatchdog hydratedHolds=0
[watchdog-fixture] WARN fault-probe task=t1 member=Architect silence=90001ms streak=1 hold=not-requested scene=/root/dshProj/my-power-dsh/evidence/team-watchdog/pause/20260915T172352Z/raw/ws/fault-md5hpx/.mpd/team/watchdog/scene/fault-probe/20231114T221450Z-warn.json
[watchdog-fixture] WARN fault-probe task=t1 member=Architect silence=105001ms streak=2 hold=not-requested scene=/root/dshProj/my-power-dsh/evidence/team-watchdog/pause/20260915T172352Z/raw/ws/fault-md5hpx/.mpd/team/watchdog/scene/fault-probe/20231114T221505Z-warn.json
[watchdog-fixture] ESCALATE fault-probe task=t1 member=Architect silence=120001ms streak=3 hold=applied scene=/root/dshProj/my-power-dsh/evidence/team-watchdog/pause/20260915T172352Z/raw/ws/fault-md5hpx/.mpd/team/watchdog/scene/fault-probe/20231114T221520Z-escalate.json
[watchdog-fixture] WARN fault-probe task=t1 member=Architect silence=90001ms streak=1 hold=applied scene=none
[escalate-3x] tick sequence => ["warn","warn","escalate",""] (warn, warn, escalate, NOTHING)
[escalate-3x] exactly one ESCALATE for the task+attempt, no fourth WARN: true
[escalate-3x] predecessors recorded as WARNs with snapshot paths: true
[escalate-3x] hold applied once: true {"id":"0cc1f523-1ad2-42e3-99de-737b249d7f5b","taskId":"t1","attemptId":"att-1"}
[escalate-3x] retry with a NEW attemptId starts a clean streak: [{"type":"warn","streak":1}]
[mpd-team-watchdog] applied: enabled=true warnSilenceMs=90000 tickIntervalMs=15000 warnStreakToEscalate=3 actionOnEscalate=pause stateDir=.mpd/team disposers=5 holdService=mpdWatchdog hydratedHolds=0
[pause-preserves] the hold landed through the plugin's own action while t1 was in flight: true
[pause-preserves] sha256(team.json) unchanged across the held kicks: true (after the resume it is changed (the re-arm minted the next attempt))
[pause-preserves] deliveries while held: 0 (each decline says: agent-teams: dispatch declined for fault-probe/*: the team is held by the team watchdog (hold 74299c1f-00f5-42ce-801d-9ef6b928df4f since 2026-09-15T17:24:30.082Z: silence))
[pause-preserves] task after the hold: {"status":"in_progress","attemptId":"att-live","attempt":3,"output":"partial result","handoffId":"handoff-1"}
[pause-preserves] resume cleared the hold and dispatch resumed: true / deliveries 1
[mpd-team-watchdog] applied: enabled=true warnSilenceMs=90000 tickIntervalMs=15000 warnStreakToEscalate=3 actionOnEscalate=pause stateDir=.mpd/team disposers=5 holdService=mpdWatchdog hydratedHolds=0
[pause-preserves-halt-control] the SAME fixture, paused by the REAL haltTeamWork: cancelledTasks=1
[pause-preserves-halt-control] t1: {"status":"in_progress","attemptId":"att-live","output":"partial result","handoffId":"handoff-1"}  =>  {"status":"cancelled","attemptId":null,"output":"Stopped from the captain chat.","handoffId":null}
[pause-preserves-halt-control] sha256(team.json) CHANGED: true (this is what reddens AC-17)
[pause-preserves-halt-control] AC-17 is falsifiable: the wrong mechanism leaves the task cancelled with cancelledTasks >= 1
[mpd-team-watchdog] applied: enabled=true warnSilenceMs=90000 tickIntervalMs=15000 warnStreakToEscalate=3 actionOnEscalate=pause stateDir=.mpd/team disposers=5 holdService=mpdWatchdog hydratedHolds=0
[watchdog-fixture] WARN fault-probe task=t1 member=Architect silence=90001ms streak=1 hold=not-requested scene=/root/dshProj/my-power-dsh/evidence/team-watchdog/pause/20260915T172352Z/raw/ws/fault-xw6af5/.mpd/team/watchdog/scene/fault-probe/20231114T221450Z-warn.json
[watchdog-fixture] WARN fault-probe task=t1 member=Architect silence=105001ms streak=2 hold=not-requested scene=/root/dshProj/my-power-dsh/evidence/team-watchdog/pause/20260915T172352Z/raw/ws/fault-xw6af5/.mpd/team/watchdog/scene/fault-probe/20231114T221505Z-warn.json
[watchdog-fixture] ESCALATE fault-probe task=t1 member=Architect silence=120001ms streak=3 hold=applied scene=/root/dshProj/my-power-dsh/evidence/team-watchdog/pause/20260915T172352Z/raw/ws/fault-xw6af5/.mpd/team/watchdog/scene/fault-probe/20231114T221520Z-escalate.json
[scene-restore] scene files on disk: ["20231114T221450Z-warn.json","20231114T221505Z-warn.json","20231114T221520Z-escalate.json","latest.json"]
[scene-restore] latest.json (parsed with plain fs): reason=escalate, team.hold={"id":"c3b26994-159a-43f8-9432-937eaa3f2ae8","since":1789493070099,"cause":"silence","taskId":"t1","attemptId":"att-1"}
[scene-restore] hold record: {"id":"c3b26994-159a-43f8-9432-937eaa3f2ae8","since":1789493070099,"cause":"silence","taskId":"t1","attemptId":"att-1"}
[scene-restore] incident log: warn, warn, escalate
================================================================
t71 (repair round 2) — boundary + fail-safety evidence
repo: /root/dshProj/my-power-dsh
fixture sha256: 34c9efc8c845d3d93890d9e6af8e8c308a8f8b79f8ad56f2ba214b2fda25640c
frozen thresholds: warnSilenceMs 90000 / warnStreakToEscalate 3 (exercised on an INJECTED clock)
================================================================

── case never-started-recorded ── ok=true ──
  the claimed task was never picked up: no heartbeat file exists for its owner
  tick => [] (recorded once; the second tick repeats nothing: [])
  durable incident: [{"kind":"never-started","taskId":"t1","attemptId":"att-1","scene":null,"hold":"not-requested"}]
  notice: [watchdog-fixture] NEVER-STARTED fault-probe task=t1 member=Architect attempt=att-1 — the owner never stamped this task: a dispatch problem, not a wedge; recorded for replay, NO hold, NO escalation record=/root/dshProj/my-power-dsh/evidence/team-watchdog/pause/20260915T172352Z/raw/ws/fault-3x7i5t/.mpd/team/watchdog/incidents.jsonl
  no scene (0), no hold (0), record byte-identical: true
  => T69-ESCALATE-2: the dispatch problem is now RECORDED and NOTICED, not silent — while still never pausing the team

── case completed-turn-idle ── ok=true ──
  the member COMPLETED its turn: the newest stamp for t1/att-1 is `turn-end` at 1700000002500
  ticks at silence 90001/180001/270001 ms (the last is > 2x the frozen 90000)
  decisions: [] — NO WARN, NO ESCALATE
  scenes 0, incidents 0, holds 0, record byte-identical: true
  => a completed turn with no re-dispatch is a healthy idle member, not a wedge (T69-ESCALATE-1 fixed)

── case mid-turn-stall ── ok=true ──
  the member STALLED mid-turn: the newest stamp for t1/att-1 is still a `step` at 1700000002000
  ticks at silence 90001/180001/270001 ms
  decisions: ["warn","warn","escalate"] — the wedge STILL escalates
  hold applied: 1 {"id":"7c9a0433-5691-4d57-b0a6-6336e7fcc92a","taskId":"t1","attemptId":"att-1"}
  => the boundary fix does not silence the fault the wave exists for

── case member-stops-stepping ── ok=true ──
  the member's turn produced 3 step stamps at 1700000000000, 1700000001000, 1700000002000 and then stopped stepping
  silence is measured from the LAST stamp (1700000002000)
  tick at +89 000 => decisions [] (below the frozen 90 000 threshold)
  tick at +90 001 => decisions ["warn"] (the fault is observed)

── case captain-wedge ── ok=true ──
  NO agent turn was driven: nothing but the process-level tick runs (agentTurnsDriven 0)
  the captain's own silence is flagged: [{"type":"warn","assignee":"captain","memberKey":"captain","taskId":"t9","silenceMs":90001}]
  the member is untouched (its stamp at 50 000 keeps it alive): memberFlagged=false
  scene written: 1, incident recorded: 1

── case warn-90s ── ok=true ──
  frozen knobs used: warnSilenceMs=90000, warnStreakToEscalate=3
  tick at silence 89999 ms => 0 decision(s)
  tick at silence 90001 ms => exactly 1 WARN
  snapshot: /root/dshProj/my-power-dsh/evidence/team-watchdog/pause/20260915T172352Z/raw/ws/fault-20knjq/.mpd/team/watchdog/scene/fault-probe/20231114T221450Z-warn.json
  snapshot fields: {"schemaVersion":1,"reason":"warn","cause":{"kind":"silence","ms":90001},"tasks":1,"members":1}

── case escalate-3x ── ok=true ──
  tick sequence => ["warn","warn","escalate",""] (warn, warn, escalate, NOTHING)
  exactly one ESCALATE for the task+attempt, no fourth WARN: true
  predecessors recorded as WARNs with snapshot paths: true
  hold applied once: true {"id":"0cc1f523-1ad2-42e3-99de-737b249d7f5b","taskId":"t1","attemptId":"att-1"}
  retry with a NEW attemptId starts a clean streak: [{"type":"warn","streak":1}]

── case pause-preserves ── ok=true ──
  the hold landed through the plugin's own action while t1 was in flight: true
  sha256(team.json) unchanged across the held kicks: true (after the resume it is changed (the re-arm minted the next attempt))
  deliveries while held: 0 (each decline says: agent-teams: dispatch declined for fault-probe/*: the team is held by the team watchdog (hold 74299c1f-00f5-42ce-801d-9ef6b928df4f since 2026-09-15T17:24:30.082Z: silence))
  task after the hold: {"status":"in_progress","attemptId":"att-live","attempt":3,"output":"partial result","handoffId":"handoff-1"}
  resume cleared the hold and dispatch resumed: true / deliveries 1

── case pause-preserves-halt-control ── ok=true ──
  the SAME fixture, paused by the REAL haltTeamWork: cancelledTasks=1
  t1: {"status":"in_progress","attemptId":"att-live","output":"partial result","handoffId":"handoff-1"}  =>  {"status":"cancelled","attemptId":null,"output":"Stopped from the captain chat.","handoffId":null}
  sha256(team.json) CHANGED: true (this is what reddens AC-17)
  AC-17 is falsifiable: the wrong mechanism leaves the task cancelled with cancelledTasks >= 1

── case scene-restore ── ok=true ──
  scene files on disk: ["20231114T221450Z-warn.json","20231114T221505Z-warn.json","20231114T221520Z-escalate.json","latest.json"]
  latest.json (parsed with plain fs): reason=escalate, team.hold={"id":"c3b26994-159a-43f8-9432-937eaa3f2ae8","since":1789493070099,"cause":"silence","taskId":"t1","attemptId":"att-1"}
  hold record: {"id":"c3b26994-159a-43f8-9432-937eaa3f2ae8","since":1789493070099,"cause":"silence","taskId":"t1","attemptId":"att-1"}
  incident log: warn, warn, escalate

── THE BOUNDARY PAIR (falsifiable both ways) ──
  {"completedTurnEscalated":false,"completedTurnWarned":false,"completedTurnBeyond2xThreshold":true,"midTurnStallEscalated":true,"midTurnStallHeld":true,"ok":true}

── T69-REGISTRY-1 (recorded, NOT fixed) ──
  The hand-mutated-registry refusal could NOT be reproduced in the steady state: when every region is present the applier has nothing to heal, so a mutated context window is never consulted.
  A GREEN `node scripts/patch-agent-teams-fixes.mjs --check` IS NOT A WINDOW-INTEGRITY PROOF. It proves the marked regions match the registry bytes; it does not re-derive that each entry's context pair is still unique on the region-stripped skeleton.

── verdicts ──
  PASS  never-started-recorded
  PASS  completed-turn-idle
  PASS  mid-turn-stall
  PASS  member-stops-stepping
  PASS  captain-wedge
  PASS  warn-90s
  PASS  escalate-3x
  PASS  pause-preserves
  PASS  pause-preserves-halt-control
  PASS  scene-restore
  PASS  boundary-contrast

── NOT CLAIMED ──
  - W-3: a GENUINE provider wedge is not reproducible here. Every case injects SILENCE (the absence of new heartbeats); no case may claim that a real wedge was caught.
  - The harness is stubbed (ctx services, agents, subagents, logger). The scheduler, the watchdog engine/machine/store and the halt path are the REAL modules; the surrounding host is not.
  - No live dsh host, no model credential, no network: the fixture never boots a session.
  - `haltTeamWork` cancels; the fixture does not claim that the halt path is ever the RIGHT mechanism — it exists to show that AC-17 goes RED when the pause is built on it.
