=== register partition re-check (three directions) — .mpd/TODO.md sha256 bb7bd158a289ab60 ===
§8.2 FIXED rows            = 36
§8.3 ALREADY-FIXED rows    = 3  -> T-04 T-07 T-38
§8.4 PARTIAL rows          = 5  -> T-05 T-16 T-18 T-19 T-48
touched (union, originals) = 44
§8.5 untouched originals   = 16
§8.5 also lists            = T-67
ARITHMETIC                 = 36 + 3 + 5 + 16 = 60 (must be 60)
§8.6 new rows              = 27; ids: T-61 T-62 T-63 T-64 T-65 T-66 T-67 T-68 T-69 T-70 T-71 T-72 T-75 T-76 T-77 T-78 T-79 T-80 T-81 T-82 T-83 T-73 T-74 T-84 T-85 T-86 T-87
DIRECTION 1 (internal)     = DISAGREEMENT
DIRECTION 2 (coverage list from the team record) = DISAGREEMENT — every FIXED item carries an implementation task, no UNTOUCHED item does
DIRECTION 3 (§8.1 prose vs the sections) = {'fixed': 36, 'touched': 44, 'untouched': 16, 'new rows': 27}
DISAGREEMENTS              = 36
  - T-01: called FIXED but no implementation task claims coverageOf it
  - T-02: called FIXED but no implementation task claims coverageOf it
  - T-03: called FIXED but no implementation task claims coverageOf it
  - T-09: called FIXED but no implementation task claims coverageOf it
  - T-10: called FIXED but no implementation task claims coverageOf it
  - T-12: called FIXED but no implementation task claims coverageOf it
  - T-17: called FIXED but no implementation task claims coverageOf it
  - T-20: called FIXED but no implementation task claims coverageOf it
  - T-21: called FIXED but no implementation task claims coverageOf it
  - T-22: called FIXED but no implementation task claims coverageOf it
  - T-23: called FIXED but no implementation task claims coverageOf it
  - T-24: called FIXED but no implementation task claims coverageOf it
  - T-26: called FIXED but no implementation task claims coverageOf it
  - T-31: called FIXED but no implementation task claims coverageOf it
  - T-32: called FIXED but no implementation task claims coverageOf it
  - T-33: called FIXED but no implementation task claims coverageOf it
  - T-35: called FIXED but no implementation task claims coverageOf it
  - T-36: called FIXED but no implementation task claims coverageOf it
  - T-37: called FIXED but no implementation task claims coverageOf it
  - T-39: called FIXED but no implementation task claims coverageOf it
  - T-40: called FIXED but no implementation task claims coverageOf it
  - T-43: called FIXED but no implementation task claims coverageOf it
  - T-45: called FIXED but no implementation task claims coverageOf it
  - T-46: called FIXED but no implementation task claims coverageOf it
  - T-49: called FIXED but no implementation task claims coverageOf it
  - T-50: called FIXED but no implementation task claims coverageOf it
  - T-51: called FIXED but no implementation task claims coverageOf it
  - T-52: called FIXED but no implementation task claims coverageOf it
  - T-53: called FIXED but no implementation task claims coverageOf it
  - T-54: called FIXED but no implementation task claims coverageOf it
  - T-55: called FIXED but no implementation task claims coverageOf it
  - T-56: called FIXED but no implementation task claims coverageOf it
  - T-57: called FIXED but no implementation task claims coverageOf it
  - T-58: called FIXED but no implementation task claims coverageOf it
  - T-59: called FIXED but no implementation task claims coverageOf it
  - T-60: called FIXED but no implementation task claims coverageOf it
