[mpd-codegraph] init status=ok binary=/root/dshProj/my-power-dsh/.toolchain/node_modules/.bin/codegraph cwd=/tmp/mpd-c2-cgqcVJ/ws
[mpd-dsh-adapter] mpdDsh provided (harness seams resolved lazily, inject-free)
[mpd-bootstrap] skill corpus served from /root/dshProj/my-power-dsh/skills (provider mpd-bundle, bundle 0.9.1)
[mpd-team-watchdog] applied: enabled=true warnSilenceMs=90000 tickIntervalMs=15000 warnStreakToEscalate=3 actionOnEscalate=pause stateDir=.mpd/team disposers=8 holdService=mpdWatchdog hydratedHolds=0 deadTeamGraceMs=86400000 toolInFlightMaxMs=900000 holdTtlMs=900000 predicate=channel enrichment=on
[mpd-ext] mpdExtensions provided (apiVersion 1) | adapterIdentity=mounted:mpdDsh | tools: mpd_ext_list, mpd_ext_show, mpd_flow_list, mpd_flow_show | skill providers: mpd-ext:mpd-ext-example, mpd-ext:project-plane | project plane: <session workspace>/.mpd/extensions (per call)
[mpd-roles] mpdRoles provided (base roles: 11) | adapterIdentity=mounted:mpdDsh
[mpd-config] settings bridge: registered the "mpd" namespace with the file-derived base (applies:'restart', design §10.1)
Done. Independently re-verified the artifact myself on top of the ultrawork run.

## Result

| Field | Value |
|---|---|
| **status** | `complete` |
| **rounds** | `1` (of maxRounds=2 — converged on the first round, no second round needed) |
| **verdict** | `n/a` (light tier, no plan file ⇒ no plan gate / momus verification gate) |
| **state file** | `/tmp/mpd-c2-cgqcVJ/ws/.mpd/ulw/ulw-d7549a02/state.json` |

## Criteria states

| Key | Criterion | State |
|---|---|---|
| C1 | `utils.txt` exists in the workspace root | `clean` |
| C2 | Contains exactly three lines — `alpha`, `beta`, `gamma` in that order (exact bytes) | `clean` |
| C3 | Real line-oriented surface consumes exactly three ordered lines | `clean` |

All three criteria are `clean` (PIN→RED→GREEN→SURFACE→CLEAN), `fruitlessWaves: 0`.

## Independent check

```
$ cat -A utils.txt        $ wc -l utils.txt
alpha$                    3 utils.txt
beta$
gamma$
```

`cat -A` shows three newline-terminated lines with no trailing whitespace, no CRLF, no fourth line; `wc -l` = 3. Matches C2's recorded byte-level evidence (`od -c` → `alpha\nbeta\ngamma\n`, 17 bytes).

**Deliverable:** `/tmp/mpd-c2-cgqcVJ/ws/utils.txt`
dsh: reasoning:
Let me verify the file and read state.json for criteria states.
dsh: reasoning:
Verified. Report results.

Note `wc -l utils.txt` gave 3 and cat -A shows alpha$, beta$, gamma$ — exactly three lines with trailing newline. Wait, `wc -l` counted 3 which means there are 3 newlines; the last line gamma has a trailing $ meaning newline. Good.

Report status, rounds, criteria states, state file path.
