# T-21 reload-check applied to the adopted-agent-teams lib, against the LIVE session
# captured 2026-09-17T03:14:44Z   helper: scripts/mpd-bg.mjs (t23), self-test 13/13

## the task whose fix this reading concerns
t36 subject: Impl — lane B5: a terminal task is never re-offered to a seat (T-07, measured live)
t36 status/assignee/updatedAt: completed/watchdog-engineer/2026-09-17T02:40:21.122Z
t36 changedPaths: ["packages/mpd-agent-teams-plugin/lib/scheduler.js","packages/mpd-agent-teams-plugin/lib/mpd-deltas.js","packages/mpd-agent-teams-plugin/self-fix-tests/terminal-dispatch.test.mjs","evidence/agent-teams/terminal-dispatch/20260917T023700Z/result.json","evidence/agent-teams/terminal-dispatch/20260917T023700Z/output.log","evidence/agent-teams/terminal-dispatch/20260917T023700Z/raw/red-probe.mjs","evidence/agent-teams/terminal-dispatch/20260917T023700Z/raw/red-seeded-probe.mjs","evidence/agent-teams/terminal-dispatch/20260917T023700Z/raw/tests.log","evidence/agent-teams/terminal-dispatch/20260917T023700Z/raw/registry-check.log","evidence/agent-teams/terminal-dispatch/20260917T023700Z/raw/typecheck.log"]

## every adopted-lib module vs the newest live session start
## helper line format: <VERDICT> module=<path> mtime=<iso> newest-session=<dir> mtime=<iso>
capabilities.js        [mpd-bg] FRESH module=packages/mpd-agent-teams-plugin/lib/capabilities.js mtime=2026-09-14T18:22:57.378Z newest-session=/root/.dsh/sessions/--root-dshProj-my-power-dsh--/35adc693-ce37-4d8e-92c2-6fdddeeedd1e mtime=2026-09-17T02:10:11.323Z — the module predates the newest session
client.js              [mpd-bg] FRESH module=packages/mpd-agent-teams-plugin/lib/client.js mtime=2026-09-14T18:22:57.378Z newest-session=/root/.dsh/sessions/--root-dshProj-my-power-dsh--/35adc693-ce37-4d8e-92c2-6fdddeeedd1e mtime=2026-09-17T02:10:11.323Z — the module predates the newest session
command.js             [mpd-bg] FRESH module=packages/mpd-agent-teams-plugin/lib/command.js mtime=2026-09-14T18:22:57.380Z newest-session=/root/.dsh/sessions/--root-dshProj-my-power-dsh--/35adc693-ce37-4d8e-92c2-6fdddeeedd1e mtime=2026-09-17T02:10:11.323Z — the module predates the newest session
events.js              [mpd-bg] FRESH module=packages/mpd-agent-teams-plugin/lib/events.js mtime=2026-09-14T18:22:57.381Z newest-session=/root/.dsh/sessions/--root-dshProj-my-power-dsh--/35adc693-ce37-4d8e-92c2-6fdddeeedd1e mtime=2026-09-17T02:10:11.323Z — the module predates the newest session
event-types.js         [mpd-bg] FRESH module=packages/mpd-agent-teams-plugin/lib/event-types.js mtime=2026-09-14T18:22:57.380Z newest-session=/root/.dsh/sessions/--root-dshProj-my-power-dsh--/35adc693-ce37-4d8e-92c2-6fdddeeedd1e mtime=2026-09-17T02:10:11.323Z — the module predates the newest session
harness-compat.js      [mpd-bg] FRESH module=packages/mpd-agent-teams-plugin/lib/harness-compat.js mtime=2026-09-14T18:22:57.381Z newest-session=/root/.dsh/sessions/--root-dshProj-my-power-dsh--/35adc693-ce37-4d8e-92c2-6fdddeeedd1e mtime=2026-09-17T02:10:11.323Z — the module predates the newest session
index.js               [mpd-bg] FRESH module=packages/mpd-agent-teams-plugin/lib/index.js mtime=2026-09-14T18:22:57.382Z newest-session=/root/.dsh/sessions/--root-dshProj-my-power-dsh--/35adc693-ce37-4d8e-92c2-6fdddeeedd1e mtime=2026-09-17T02:10:11.323Z — the module predates the newest session
members.js             [mpd-bg] FRESH module=packages/mpd-agent-teams-plugin/lib/members.js mtime=2026-09-17T01:49:03.581Z newest-session=/root/.dsh/sessions/--root-dshProj-my-power-dsh--/35adc693-ce37-4d8e-92c2-6fdddeeedd1e mtime=2026-09-17T02:10:11.323Z — the module predates the newest session
mpd-deltas.js          [mpd-bg] RESTART-REQUIRED module=packages/mpd-agent-teams-plugin/lib/mpd-deltas.js mtime=2026-09-17T02:34:15.760Z newest-session=/root/.dsh/sessions/--root-dshProj-my-power-dsh--/35adc693-ce37-4d8e-92c2-6fdddeeedd1e mtime=2026-09-17T02:10:11.323Z — dsh caches plugin modules at session start (T-21): restart dsh before judging this edit
profiles.js            [mpd-bg] FRESH module=packages/mpd-agent-teams-plugin/lib/profiles.js mtime=2026-09-14T18:22:57.385Z newest-session=/root/.dsh/sessions/--root-dshProj-my-power-dsh--/35adc693-ce37-4d8e-92c2-6fdddeeedd1e mtime=2026-09-17T02:10:11.323Z — the module predates the newest session
quality-gates.js       [mpd-bg] RESTART-REQUIRED module=packages/mpd-agent-teams-plugin/lib/quality-gates.js mtime=2026-09-17T02:16:36.026Z newest-session=/root/.dsh/sessions/--root-dshProj-my-power-dsh--/35adc693-ce37-4d8e-92c2-6fdddeeedd1e mtime=2026-09-17T02:10:11.323Z — dsh caches plugin modules at session start (T-21): restart dsh before judging this edit
scheduler.js           [mpd-bg] RESTART-REQUIRED module=packages/mpd-agent-teams-plugin/lib/scheduler.js mtime=2026-09-17T02:34:15.597Z newest-session=/root/.dsh/sessions/--root-dshProj-my-power-dsh--/35adc693-ce37-4d8e-92c2-6fdddeeedd1e mtime=2026-09-17T02:10:11.323Z — dsh caches plugin modules at session start (T-21): restart dsh before judging this edit
session-start.js       [mpd-bg] FRESH module=packages/mpd-agent-teams-plugin/lib/session-start.js mtime=2026-09-14T18:22:57.386Z newest-session=/root/.dsh/sessions/--root-dshProj-my-power-dsh--/35adc693-ce37-4d8e-92c2-6fdddeeedd1e mtime=2026-09-17T02:10:11.323Z — the module predates the newest session
snapshot.js            [mpd-bg] FRESH module=packages/mpd-agent-teams-plugin/lib/snapshot.js mtime=2026-09-14T18:22:57.386Z newest-session=/root/.dsh/sessions/--root-dshProj-my-power-dsh--/35adc693-ce37-4d8e-92c2-6fdddeeedd1e mtime=2026-09-17T02:10:11.323Z — the module predates the newest session
state.js               [mpd-bg] FRESH module=packages/mpd-agent-teams-plugin/lib/state.js mtime=2026-09-17T02:08:10.222Z newest-session=/root/.dsh/sessions/--root-dshProj-my-power-dsh--/35adc693-ce37-4d8e-92c2-6fdddeeedd1e mtime=2026-09-17T02:10:11.323Z — the module predates the newest session
tool-names.js          [mpd-bg] RESTART-REQUIRED module=packages/mpd-agent-teams-plugin/lib/tool-names.js mtime=2026-09-17T02:17:38.266Z newest-session=/root/.dsh/sessions/--root-dshProj-my-power-dsh--/35adc693-ce37-4d8e-92c2-6fdddeeedd1e mtime=2026-09-17T02:10:11.323Z — dsh caches plugin modules at session start (T-21): restart dsh before judging this edit
tools.js               [mpd-bg] FRESH module=packages/mpd-agent-teams-plugin/lib/tools.js mtime=2026-09-17T02:08:10.225Z newest-session=/root/.dsh/sessions/--root-dshProj-my-power-dsh--/35adc693-ce37-4d8e-92c2-6fdddeeedd1e mtime=2026-09-17T02:10:11.323Z — the module predates the newest session
types.js               [mpd-bg] FRESH module=packages/mpd-agent-teams-plugin/lib/types.js mtime=2026-09-14T18:22:57.387Z newest-session=/root/.dsh/sessions/--root-dshProj-my-power-dsh--/35adc693-ce37-4d8e-92c2-6fdddeeedd1e mtime=2026-09-17T02:10:11.323Z — the module predates the newest session
web-routes.js          [mpd-bg] FRESH module=packages/mpd-agent-teams-plugin/lib/web-routes.js mtime=2026-09-14T18:22:57.388Z newest-session=/root/.dsh/sessions/--root-dshProj-my-power-dsh--/35adc693-ce37-4d8e-92c2-6fdddeeedd1e mtime=2026-09-17T02:10:11.323Z — the module predates the newest session

## how t36 measured its own route (fresh process, therefore unaffected by the stale cache)
77:  const module = await import(pathToFileURL(join(root, "lib", "scheduler.js")).href)
