[redact] WROTE evidence/install-deps/captain-cross-check/20260920T033545Z/boot.log (1)
[redact] WROTE evidence/install-deps/captain-cross-check/20260920T034916Z-f3-repro/boot-after-repair.log (1)
[redact] WROTE evidence/install-deps/guard-probes/20260920T031406Z/boot2.log (1)
[redact] WROTE evidence/install-deps/guard-probes/20260920T031406Z/boot3.log (1)
[redact] WROTE evidence/install-deps/guard-probes/20260920T031406Z/boot4.log (1)
[redact] WROTE evidence/install-deps/implementation/w1-five-compositions/run-20260920T0328Z/comp1_web_bundle_only/boot.log (1)
[redact] WROTE evidence/install-deps/implementation/w1-five-compositions/run-20260920T0328Z/comp2_web_aggregate_after/boot.log (1)
[redact] WROTE evidence/install-deps/implementation/w1-five-compositions/run-20260920T0328Z/comp3_web_aggregate_before/boot.log (1)
[redact] WROTE evidence/install-deps/implementation/w1-five-compositions/run-20260920T0328Z/comp5_web_package_absent/boot.log (1)
[redact] WROTE evidence/install-deps/implementation/w1-five-compositions/run-20260920T0328Z/comp6_packed_artifact/boot.log (1)
[redact] WROTE evidence/install-deps/qa-case/2026-09-20T03-28-36.847Z/boot-bundle-only.log (1)
[redact] WROTE evidence/install-deps/qa-case/2026-09-20T03-28-36.847Z/boot-package-absent.log (1)
[redact] WROTE evidence/install-deps/qa-case/2026-09-20T03-28-36.847Z/result.json (2)
[redact] WROTE evidence/install-deps/qa-case/2026-09-20T03-34-42.286Z/boot-aggregate-first.log (1)
[redact] WROTE evidence/install-deps/qa-case/2026-09-20T03-34-42.286Z/boot-bundle-only.log (1)
[redact] WROTE evidence/install-deps/qa-case/2026-09-20T03-34-42.286Z/boot-mpd-first-aggregate-after.log (1)
[redact] WROTE evidence/install-deps/qa-case/2026-09-20T03-34-42.286Z/boot-package-absent.log (1)
[redact] WROTE evidence/install-deps/qa-case/2026-09-20T03-34-42.286Z/result.json (4)
[redact] WROTE evidence/install-deps/qa-case/2026-09-20T03-36-35.620Z/boot-aggregate-first.log (1)
[redact] WROTE evidence/install-deps/qa-case/2026-09-20T03-36-35.620Z/boot-bundle-only.log (1)
[redact] WROTE evidence/install-deps/qa-case/2026-09-20T03-36-35.620Z/boot-mpd-first-aggregate-after.log (1)
[redact] WROTE evidence/install-deps/qa-case/2026-09-20T03-36-35.620Z/boot-package-absent.log (1)
[redact] WROTE evidence/install-deps/qa-case/2026-09-20T03-36-35.620Z/result.json (4)
[redact] WROTE evidence/install-deps/qa-case/2026-09-20T03-38-22.113Z/boot-aggregate-first.log (1)
[redact] WROTE evidence/install-deps/qa-case/2026-09-20T03-38-22.113Z/boot-bundle-only.log (1)
[redact] WROTE evidence/install-deps/qa-case/2026-09-20T03-38-22.113Z/boot-mpd-first-aggregate-after.log (1)
[redact] WROTE evidence/install-deps/qa-case/2026-09-20T03-38-22.113Z/boot-package-absent.log (1)
[redact] WROTE evidence/install-deps/qa-case/2026-09-20T03-38-22.113Z/result.json (4)
[redact] WROTE evidence/install-deps/repair-f1/qa-case-rerun/2026-09-20T04-23-33.669Z/boot-aggregate-first.log (1)
[redact] WROTE evidence/install-deps/repair-f1/qa-case-rerun/2026-09-20T04-23-33.669Z/boot-bundle-only.log (1)
[redact] WROTE evidence/install-deps/repair-f1/qa-case-rerun/2026-09-20T04-23-33.669Z/boot-mpd-first-aggregate-after.log (1)
[redact] WROTE evidence/install-deps/repair-f1/qa-case-rerun/2026-09-20T04-23-33.669Z/boot-package-absent.log (1)
[redact] WROTE evidence/install-deps/repair-f1/qa-case-rerun/2026-09-20T04-23-33.669Z/result.json (4)
[redact] WROTE evidence/install-deps/repair-f1/runs/2026-09-20T04-27-07.047Z-after-decoys/decoy-comment-layer.boot.log (1)
[redact] WROTE evidence/install-deps/repair-f1/runs/2026-09-20T04-27-07.047Z-after-decoys/decoy-disabled-row.boot.log (1)
[redact] WROTE evidence/install-deps/repair-r2/qa-case-rerun/2026-09-20T03-59-54.395Z/boot-aggregate-first.log (1)
[redact] WROTE evidence/install-deps/repair-r2/qa-case-rerun/2026-09-20T03-59-54.395Z/boot-bundle-only.log (1)
[redact] WROTE evidence/install-deps/repair-r2/qa-case-rerun/2026-09-20T03-59-54.395Z/boot-mpd-first-aggregate-after.log (1)
[redact] WROTE evidence/install-deps/repair-r2/qa-case-rerun/2026-09-20T03-59-54.395Z/boot-package-absent.log (1)
[redact] WROTE evidence/install-deps/repair-r2/qa-case-rerun/2026-09-20T03-59-54.395Z/result.json (4)
[redact] WROTE evidence/install-deps/repair-r2/runs/2026-09-20T03-51-58.076Z/result.json (8)
[redact] WROTE evidence/install-deps/repair-r2/runs/2026-09-20T03-55-02.703Z/result.json (1)
[redact] WROTE evidence/install-deps/repair-r2/runs/2026-09-20T03-57-10.615Z/result.json (8)
[redact] WROTE evidence/install-deps/verification-final/logs/A1-bundle-only.boot.log (1)
[redact] WROTE evidence/install-deps/verification-final/logs/D1-decoy-comment-only.boot.log (1)
[redact] WROTE evidence/install-deps/verification-final/logs/P3-patch-overlay-space-mounts.boot.log (1)
[redact] WROTE evidence/install-deps/verification-final/logs/P4-patch-overlay-equals-mounts.boot.log (1)
[redact] redacted 77 token value(s) in 47 of 401 file(s)
